GT folder: datasets/RSSCN7-dataset/test/HR
Gen folder: /root/autodl-tmp/TransENet_base/experiment/results/COMSNET_RSSCN7_x3_w32_20260717_035718/x3
Image extension: .png
Crop border: 3
Workers: 1
Found 1400 images
  1 - aGrass_a003              . 	SCC: 0.404481, 	SAM: 0.049030
  2 - aGrass_a007              . 	SCC: 0.343142, 	SAM: 0.069990
  3 - aGrass_a008              . 	SCC: 0.413008, 	SAM: 0.043853
  4 - aGrass_a009              . 	SCC: 0.393757, 	SAM: 0.049156
  5 - aGrass_a010              . 	SCC: 0.375592, 	SAM: 0.071767
  6 - aGrass_a011              . 	SCC: 0.412113, 	SAM: 0.051254
  7 - aGrass_a012              . 	SCC: 0.392036, 	SAM: 0.040410
  8 - aGrass_a019              . 	SCC: 0.325611, 	SAM: 0.043701
  9 - aGrass_a020              . 	SCC: 0.293623, 	SAM: 0.046549
 10 - aGrass_a026              . 	SCC: 0.341930, 	SAM: 0.045956
 11 - aGrass_a027              . 	SCC: 0.257191, 	SAM: 0.096134
 12 - aGrass_a030              . 	SCC: 0.255173, 	SAM: 0.089932
 13 - aGrass_a031              . 	SCC: 0.335750, 	SAM: 0.085133
 14 - aGrass_a032              . 	SCC: 0.343026, 	SAM: 0.067260
 15 - aGrass_a035              . 	SCC: 0.415086, 	SAM: 0.044430
 16 - aGrass_a038              . 	SCC: 0.353845, 	SAM: 0.049324
 17 - aGrass_a039              . 	SCC: 0.375113, 	SAM: 0.048303
 18 - aGrass_a044              . 	SCC: 0.369889, 	SAM: 0.050142
 19 - aGrass_a046              . 	SCC: 0.330369, 	SAM: 0.048412
 20 - aGrass_a049              . 	SCC: 0.349838, 	SAM: 0.038108
 21 - aGrass_a054              . 	SCC: 0.318807, 	SAM: 0.044848
 22 - aGrass_a056              . 	SCC: 0.327778, 	SAM: 0.050230
 23 - aGrass_a060              . 	SCC: 0.382245, 	SAM: 0.124014
 24 - aGrass_a061              . 	SCC: 0.264901, 	SAM: 0.063907
 25 - aGrass_a063              . 	SCC: 0.229865, 	SAM: 0.101702
 26 - aGrass_a065              . 	SCC: 0.307643, 	SAM: 0.088122
 27 - aGrass_a066              . 	SCC: 0.325362, 	SAM: 0.078603
 28 - aGrass_a067              . 	SCC: 0.328134, 	SAM: 0.081579
 29 - aGrass_a069              . 	SCC: 0.289026, 	SAM: 0.080630
 30 - aGrass_a070              . 	SCC: 0.363088, 	SAM: 0.033001
 31 - aGrass_a073              . 	SCC: 0.264448, 	SAM: 0.105653
 32 - aGrass_a075              . 	SCC: 0.288147, 	SAM: 0.044081
 33 - aGrass_a076              . 	SCC: 0.229160, 	SAM: 0.074471
 34 - aGrass_a078              . 	SCC: 0.164827, 	SAM: 0.188649
 35 - aGrass_a085              . 	SCC: 0.290472, 	SAM: 0.095956
 36 - aGrass_a086              . 	SCC: 0.364389, 	SAM: 0.091210
 37 - aGrass_a087              . 	SCC: 0.294411, 	SAM: 0.111928
 38 - aGrass_a089              . 	SCC: 0.351979, 	SAM: 0.111859
 39 - aGrass_a090              . 	SCC: 0.293666, 	SAM: 0.068212
 40 - aGrass_a091              . 	SCC: 0.313858, 	SAM: 0.067357
 41 - aGrass_a094              . 	SCC: 0.303444, 	SAM: 0.079402
 42 - aGrass_a095              . 	SCC: 0.293207, 	SAM: 0.119644
 43 - aGrass_a097              . 	SCC: 0.294069, 	SAM: 0.076004
 44 - aGrass_a098              . 	SCC: 0.343055, 	SAM: 0.068990
 45 - aGrass_a100              . 	SCC: 0.357077, 	SAM: 0.061493
 46 - aGrass_a101              . 	SCC: 0.341228, 	SAM: 0.084192
 47 - aGrass_a103              . 	SCC: 0.255856, 	SAM: 0.063045
 48 - aGrass_a104              . 	SCC: 0.275412, 	SAM: 0.066941
 49 - aGrass_a105              . 	SCC: 0.269130, 	SAM: 0.069760
 50 - aGrass_a106              . 	SCC: 0.255092, 	SAM: 0.051796
 51 - aGrass_a107              . 	SCC: 0.239961, 	SAM: 0.065277
 52 - aGrass_a110              . 	SCC: 0.216455, 	SAM: 0.082626
 53 - aGrass_a114              . 	SCC: 0.255152, 	SAM: 0.079705
 54 - aGrass_a116              . 	SCC: 0.220192, 	SAM: 0.052559
 55 - aGrass_a119              . 	SCC: 0.217568, 	SAM: 0.081760
 56 - aGrass_a121              . 	SCC: 0.240989, 	SAM: 0.053338
 57 - aGrass_a123              . 	SCC: 0.250337, 	SAM: 0.067841
 58 - aGrass_a124              . 	SCC: 0.176739, 	SAM: 0.084008
 59 - aGrass_a128              . 	SCC: 0.238577, 	SAM: 0.070881
 60 - aGrass_a131              . 	SCC: 0.172607, 	SAM: 0.111061
 61 - aGrass_a132              . 	SCC: 0.228049, 	SAM: 0.125733
 62 - aGrass_a133              . 	SCC: 0.221036, 	SAM: 0.126889
 63 - aGrass_a134              . 	SCC: 0.237046, 	SAM: 0.081055
 64 - aGrass_a140              . 	SCC: 0.294352, 	SAM: 0.117993
 65 - aGrass_a142              . 	SCC: 0.335113, 	SAM: 0.069823
 66 - aGrass_a144              . 	SCC: 0.355559, 	SAM: 0.047227
 67 - aGrass_a145              . 	SCC: 0.357601, 	SAM: 0.094512
 68 - aGrass_a147              . 	SCC: 0.342502, 	SAM: 0.109555
 69 - aGrass_a148              . 	SCC: 0.364055, 	SAM: 0.092071
 70 - aGrass_a150              . 	SCC: 0.337745, 	SAM: 0.076634
 71 - aGrass_a152              . 	SCC: 0.372769, 	SAM: 0.067100
 72 - aGrass_a153              . 	SCC: 0.209175, 	SAM: 0.042570
 73 - aGrass_a155              . 	SCC: 0.207351, 	SAM: 0.050733
 74 - aGrass_a157              . 	SCC: 0.439388, 	SAM: 0.045459
 75 - aGrass_a158              . 	SCC: 0.379850, 	SAM: 0.051901
 76 - aGrass_a159              . 	SCC: 0.379704, 	SAM: 0.056522
 77 - aGrass_a160              . 	SCC: 0.295498, 	SAM: 0.038854
 78 - aGrass_a163              . 	SCC: 0.328502, 	SAM: 0.049344
 79 - aGrass_a165              . 	SCC: 0.287149, 	SAM: 0.032065
 80 - aGrass_a166              . 	SCC: 0.308899, 	SAM: 0.057664
 81 - aGrass_a168              . 	SCC: 0.295952, 	SAM: 0.050239
 82 - aGrass_a170              . 	SCC: 0.308466, 	SAM: 0.036042
 83 - aGrass_a171              . 	SCC: 0.349066, 	SAM: 0.053215
 84 - aGrass_a172              . 	SCC: 0.284368, 	SAM: 0.078097
 85 - aGrass_a174              . 	SCC: 0.351891, 	SAM: 0.079985
 86 - aGrass_a176              . 	SCC: 0.398741, 	SAM: 0.086164
 87 - aGrass_a178              . 	SCC: 0.372902, 	SAM: 0.075985
 88 - aGrass_a179              . 	SCC: 0.350626, 	SAM: 0.112645
 89 - aGrass_a180              . 	SCC: 0.361593, 	SAM: 0.059248
 90 - aGrass_a181              . 	SCC: 0.327714, 	SAM: 0.071899
 91 - aGrass_a183              . 	SCC: 0.312039, 	SAM: 0.067356
 92 - aGrass_a185              . 	SCC: 0.280830, 	SAM: 0.070883
 93 - aGrass_a189              . 	SCC: 0.358346, 	SAM: 0.044900
 94 - aGrass_a191              . 	SCC: 0.292836, 	SAM: 0.040600
 95 - aGrass_a192              . 	SCC: 0.336841, 	SAM: 0.059353
 96 - aGrass_a193              . 	SCC: 0.277536, 	SAM: 0.022147
 97 - aGrass_a199              . 	SCC: 0.346361, 	SAM: 0.050445
 98 - aGrass_a201              . 	SCC: 0.266921, 	SAM: 0.061217
 99 - aGrass_a202              . 	SCC: 0.301591, 	SAM: 0.038186
100 - aGrass_a204              . 	SCC: 0.292375, 	SAM: 0.069502
101 - aGrass_a208              . 	SCC: 0.303648, 	SAM: 0.039968
102 - aGrass_a210              . 	SCC: 0.323584, 	SAM: 0.044360
103 - aGrass_a212              . 	SCC: 0.300947, 	SAM: 0.039715
104 - aGrass_a214              . 	SCC: 0.319103, 	SAM: 0.044460
105 - aGrass_a218              . 	SCC: 0.340647, 	SAM: 0.034338
106 - aGrass_a219              . 	SCC: 0.313575, 	SAM: 0.045534
107 - aGrass_a221              . 	SCC: 0.324009, 	SAM: 0.047691
108 - aGrass_a222              . 	SCC: 0.320823, 	SAM: 0.038552
109 - aGrass_a226              . 	SCC: 0.284110, 	SAM: 0.033612
110 - aGrass_a227              . 	SCC: 0.301989, 	SAM: 0.045894
111 - aGrass_a228              . 	SCC: 0.299225, 	SAM: 0.044122
112 - aGrass_a229              . 	SCC: 0.314526, 	SAM: 0.051621
113 - aGrass_a231              . 	SCC: 0.299560, 	SAM: 0.042351
114 - aGrass_a232              . 	SCC: 0.284857, 	SAM: 0.039572
115 - aGrass_a239              . 	SCC: 0.262388, 	SAM: 0.037581
116 - aGrass_a241              . 	SCC: 0.304105, 	SAM: 0.038629
117 - aGrass_a242              . 	SCC: 0.293879, 	SAM: 0.044587
118 - aGrass_a243              . 	SCC: 0.267673, 	SAM: 0.029054
119 - aGrass_a244              . 	SCC: 0.295643, 	SAM: 0.043324
120 - aGrass_a245              . 	SCC: 0.318808, 	SAM: 0.040316
121 - aGrass_a247              . 	SCC: 0.298167, 	SAM: 0.036977
122 - aGrass_a248              . 	SCC: 0.301706, 	SAM: 0.043513
123 - aGrass_a249              . 	SCC: 0.278363, 	SAM: 0.043099
124 - aGrass_a250              . 	SCC: 0.274247, 	SAM: 0.057222
125 - aGrass_a251              . 	SCC: 0.241134, 	SAM: 0.043043
126 - aGrass_a252              . 	SCC: 0.303074, 	SAM: 0.030475
127 - aGrass_a254              . 	SCC: 0.311298, 	SAM: 0.050046
128 - aGrass_a258              . 	SCC: 0.292792, 	SAM: 0.042637
129 - aGrass_a260              . 	SCC: 0.244627, 	SAM: 0.041291
130 - aGrass_a263              . 	SCC: 0.287308, 	SAM: 0.040884
131 - aGrass_a264              . 	SCC: 0.295502, 	SAM: 0.047243
132 - aGrass_a265              . 	SCC: 0.311276, 	SAM: 0.050029
133 - aGrass_a267              . 	SCC: 0.279944, 	SAM: 0.036273
134 - aGrass_a268              . 	SCC: 0.267427, 	SAM: 0.041267
135 - aGrass_a269              . 	SCC: 0.302514, 	SAM: 0.040966
136 - aGrass_a270              . 	SCC: 0.259188, 	SAM: 0.060157
137 - aGrass_a272              . 	SCC: 0.300639, 	SAM: 0.070865
138 - aGrass_a277              . 	SCC: 0.303417, 	SAM: 0.058437
139 - aGrass_a278              . 	SCC: 0.320965, 	SAM: 0.056707
140 - aGrass_a279              . 	SCC: 0.314097, 	SAM: 0.043284
141 - aGrass_a281              . 	SCC: 0.344305, 	SAM: 0.048122
142 - aGrass_a282              . 	SCC: 0.270001, 	SAM: 0.028558
143 - aGrass_a284              . 	SCC: 0.316964, 	SAM: 0.061736
144 - aGrass_a285              . 	SCC: 0.293668, 	SAM: 0.042517
145 - aGrass_a290              . 	SCC: 0.277567, 	SAM: 0.043853
146 - aGrass_a293              . 	SCC: 0.314299, 	SAM: 0.047604
147 - aGrass_a294              . 	SCC: 0.311488, 	SAM: 0.062915
148 - aGrass_a295              . 	SCC: 0.284256, 	SAM: 0.049098
149 - aGrass_a298              . 	SCC: 0.315947, 	SAM: 0.048579
150 - aGrass_a299              . 	SCC: 0.303096, 	SAM: 0.063787
151 - aGrass_a301              . 	SCC: 0.331447, 	SAM: 0.059527
152 - aGrass_a305              . 	SCC: 0.368280, 	SAM: 0.056114
153 - aGrass_a306              . 	SCC: 0.373133, 	SAM: 0.051382
154 - aGrass_a308              . 	SCC: 0.274460, 	SAM: 0.051936
155 - aGrass_a314              . 	SCC: 0.271456, 	SAM: 0.053404
156 - aGrass_a316              . 	SCC: 0.285507, 	SAM: 0.051047
157 - aGrass_a319              . 	SCC: 0.293873, 	SAM: 0.056463
158 - aGrass_a321              . 	SCC: 0.335572, 	SAM: 0.071831
159 - aGrass_a323              . 	SCC: 0.264114, 	SAM: 0.044156
160 - aGrass_a325              . 	SCC: 0.357367, 	SAM: 0.044102
161 - aGrass_a327              . 	SCC: 0.337520, 	SAM: 0.061194
162 - aGrass_a329              . 	SCC: 0.302174, 	SAM: 0.041982
163 - aGrass_a330              . 	SCC: 0.313171, 	SAM: 0.054365
164 - aGrass_a331              . 	SCC: 0.322660, 	SAM: 0.060236
165 - aGrass_a332              . 	SCC: 0.293140, 	SAM: 0.031396
166 - aGrass_a334              . 	SCC: 0.387882, 	SAM: 0.072238
167 - aGrass_a335              . 	SCC: 0.336607, 	SAM: 0.058208
168 - aGrass_a336              . 	SCC: 0.335716, 	SAM: 0.051627
169 - aGrass_a337              . 	SCC: 0.336080, 	SAM: 0.057342
170 - aGrass_a339              . 	SCC: 0.363288, 	SAM: 0.046887
171 - aGrass_a340              . 	SCC: 0.327626, 	SAM: 0.044499
172 - aGrass_a342              . 	SCC: 0.303164, 	SAM: 0.037455
173 - aGrass_a344              . 	SCC: 0.303317, 	SAM: 0.035307
174 - aGrass_a345              . 	SCC: 0.323856, 	SAM: 0.051243
175 - aGrass_a346              . 	SCC: 0.329343, 	SAM: 0.030093
176 - aGrass_a348              . 	SCC: 0.357051, 	SAM: 0.041223
177 - aGrass_a350              . 	SCC: 0.359903, 	SAM: 0.038044
178 - aGrass_a351              . 	SCC: 0.313984, 	SAM: 0.034185
179 - aGrass_a352              . 	SCC: 0.349283, 	SAM: 0.044100
180 - aGrass_a353              . 	SCC: 0.337004, 	SAM: 0.054051
181 - aGrass_a355              . 	SCC: 0.312415, 	SAM: 0.032620
182 - aGrass_a356              . 	SCC: 0.359980, 	SAM: 0.053057
183 - aGrass_a357              . 	SCC: 0.325649, 	SAM: 0.038212
184 - aGrass_a359              . 	SCC: 0.357832, 	SAM: 0.081958
185 - aGrass_a363              . 	SCC: 0.362466, 	SAM: 0.038753
186 - aGrass_a365              . 	SCC: 0.330261, 	SAM: 0.056944
187 - aGrass_a368              . 	SCC: 0.382236, 	SAM: 0.080223
188 - aGrass_a370              . 	SCC: 0.336294, 	SAM: 0.041073
189 - aGrass_a371              . 	SCC: 0.364314, 	SAM: 0.072749
190 - aGrass_a373              . 	SCC: 0.260423, 	SAM: 0.031175
191 - aGrass_a374              . 	SCC: 0.283265, 	SAM: 0.040578
192 - aGrass_a375              . 	SCC: 0.326247, 	SAM: 0.058565
193 - aGrass_a377              . 	SCC: 0.347193, 	SAM: 0.043139
194 - aGrass_a379              . 	SCC: 0.350040, 	SAM: 0.039025
195 - aGrass_a381              . 	SCC: 0.338328, 	SAM: 0.047479
196 - aGrass_a383              . 	SCC: 0.347650, 	SAM: 0.048161
197 - aGrass_a386              . 	SCC: 0.326007, 	SAM: 0.045218
198 - aGrass_a387              . 	SCC: 0.335113, 	SAM: 0.055284
199 - aGrass_a394              . 	SCC: 0.291464, 	SAM: 0.032458
200 - aGrass_a398              . 	SCC: 0.332571, 	SAM: 0.050633
201 - bField_b003              . 	SCC: 0.245717, 	SAM: 0.050256
202 - bField_b004              . 	SCC: 0.227718, 	SAM: 0.036243
203 - bField_b006              . 	SCC: 0.332377, 	SAM: 0.036465
204 - bField_b008              . 	SCC: 0.298265, 	SAM: 0.053322
205 - bField_b009              . 	SCC: 0.249488, 	SAM: 0.066370
206 - bField_b010              . 	SCC: 0.266173, 	SAM: 0.051202
207 - bField_b011              . 	SCC: 0.318190, 	SAM: 0.074204
208 - bField_b014              . 	SCC: 0.318733, 	SAM: 0.036978
209 - bField_b016              . 	SCC: 0.211356, 	SAM: 0.074362
210 - bField_b017              . 	SCC: 0.263664, 	SAM: 0.069423
211 - bField_b018              . 	SCC: 0.194986, 	SAM: 0.056967
212 - bField_b024              . 	SCC: 0.167087, 	SAM: 0.056182
213 - bField_b025              . 	SCC: 0.144421, 	SAM: 0.228614
214 - bField_b026              . 	SCC: 0.256092, 	SAM: 0.115894
215 - bField_b029              . 	SCC: 0.082055, 	SAM: 0.056940
216 - bField_b030              . 	SCC: 0.078213, 	SAM: 0.071682
217 - bField_b031              . 	SCC: 0.075810, 	SAM: 0.100888
218 - bField_b033              . 	SCC: 0.172287, 	SAM: 0.041764
219 - bField_b034              . 	SCC: 0.223802, 	SAM: 0.049941
220 - bField_b037              . 	SCC: 0.053823, 	SAM: 0.115550
221 - bField_b040              . 	SCC: 0.186986, 	SAM: 0.054981
222 - bField_b041              . 	SCC: 0.188811, 	SAM: 0.039412
223 - bField_b042              . 	SCC: 0.186588, 	SAM: 0.042593
224 - bField_b043              . 	SCC: 0.191379, 	SAM: 0.067426
225 - bField_b045              . 	SCC: 0.221985, 	SAM: 0.048542
226 - bField_b047              . 	SCC: 0.225167, 	SAM: 0.056692
227 - bField_b049              . 	SCC: 0.305424, 	SAM: 0.050792
228 - bField_b052              . 	SCC: 0.270624, 	SAM: 0.125153
229 - bField_b054              . 	SCC: 0.276496, 	SAM: 0.063512
230 - bField_b055              . 	SCC: 0.316991, 	SAM: 0.102482
231 - bField_b059              . 	SCC: 0.274437, 	SAM: 0.047328
232 - bField_b062              . 	SCC: 0.368833, 	SAM: 0.099672
233 - bField_b065              . 	SCC: 0.232814, 	SAM: 0.059993
234 - bField_b068              . 	SCC: 0.257195, 	SAM: 0.057785
235 - bField_b069              . 	SCC: 0.266508, 	SAM: 0.066390
236 - bField_b070              . 	SCC: 0.235460, 	SAM: 0.142485
237 - bField_b071              . 	SCC: 0.352424, 	SAM: 0.054958
238 - bField_b072              . 	SCC: 0.286356, 	SAM: 0.041559
239 - bField_b073              . 	SCC: 0.238311, 	SAM: 0.069202
240 - bField_b074              . 	SCC: 0.286118, 	SAM: 0.127622
241 - bField_b075              . 	SCC: 0.300001, 	SAM: 0.133618
242 - bField_b078              . 	SCC: 0.240501, 	SAM: 0.082201
243 - bField_b079              . 	SCC: 0.228184, 	SAM: 0.101167
244 - bField_b081              . 	SCC: 0.261522, 	SAM: 0.110906
245 - bField_b085              . 	SCC: 0.265157, 	SAM: 0.134490
246 - bField_b086              . 	SCC: 0.249874, 	SAM: 0.058018
247 - bField_b088              . 	SCC: 0.241023, 	SAM: 0.063334
248 - bField_b089              . 	SCC: 0.288280, 	SAM: 0.033649
249 - bField_b093              . 	SCC: 0.295500, 	SAM: 0.062244
250 - bField_b094              . 	SCC: 0.244594, 	SAM: 0.053398
251 - bField_b095              . 	SCC: 0.256407, 	SAM: 0.043688
252 - bField_b096              . 	SCC: 0.304678, 	SAM: 0.064677
253 - bField_b097              . 	SCC: 0.241447, 	SAM: 0.034012
254 - bField_b100              . 	SCC: 0.227711, 	SAM: 0.040380
255 - bField_b102              . 	SCC: 0.263894, 	SAM: 0.061040
256 - bField_b104              . 	SCC: 0.122574, 	SAM: 0.087017
257 - bField_b105              . 	SCC: 0.083104, 	SAM: 0.150613
258 - bField_b106              . 	SCC: 0.191775, 	SAM: 0.081521
259 - bField_b111              . 	SCC: 0.245685, 	SAM: 0.073902
260 - bField_b112              . 	SCC: 0.281250, 	SAM: 0.096366
261 - bField_b113              . 	SCC: 0.218629, 	SAM: 0.095001
262 - bField_b116              . 	SCC: 0.202504, 	SAM: 0.039549
263 - bField_b118              . 	SCC: 0.230218, 	SAM: 0.055662
264 - bField_b120              . 	SCC: 0.212562, 	SAM: 0.071344
265 - bField_b121              . 	SCC: 0.118214, 	SAM: 0.167512
266 - bField_b123              . 	SCC: 0.055644, 	SAM: 0.203996
267 - bField_b124              . 	SCC: 0.118270, 	SAM: 0.130325
268 - bField_b125              . 	SCC: 0.109979, 	SAM: 0.180666
269 - bField_b126              . 	SCC: 0.077225, 	SAM: 0.308296
270 - bField_b130              . 	SCC: 0.071210, 	SAM: 0.288192
271 - bField_b132              . 	SCC: 0.102590, 	SAM: 0.083224
272 - bField_b138              . 	SCC: 0.146338, 	SAM: 0.180304
273 - bField_b139              . 	SCC: 0.155597, 	SAM: 0.160067
274 - bField_b140              . 	SCC: 0.099687, 	SAM: 0.259674
275 - bField_b141              . 	SCC: 0.075196, 	SAM: 0.198538
276 - bField_b145              . 	SCC: 0.072258, 	SAM: 0.324822
277 - bField_b149              . 	SCC: 0.093575, 	SAM: 0.144587
278 - bField_b150              . 	SCC: 0.102631, 	SAM: 0.150653
279 - bField_b151              . 	SCC: 0.279855, 	SAM: 0.046093
280 - bField_b153              . 	SCC: 0.199778, 	SAM: 0.058806
281 - bField_b160              . 	SCC: 0.140193, 	SAM: 0.146743
282 - bField_b163              . 	SCC: 0.199016, 	SAM: 0.037616
283 - bField_b164              . 	SCC: 0.209348, 	SAM: 0.070453
284 - bField_b166              . 	SCC: 0.115438, 	SAM: 0.188722
285 - bField_b167              . 	SCC: 0.177410, 	SAM: 0.072045
286 - bField_b174              . 	SCC: 0.148658, 	SAM: 0.131116
287 - bField_b175              . 	SCC: 0.127892, 	SAM: 0.118139
288 - bField_b176              . 	SCC: 0.148194, 	SAM: 0.147884
289 - bField_b178              . 	SCC: 0.182018, 	SAM: 0.137383
290 - bField_b181              . 	SCC: 0.125362, 	SAM: 0.113444
291 - bField_b183              . 	SCC: 0.203377, 	SAM: 0.039125
292 - bField_b185              . 	SCC: 0.152264, 	SAM: 0.145799
293 - bField_b186              . 	SCC: 0.170448, 	SAM: 0.120021
294 - bField_b188              . 	SCC: 0.185486, 	SAM: 0.102532
295 - bField_b189              . 	SCC: 0.259411, 	SAM: 0.062357
296 - bField_b191              . 	SCC: 0.184297, 	SAM: 0.186879
297 - bField_b192              . 	SCC: 0.187778, 	SAM: 0.172087
298 - bField_b194              . 	SCC: 0.159554, 	SAM: 0.056326
299 - bField_b199              . 	SCC: 0.276353, 	SAM: 0.070386
300 - bField_b201              . 	SCC: 0.289912, 	SAM: 0.052682
301 - bField_b202              . 	SCC: 0.166903, 	SAM: 0.032813
302 - bField_b203              . 	SCC: 0.197594, 	SAM: 0.020771
303 - bField_b204              . 	SCC: 0.189893, 	SAM: 0.039046
304 - bField_b213              . 	SCC: 0.183356, 	SAM: 0.068994
305 - bField_b214              . 	SCC: 0.259329, 	SAM: 0.053418
306 - bField_b215              . 	SCC: 0.243336, 	SAM: 0.053461
307 - bField_b220              . 	SCC: 0.233528, 	SAM: 0.031898
308 - bField_b222              . 	SCC: 0.290053, 	SAM: 0.062860
309 - bField_b225              . 	SCC: 0.187399, 	SAM: 0.056968
310 - bField_b226              . 	SCC: 0.294904, 	SAM: 0.084729
311 - bField_b228              . 	SCC: 0.261635, 	SAM: 0.051803
312 - bField_b229              . 	SCC: 0.295533, 	SAM: 0.052569
313 - bField_b231              . 	SCC: 0.177252, 	SAM: 0.060129
314 - bField_b232              . 	SCC: 0.163301, 	SAM: 0.054469
315 - bField_b233              . 	SCC: 0.193563, 	SAM: 0.036348
316 - bField_b234              . 	SCC: 0.259600, 	SAM: 0.041924
317 - bField_b235              . 	SCC: 0.219854, 	SAM: 0.037379
318 - bField_b238              . 	SCC: 0.152034, 	SAM: 0.070906
319 - bField_b240              . 	SCC: 0.201986, 	SAM: 0.052867
320 - bField_b242              . 	SCC: 0.161224, 	SAM: 0.079561
321 - bField_b245              . 	SCC: 0.114629, 	SAM: 0.154159
322 - bField_b247              . 	SCC: 0.155595, 	SAM: 0.121679
323 - bField_b248              . 	SCC: 0.201917, 	SAM: 0.053094
324 - bField_b249              . 	SCC: 0.153822, 	SAM: 0.095459
325 - bField_b250              . 	SCC: 0.119039, 	SAM: 0.144112
326 - bField_b252              . 	SCC: 0.140226, 	SAM: 0.097054
327 - bField_b254              . 	SCC: 0.199934, 	SAM: 0.087245
328 - bField_b255              . 	SCC: 0.223404, 	SAM: 0.086495
329 - bField_b256              . 	SCC: 0.180841, 	SAM: 0.070683
330 - bField_b257              . 	SCC: 0.286329, 	SAM: 0.066612
331 - bField_b258              . 	SCC: 0.170223, 	SAM: 0.076656
332 - bField_b265              . 	SCC: 0.205645, 	SAM: 0.027152
333 - bField_b266              . 	SCC: 0.165021, 	SAM: 0.047230
334 - bField_b268              . 	SCC: 0.154407, 	SAM: 0.065312
335 - bField_b269              . 	SCC: 0.125282, 	SAM: 0.060361
336 - bField_b270              . 	SCC: 0.240320, 	SAM: 0.036115
337 - bField_b271              . 	SCC: 0.290025, 	SAM: 0.033539
338 - bField_b272              . 	SCC: 0.253674, 	SAM: 0.036963
339 - bField_b273              . 	SCC: 0.117034, 	SAM: 0.145415
340 - bField_b274              . 	SCC: 0.134527, 	SAM: 0.050912
341 - bField_b278              . 	SCC: 0.161093, 	SAM: 0.063489
342 - bField_b279              . 	SCC: 0.211827, 	SAM: 0.056055
343 - bField_b284              . 	SCC: 0.145226, 	SAM: 0.140635
344 - bField_b285              . 	SCC: 0.221205, 	SAM: 0.044710
345 - bField_b289              . 	SCC: 0.226135, 	SAM: 0.043962
346 - bField_b291              . 	SCC: 0.252117, 	SAM: 0.044884
347 - bField_b292              . 	SCC: 0.167689, 	SAM: 0.077684
348 - bField_b293              . 	SCC: 0.177170, 	SAM: 0.103479
349 - bField_b294              . 	SCC: 0.254673, 	SAM: 0.063340
350 - bField_b297              . 	SCC: 0.178905, 	SAM: 0.077555
351 - bField_b300              . 	SCC: 0.060066, 	SAM: 0.093439
352 - bField_b302              . 	SCC: 0.271490, 	SAM: 0.061428
353 - bField_b303              . 	SCC: 0.201550, 	SAM: 0.041553
354 - bField_b307              . 	SCC: 0.332092, 	SAM: 0.055419
355 - bField_b309              . 	SCC: 0.271839, 	SAM: 0.047339
356 - bField_b310              . 	SCC: 0.269863, 	SAM: 0.044589
357 - bField_b312              . 	SCC: 0.403830, 	SAM: 0.063136
358 - bField_b313              . 	SCC: 0.413468, 	SAM: 0.072155
359 - bField_b314              . 	SCC: 0.209559, 	SAM: 0.074142
360 - bField_b316              . 	SCC: 0.250929, 	SAM: 0.045665
361 - bField_b319              . 	SCC: 0.301744, 	SAM: 0.069174
362 - bField_b321              . 	SCC: 0.193395, 	SAM: 0.043409
363 - bField_b329              . 	SCC: 0.285855, 	SAM: 0.065446
364 - bField_b333              . 	SCC: 0.277147, 	SAM: 0.031704
365 - bField_b335              . 	SCC: 0.332450, 	SAM: 0.054460
366 - bField_b336              . 	SCC: 0.349389, 	SAM: 0.042926
367 - bField_b338              . 	SCC: 0.312775, 	SAM: 0.055861
368 - bField_b340              . 	SCC: 0.352859, 	SAM: 0.055566
369 - bField_b341              . 	SCC: 0.274545, 	SAM: 0.054505
370 - bField_b348              . 	SCC: 0.322557, 	SAM: 0.044864
371 - bField_b349              . 	SCC: 0.282101, 	SAM: 0.072117
372 - bField_b353              . 	SCC: 0.223650, 	SAM: 0.082333
373 - bField_b355              . 	SCC: 0.260254, 	SAM: 0.043864
374 - bField_b356              . 	SCC: 0.360827, 	SAM: 0.069342
375 - bField_b357              . 	SCC: 0.271985, 	SAM: 0.073448
376 - bField_b358              . 	SCC: 0.326039, 	SAM: 0.070088
377 - bField_b360              . 	SCC: 0.292940, 	SAM: 0.039471
378 - bField_b363              . 	SCC: 0.283374, 	SAM: 0.027867
379 - bField_b365              . 	SCC: 0.273260, 	SAM: 0.030879
380 - bField_b366              . 	SCC: 0.322405, 	SAM: 0.042662
381 - bField_b369              . 	SCC: 0.352044, 	SAM: 0.039253
382 - bField_b370              . 	SCC: 0.287935, 	SAM: 0.049154
383 - bField_b371              . 	SCC: 0.424336, 	SAM: 0.032962
384 - bField_b372              . 	SCC: 0.351245, 	SAM: 0.025362
385 - bField_b375              . 	SCC: 0.439908, 	SAM: 0.047631
386 - bField_b376              . 	SCC: 0.521792, 	SAM: 0.040520
387 - bField_b377              . 	SCC: 0.452171, 	SAM: 0.038684
388 - bField_b379              . 	SCC: 0.372918, 	SAM: 0.042801
389 - bField_b381              . 	SCC: 0.457622, 	SAM: 0.040380
390 - bField_b385              . 	SCC: 0.508608, 	SAM: 0.034116
391 - bField_b386              . 	SCC: 0.450549, 	SAM: 0.037347
392 - bField_b387              . 	SCC: 0.380662, 	SAM: 0.039861
393 - bField_b389              . 	SCC: 0.460268, 	SAM: 0.043590
394 - bField_b393              . 	SCC: 0.402714, 	SAM: 0.045278
395 - bField_b394              . 	SCC: 0.380124, 	SAM: 0.044730
396 - bField_b395              . 	SCC: 0.323386, 	SAM: 0.042289
397 - bField_b397              . 	SCC: 0.284306, 	SAM: 0.041283
398 - bField_b398              . 	SCC: 0.279829, 	SAM: 0.038098
399 - bField_b399              . 	SCC: 0.247498, 	SAM: 0.039823
400 - bField_b400              . 	SCC: 0.293546, 	SAM: 0.038330
401 - cIndustry_c001           . 	SCC: 0.434853, 	SAM: 0.097019
402 - cIndustry_c003           . 	SCC: 0.429671, 	SAM: 0.080938
403 - cIndustry_c004           . 	SCC: 0.415810, 	SAM: 0.114033
404 - cIndustry_c005           . 	SCC: 0.427026, 	SAM: 0.080594
405 - cIndustry_c010           . 	SCC: 0.386861, 	SAM: 0.119796
406 - cIndustry_c012           . 	SCC: 0.410506, 	SAM: 0.103881
407 - cIndustry_c013           . 	SCC: 0.468216, 	SAM: 0.099281
408 - cIndustry_c014           . 	SCC: 0.433320, 	SAM: 0.109981
409 - cIndustry_c015           . 	SCC: 0.415239, 	SAM: 0.117007
410 - cIndustry_c018           . 	SCC: 0.372884, 	SAM: 0.158791
411 - cIndustry_c020           . 	SCC: 0.362060, 	SAM: 0.162050
412 - cIndustry_c022           . 	SCC: 0.463540, 	SAM: 0.083096
413 - cIndustry_c023           . 	SCC: 0.437894, 	SAM: 0.060103
414 - cIndustry_c025           . 	SCC: 0.493081, 	SAM: 0.098286
415 - cIndustry_c026           . 	SCC: 0.486586, 	SAM: 0.094930
416 - cIndustry_c029           . 	SCC: 0.481423, 	SAM: 0.117205
417 - cIndustry_c033           . 	SCC: 0.472749, 	SAM: 0.065815
418 - cIndustry_c035           . 	SCC: 0.380261, 	SAM: 0.116551
419 - cIndustry_c036           . 	SCC: 0.358741, 	SAM: 0.130357
420 - cIndustry_c040           . 	SCC: 0.304912, 	SAM: 0.056537
421 - cIndustry_c041           . 	SCC: 0.408314, 	SAM: 0.108220
422 - cIndustry_c045           . 	SCC: 0.400037, 	SAM: 0.093473
423 - cIndustry_c046           . 	SCC: 0.384717, 	SAM: 0.126798
424 - cIndustry_c047           . 	SCC: 0.462968, 	SAM: 0.054530
425 - cIndustry_c049           . 	SCC: 0.419892, 	SAM: 0.055653
426 - cIndustry_c050           . 	SCC: 0.395096, 	SAM: 0.066232
427 - cIndustry_c054           . 	SCC: 0.352920, 	SAM: 0.038266
428 - cIndustry_c055           . 	SCC: 0.519300, 	SAM: 0.079309
429 - cIndustry_c056           . 	SCC: 0.476531, 	SAM: 0.055408
430 - cIndustry_c057           . 	SCC: 0.385360, 	SAM: 0.067466
431 - cIndustry_c060           . 	SCC: 0.337401, 	SAM: 0.039653
432 - cIndustry_c063           . 	SCC: 0.386604, 	SAM: 0.039332
433 - cIndustry_c064           . 	SCC: 0.375014, 	SAM: 0.040766
434 - cIndustry_c066           . 	SCC: 0.333140, 	SAM: 0.060447
435 - cIndustry_c067           . 	SCC: 0.347138, 	SAM: 0.048925
436 - cIndustry_c068           . 	SCC: 0.331974, 	SAM: 0.051861
437 - cIndustry_c071           . 	SCC: 0.311938, 	SAM: 0.026889
438 - cIndustry_c072           . 	SCC: 0.360479, 	SAM: 0.035985
439 - cIndustry_c073           . 	SCC: 0.419041, 	SAM: 0.153894
440 - cIndustry_c075           . 	SCC: 0.356474, 	SAM: 0.151798
441 - cIndustry_c076           . 	SCC: 0.449431, 	SAM: 0.105490
442 - cIndustry_c080           . 	SCC: 0.375667, 	SAM: 0.108412
443 - cIndustry_c082           . 	SCC: 0.425091, 	SAM: 0.132910
444 - cIndustry_c084           . 	SCC: 0.355520, 	SAM: 0.171612
445 - cIndustry_c085           . 	SCC: 0.375008, 	SAM: 0.150249
446 - cIndustry_c086           . 	SCC: 0.388388, 	SAM: 0.177542
447 - cIndustry_c087           . 	SCC: 0.363482, 	SAM: 0.167268
448 - cIndustry_c088           . 	SCC: 0.351881, 	SAM: 0.167525
449 - cIndustry_c090           . 	SCC: 0.386846, 	SAM: 0.073572
450 - cIndustry_c091           . 	SCC: 0.375549, 	SAM: 0.077267
451 - cIndustry_c093           . 	SCC: 0.332870, 	SAM: 0.113497
452 - cIndustry_c096           . 	SCC: 0.394027, 	SAM: 0.080703
453 - cIndustry_c097           . 	SCC: 0.434412, 	SAM: 0.092967
454 - cIndustry_c101           . 	SCC: 0.283196, 	SAM: 0.070262
455 - cIndustry_c103           . 	SCC: 0.393471, 	SAM: 0.104036
456 - cIndustry_c105           . 	SCC: 0.359069, 	SAM: 0.093281
457 - cIndustry_c106           . 	SCC: 0.368949, 	SAM: 0.103616
458 - cIndustry_c108           . 	SCC: 0.418820, 	SAM: 0.083396
459 - cIndustry_c110           . 	SCC: 0.385512, 	SAM: 0.083025
460 - cIndustry_c112           . 	SCC: 0.437916, 	SAM: 0.112254
461 - cIndustry_c115           . 	SCC: 0.440453, 	SAM: 0.099921
462 - cIndustry_c118           . 	SCC: 0.373315, 	SAM: 0.097652
463 - cIndustry_c121           . 	SCC: 0.421129, 	SAM: 0.108642
464 - cIndustry_c122           . 	SCC: 0.437798, 	SAM: 0.116140
465 - cIndustry_c126           . 	SCC: 0.392156, 	SAM: 0.139965
466 - cIndustry_c131           . 	SCC: 0.421428, 	SAM: 0.152410
467 - cIndustry_c132           . 	SCC: 0.398485, 	SAM: 0.152080
468 - cIndustry_c134           . 	SCC: 0.405326, 	SAM: 0.162248
469 - cIndustry_c135           . 	SCC: 0.403527, 	SAM: 0.121589
470 - cIndustry_c137           . 	SCC: 0.497483, 	SAM: 0.103567
471 - cIndustry_c138           . 	SCC: 0.466503, 	SAM: 0.136951
472 - cIndustry_c143           . 	SCC: 0.463380, 	SAM: 0.091592
473 - cIndustry_c147           . 	SCC: 0.378125, 	SAM: 0.075138
474 - cIndustry_c149           . 	SCC: 0.381486, 	SAM: 0.090600
475 - cIndustry_c158           . 	SCC: 0.438048, 	SAM: 0.097600
476 - cIndustry_c159           . 	SCC: 0.388850, 	SAM: 0.114222
477 - cIndustry_c160           . 	SCC: 0.416975, 	SAM: 0.127171
478 - cIndustry_c161           . 	SCC: 0.431283, 	SAM: 0.101990
479 - cIndustry_c163           . 	SCC: 0.334207, 	SAM: 0.191492
480 - cIndustry_c164           . 	SCC: 0.353092, 	SAM: 0.121864
481 - cIndustry_c165           . 	SCC: 0.338852, 	SAM: 0.153404
482 - cIndustry_c168           . 	SCC: 0.360955, 	SAM: 0.112076
483 - cIndustry_c169           . 	SCC: 0.390249, 	SAM: 0.080764
484 - cIndustry_c171           . 	SCC: 0.366640, 	SAM: 0.134592
485 - cIndustry_c172           . 	SCC: 0.375663, 	SAM: 0.147290
486 - cIndustry_c174           . 	SCC: 0.371337, 	SAM: 0.161868
487 - cIndustry_c176           . 	SCC: 0.350478, 	SAM: 0.142997
488 - cIndustry_c178           . 	SCC: 0.409338, 	SAM: 0.073820
489 - cIndustry_c179           . 	SCC: 0.428084, 	SAM: 0.067235
490 - cIndustry_c183           . 	SCC: 0.437407, 	SAM: 0.064715
491 - cIndustry_c184           . 	SCC: 0.437392, 	SAM: 0.064530
492 - cIndustry_c186           . 	SCC: 0.451384, 	SAM: 0.058803
493 - cIndustry_c187           . 	SCC: 0.431941, 	SAM: 0.056473
494 - cIndustry_c188           . 	SCC: 0.449816, 	SAM: 0.085255
495 - cIndustry_c190           . 	SCC: 0.479480, 	SAM: 0.079885
496 - cIndustry_c191           . 	SCC: 0.494146, 	SAM: 0.069247
497 - cIndustry_c193           . 	SCC: 0.426936, 	SAM: 0.085621
498 - cIndustry_c197           . 	SCC: 0.444422, 	SAM: 0.076292
499 - cIndustry_c198           . 	SCC: 0.506516, 	SAM: 0.076463
500 - cIndustry_c199           . 	SCC: 0.462465, 	SAM: 0.076781
501 - cIndustry_c200           . 	SCC: 0.471221, 	SAM: 0.079487
502 - cIndustry_c201           . 	SCC: 0.496305, 	SAM: 0.074876
503 - cIndustry_c202           . 	SCC: 0.510456, 	SAM: 0.073263
504 - cIndustry_c204           . 	SCC: 0.503298, 	SAM: 0.072476
505 - cIndustry_c205           . 	SCC: 0.486897, 	SAM: 0.077734
506 - cIndustry_c213           . 	SCC: 0.509273, 	SAM: 0.094085
507 - cIndustry_c215           . 	SCC: 0.477131, 	SAM: 0.094128
508 - cIndustry_c216           . 	SCC: 0.506554, 	SAM: 0.092484
509 - cIndustry_c217           . 	SCC: 0.493078, 	SAM: 0.084783
510 - cIndustry_c219           . 	SCC: 0.446765, 	SAM: 0.076953
511 - cIndustry_c221           . 	SCC: 0.489528, 	SAM: 0.067832
512 - cIndustry_c222           . 	SCC: 0.440013, 	SAM: 0.104730
513 - cIndustry_c223           . 	SCC: 0.459635, 	SAM: 0.104180
514 - cIndustry_c224           . 	SCC: 0.368240, 	SAM: 0.086159
515 - cIndustry_c225           . 	SCC: 0.384191, 	SAM: 0.101015
516 - cIndustry_c228           . 	SCC: 0.470784, 	SAM: 0.061142
517 - cIndustry_c229           . 	SCC: 0.498263, 	SAM: 0.079850
518 - cIndustry_c232           . 	SCC: 0.417634, 	SAM: 0.059927
519 - cIndustry_c235           . 	SCC: 0.421315, 	SAM: 0.118703
520 - cIndustry_c237           . 	SCC: 0.354981, 	SAM: 0.063451
521 - cIndustry_c238           . 	SCC: 0.333358, 	SAM: 0.071895
522 - cIndustry_c239           . 	SCC: 0.414269, 	SAM: 0.080246
523 - cIndustry_c240           . 	SCC: 0.435810, 	SAM: 0.089416
524 - cIndustry_c242           . 	SCC: 0.406666, 	SAM: 0.062485
525 - cIndustry_c249           . 	SCC: 0.497688, 	SAM: 0.094831
526 - cIndustry_c253           . 	SCC: 0.478315, 	SAM: 0.101462
527 - cIndustry_c255           . 	SCC: 0.411718, 	SAM: 0.082237
528 - cIndustry_c256           . 	SCC: 0.492438, 	SAM: 0.063732
529 - cIndustry_c257           . 	SCC: 0.367054, 	SAM: 0.088910
530 - cIndustry_c261           . 	SCC: 0.456412, 	SAM: 0.087471
531 - cIndustry_c263           . 	SCC: 0.416802, 	SAM: 0.101580
532 - cIndustry_c264           . 	SCC: 0.425550, 	SAM: 0.098244
533 - cIndustry_c266           . 	SCC: 0.465304, 	SAM: 0.109581
534 - cIndustry_c267           . 	SCC: 0.451961, 	SAM: 0.106638
535 - cIndustry_c270           . 	SCC: 0.491473, 	SAM: 0.105611
536 - cIndustry_c273           . 	SCC: 0.479065, 	SAM: 0.112463
537 - cIndustry_c278           . 	SCC: 0.420233, 	SAM: 0.086205
538 - cIndustry_c279           . 	SCC: 0.435823, 	SAM: 0.092537
539 - cIndustry_c280           . 	SCC: 0.439899, 	SAM: 0.080311
540 - cIndustry_c281           . 	SCC: 0.491526, 	SAM: 0.099844
541 - cIndustry_c288           . 	SCC: 0.417700, 	SAM: 0.120785
542 - cIndustry_c290           . 	SCC: 0.454122, 	SAM: 0.124231
543 - cIndustry_c291           . 	SCC: 0.388845, 	SAM: 0.068181
544 - cIndustry_c292           . 	SCC: 0.444316, 	SAM: 0.068660
545 - cIndustry_c293           . 	SCC: 0.419335, 	SAM: 0.058802
546 - cIndustry_c295           . 	SCC: 0.417355, 	SAM: 0.059061
547 - cIndustry_c299           . 	SCC: 0.411893, 	SAM: 0.071110
548 - cIndustry_c300           . 	SCC: 0.436546, 	SAM: 0.075066
549 - cIndustry_c301           . 	SCC: 0.446610, 	SAM: 0.136525
550 - cIndustry_c303           . 	SCC: 0.486776, 	SAM: 0.130474
551 - cIndustry_c305           . 	SCC: 0.488813, 	SAM: 0.125214
552 - cIndustry_c307           . 	SCC: 0.453429, 	SAM: 0.132748
553 - cIndustry_c308           . 	SCC: 0.472667, 	SAM: 0.137909
554 - cIndustry_c309           . 	SCC: 0.485110, 	SAM: 0.108986
555 - cIndustry_c310           . 	SCC: 0.461782, 	SAM: 0.099209
556 - cIndustry_c311           . 	SCC: 0.443312, 	SAM: 0.118143
557 - cIndustry_c314           . 	SCC: 0.466008, 	SAM: 0.106196
558 - cIndustry_c316           . 	SCC: 0.477669, 	SAM: 0.077414
559 - cIndustry_c320           . 	SCC: 0.460879, 	SAM: 0.086933
560 - cIndustry_c323           . 	SCC: 0.482499, 	SAM: 0.086878
561 - cIndustry_c326           . 	SCC: 0.403583, 	SAM: 0.107230
562 - cIndustry_c328           . 	SCC: 0.490201, 	SAM: 0.086046
563 - cIndustry_c329           . 	SCC: 0.492411, 	SAM: 0.085522
564 - cIndustry_c330           . 	SCC: 0.457157, 	SAM: 0.088521
565 - cIndustry_c332           . 	SCC: 0.431856, 	SAM: 0.101273
566 - cIndustry_c333           . 	SCC: 0.447495, 	SAM: 0.105262
567 - cIndustry_c335           . 	SCC: 0.446280, 	SAM: 0.107709
568 - cIndustry_c336           . 	SCC: 0.521295, 	SAM: 0.066890
569 - cIndustry_c337           . 	SCC: 0.472451, 	SAM: 0.096620
570 - cIndustry_c338           . 	SCC: 0.473304, 	SAM: 0.116191
571 - cIndustry_c341           . 	SCC: 0.435565, 	SAM: 0.096815
572 - cIndustry_c343           . 	SCC: 0.420987, 	SAM: 0.113510
573 - cIndustry_c344           . 	SCC: 0.483502, 	SAM: 0.108709
574 - cIndustry_c345           . 	SCC: 0.447388, 	SAM: 0.144496
575 - cIndustry_c353           . 	SCC: 0.439155, 	SAM: 0.085174
576 - cIndustry_c356           . 	SCC: 0.461884, 	SAM: 0.077928
577 - cIndustry_c358           . 	SCC: 0.455590, 	SAM: 0.093114
578 - cIndustry_c362           . 	SCC: 0.490154, 	SAM: 0.079988
579 - cIndustry_c367           . 	SCC: 0.474897, 	SAM: 0.084212
580 - cIndustry_c368           . 	SCC: 0.432602, 	SAM: 0.088158
581 - cIndustry_c370           . 	SCC: 0.511987, 	SAM: 0.100677
582 - cIndustry_c371           . 	SCC: 0.449035, 	SAM: 0.101490
583 - cIndustry_c372           . 	SCC: 0.464772, 	SAM: 0.081178
584 - cIndustry_c374           . 	SCC: 0.346984, 	SAM: 0.158537
585 - cIndustry_c375           . 	SCC: 0.341204, 	SAM: 0.159042
586 - cIndustry_c376           . 	SCC: 0.372571, 	SAM: 0.127601
587 - cIndustry_c377           . 	SCC: 0.418412, 	SAM: 0.131224
588 - cIndustry_c378           . 	SCC: 0.390867, 	SAM: 0.110483
589 - cIndustry_c380           . 	SCC: 0.358922, 	SAM: 0.093021
590 - cIndustry_c381           . 	SCC: 0.406408, 	SAM: 0.078037
591 - cIndustry_c385           . 	SCC: 0.365336, 	SAM: 0.153873
592 - cIndustry_c386           . 	SCC: 0.412489, 	SAM: 0.135149
593 - cIndustry_c390           . 	SCC: 0.482982, 	SAM: 0.092968
594 - cIndustry_c392           . 	SCC: 0.443186, 	SAM: 0.134536
595 - cIndustry_c394           . 	SCC: 0.439553, 	SAM: 0.111055
596 - cIndustry_c395           . 	SCC: 0.379523, 	SAM: 0.138531
597 - cIndustry_c397           . 	SCC: 0.447045, 	SAM: 0.122277
598 - cIndustry_c398           . 	SCC: 0.425922, 	SAM: 0.100148
599 - cIndustry_c399           . 	SCC: 0.487817, 	SAM: 0.131465
600 - cIndustry_c400           . 	SCC: 0.410438, 	SAM: 0.142890
601 - dRiverLake_d002          . 	SCC: 0.281158, 	SAM: 0.056224
602 - dRiverLake_d003          . 	SCC: 0.274085, 	SAM: 0.107534
603 - dRiverLake_d004          . 	SCC: 0.238620, 	SAM: 0.147273
604 - dRiverLake_d009          . 	SCC: 0.230272, 	SAM: 0.191765
605 - dRiverLake_d010          . 	SCC: 0.230269, 	SAM: 0.057525
606 - dRiverLake_d011          . 	SCC: 0.249892, 	SAM: 0.046484
607 - dRiverLake_d014          . 	SCC: 0.266479, 	SAM: 0.210099
608 - dRiverLake_d015          . 	SCC: 0.231070, 	SAM: 0.137899
609 - dRiverLake_d019          . 	SCC: 0.241735, 	SAM: 0.178827
610 - dRiverLake_d022          . 	SCC: 0.177046, 	SAM: 0.078527
611 - dRiverLake_d023          . 	SCC: 0.161735, 	SAM: 0.122406
612 - dRiverLake_d025          . 	SCC: 0.220962, 	SAM: 0.104450
613 - dRiverLake_d027          . 	SCC: 0.272878, 	SAM: 0.118907
614 - dRiverLake_d028          . 	SCC: 0.241100, 	SAM: 0.119066
615 - dRiverLake_d030          . 	SCC: 0.231392, 	SAM: 0.096400
616 - dRiverLake_d031          . 	SCC: 0.269269, 	SAM: 0.111815
617 - dRiverLake_d035          . 	SCC: 0.301198, 	SAM: 0.073416
618 - dRiverLake_d036          . 	SCC: 0.287367, 	SAM: 0.102122
619 - dRiverLake_d037          . 	SCC: 0.241334, 	SAM: 0.076565
620 - dRiverLake_d040          . 	SCC: 0.339300, 	SAM: 0.082039
621 - dRiverLake_d041          . 	SCC: 0.231659, 	SAM: 0.092322
622 - dRiverLake_d042          . 	SCC: 0.223791, 	SAM: 0.091408
623 - dRiverLake_d043          . 	SCC: 0.274114, 	SAM: 0.104012
624 - dRiverLake_d044          . 	SCC: 0.168785, 	SAM: 0.082113
625 - dRiverLake_d046          . 	SCC: 0.237122, 	SAM: 0.084798
626 - dRiverLake_d048          . 	SCC: 0.295473, 	SAM: 0.119657
627 - dRiverLake_d052          . 	SCC: 0.239040, 	SAM: 0.113748
628 - dRiverLake_d057          . 	SCC: 0.297031, 	SAM: 0.126137
629 - dRiverLake_d058          . 	SCC: 0.380546, 	SAM: 0.180976
630 - dRiverLake_d061          . 	SCC: 0.273443, 	SAM: 0.071563
631 - dRiverLake_d062          . 	SCC: 0.269327, 	SAM: 0.094036
632 - dRiverLake_d066          . 	SCC: 0.270008, 	SAM: 0.084700
633 - dRiverLake_d067          . 	SCC: 0.357293, 	SAM: 0.154413
634 - dRiverLake_d069          . 	SCC: 0.172587, 	SAM: 0.027132
635 - dRiverLake_d075          . 	SCC: 0.226197, 	SAM: 0.054502
636 - dRiverLake_d076          . 	SCC: 0.335268, 	SAM: 0.058882
637 - dRiverLake_d077          . 	SCC: 0.219114, 	SAM: 0.059430
638 - dRiverLake_d078          . 	SCC: 0.288218, 	SAM: 0.049702
639 - dRiverLake_d079          . 	SCC: 0.287019, 	SAM: 0.032765
640 - dRiverLake_d082          . 	SCC: 0.366318, 	SAM: 0.063072
641 - dRiverLake_d083          . 	SCC: 0.304005, 	SAM: 0.039491
642 - dRiverLake_d084          . 	SCC: 0.279401, 	SAM: 0.044812
643 - dRiverLake_d087          . 	SCC: 0.388812, 	SAM: 0.053513
644 - dRiverLake_d088          . 	SCC: 0.365428, 	SAM: 0.066662
645 - dRiverLake_d089          . 	SCC: 0.376929, 	SAM: 0.061898
646 - dRiverLake_d091          . 	SCC: 0.264252, 	SAM: 0.045243
647 - dRiverLake_d093          . 	SCC: 0.263903, 	SAM: 0.086868
648 - dRiverLake_d094          . 	SCC: 0.231042, 	SAM: 0.025165
649 - dRiverLake_d096          . 	SCC: 0.299223, 	SAM: 0.067998
650 - dRiverLake_d097          . 	SCC: 0.334386, 	SAM: 0.065552
651 - dRiverLake_d099          . 	SCC: 0.412069, 	SAM: 0.061692
652 - dRiverLake_d100          . 	SCC: 0.280615, 	SAM: 0.049800
653 - dRiverLake_d101          . 	SCC: 0.278989, 	SAM: 0.096596
654 - dRiverLake_d104          . 	SCC: 0.315182, 	SAM: 0.081337
655 - dRiverLake_d105          . 	SCC: 0.312200, 	SAM: 0.100967
656 - dRiverLake_d106          . 	SCC: 0.309661, 	SAM: 0.104415
657 - dRiverLake_d107          . 	SCC: 0.313477, 	SAM: 0.115795
658 - dRiverLake_d108          . 	SCC: 0.262501, 	SAM: 0.083344
659 - dRiverLake_d109          . 	SCC: 0.288512, 	SAM: 0.100244
660 - dRiverLake_d110          . 	SCC: 0.295677, 	SAM: 0.118246
661 - dRiverLake_d111          . 	SCC: 0.316118, 	SAM: 0.143847
662 - dRiverLake_d115          . 	SCC: 0.213781, 	SAM: 0.106277
663 - dRiverLake_d123          . 	SCC: 0.279578, 	SAM: 0.121219
664 - dRiverLake_d124          . 	SCC: 0.230420, 	SAM: 0.046471
665 - dRiverLake_d125          . 	SCC: 0.196042, 	SAM: 0.130017
666 - dRiverLake_d126          . 	SCC: 0.175751, 	SAM: 0.085553
667 - dRiverLake_d127          . 	SCC: 0.233385, 	SAM: 0.067796
668 - dRiverLake_d128          . 	SCC: 0.268306, 	SAM: 0.068996
669 - dRiverLake_d130          . 	SCC: 0.181999, 	SAM: 0.155540
670 - dRiverLake_d133          . 	SCC: 0.260353, 	SAM: 0.110526
671 - dRiverLake_d134          . 	SCC: 0.308641, 	SAM: 0.140850
672 - dRiverLake_d137          . 	SCC: 0.379287, 	SAM: 0.153265
673 - dRiverLake_d138          . 	SCC: 0.359141, 	SAM: 0.141771
674 - dRiverLake_d143          . 	SCC: 0.250997, 	SAM: 0.145717
675 - dRiverLake_d146          . 	SCC: 0.131417, 	SAM: 0.084092
676 - dRiverLake_d149          . 	SCC: 0.290080, 	SAM: 0.093242
677 - dRiverLake_d150          . 	SCC: 0.347586, 	SAM: 0.165085
678 - dRiverLake_d157          . 	SCC: 0.258890, 	SAM: 0.108167
679 - dRiverLake_d158          . 	SCC: 0.327241, 	SAM: 0.115466
680 - dRiverLake_d160          . 	SCC: 0.248794, 	SAM: 0.088314
681 - dRiverLake_d161          . 	SCC: 0.303979, 	SAM: 0.093229
682 - dRiverLake_d162          . 	SCC: 0.313585, 	SAM: 0.095558
683 - dRiverLake_d163          . 	SCC: 0.302222, 	SAM: 0.094172
684 - dRiverLake_d167          . 	SCC: 0.200219, 	SAM: 0.112816
685 - dRiverLake_d169          . 	SCC: 0.261279, 	SAM: 0.083318
686 - dRiverLake_d171          . 	SCC: 0.162977, 	SAM: 0.039116
687 - dRiverLake_d172          . 	SCC: 0.200099, 	SAM: 0.069979
688 - dRiverLake_d173          . 	SCC: 0.153154, 	SAM: 0.104289
689 - dRiverLake_d175          . 	SCC: 0.223736, 	SAM: 0.093218
690 - dRiverLake_d178          . 	SCC: 0.218192, 	SAM: 0.100376
691 - dRiverLake_d179          . 	SCC: 0.291419, 	SAM: 0.097799
692 - dRiverLake_d180          . 	SCC: 0.258458, 	SAM: 0.127723
693 - dRiverLake_d182          . 	SCC: 0.254575, 	SAM: 0.098270
694 - dRiverLake_d183          . 	SCC: 0.193908, 	SAM: 0.049250
695 - dRiverLake_d185          . 	SCC: 0.315431, 	SAM: 0.061243
696 - dRiverLake_d192          . 	SCC: 0.296086, 	SAM: 0.051525
697 - dRiverLake_d193          . 	SCC: 0.263624, 	SAM: 0.078154
698 - dRiverLake_d194          . 	SCC: 0.383318, 	SAM: 0.089847
699 - dRiverLake_d195          . 	SCC: 0.223557, 	SAM: 0.027953
700 - dRiverLake_d198          . 	SCC: 0.393230, 	SAM: 0.105101
701 - dRiverLake_d200          . 	SCC: 0.295622, 	SAM: 0.100934
702 - dRiverLake_d201          . 	SCC: 0.189625, 	SAM: 0.135273
703 - dRiverLake_d205          . 	SCC: 0.256870, 	SAM: 0.176650
704 - dRiverLake_d206          . 	SCC: 0.278100, 	SAM: 0.117735
705 - dRiverLake_d207          . 	SCC: 0.242424, 	SAM: 0.223094
706 - dRiverLake_d208          . 	SCC: 0.202156, 	SAM: 0.155212
707 - dRiverLake_d212          . 	SCC: 0.310189, 	SAM: 0.109128
708 - dRiverLake_d214          . 	SCC: 0.280615, 	SAM: 0.143930
709 - dRiverLake_d216          . 	SCC: 0.231480, 	SAM: 0.071947
710 - dRiverLake_d217          . 	SCC: 0.193879, 	SAM: 0.090986
711 - dRiverLake_d219          . 	SCC: 0.350311, 	SAM: 0.065546
712 - dRiverLake_d220          . 	SCC: 0.186524, 	SAM: 0.039346
713 - dRiverLake_d221          . 	SCC: 0.267641, 	SAM: 0.109790
714 - dRiverLake_d222          . 	SCC: 0.260084, 	SAM: 0.112370
715 - dRiverLake_d224          . 	SCC: 0.342589, 	SAM: 0.101459
716 - dRiverLake_d225          . 	SCC: 0.326450, 	SAM: 0.113319
717 - dRiverLake_d229          . 	SCC: 0.135100, 	SAM: 0.075252
718 - dRiverLake_d230          . 	SCC: 0.190468, 	SAM: 0.113081
719 - dRiverLake_d232          . 	SCC: 0.201968, 	SAM: 0.117945
720 - dRiverLake_d235          . 	SCC: 0.232233, 	SAM: 0.117608
721 - dRiverLake_d241          . 	SCC: 0.231935, 	SAM: 0.121179
722 - dRiverLake_d243          . 	SCC: 0.198376, 	SAM: 0.119729
723 - dRiverLake_d244          . 	SCC: 0.246749, 	SAM: 0.087001
724 - dRiverLake_d246          . 	SCC: 0.288182, 	SAM: 0.064812
725 - dRiverLake_d249          . 	SCC: 0.230790, 	SAM: 0.047009
726 - dRiverLake_d254          . 	SCC: 0.286264, 	SAM: 0.094788
727 - dRiverLake_d256          . 	SCC: 0.356895, 	SAM: 0.083075
728 - dRiverLake_d258          . 	SCC: 0.400363, 	SAM: 0.095863
729 - dRiverLake_d260          . 	SCC: 0.295218, 	SAM: 0.064615
730 - dRiverLake_d261          . 	SCC: 0.241135, 	SAM: 0.077113
731 - dRiverLake_d262          . 	SCC: 0.381939, 	SAM: 0.089953
732 - dRiverLake_d263          . 	SCC: 0.259621, 	SAM: 0.080693
733 - dRiverLake_d265          . 	SCC: 0.239495, 	SAM: 0.114731
734 - dRiverLake_d266          . 	SCC: 0.248625, 	SAM: 0.083434
735 - dRiverLake_d268          . 	SCC: 0.244228, 	SAM: 0.063635
736 - dRiverLake_d269          . 	SCC: 0.174034, 	SAM: 0.075978
737 - dRiverLake_d271          . 	SCC: 0.296074, 	SAM: 0.073324
738 - dRiverLake_d273          . 	SCC: 0.335715, 	SAM: 0.085448
739 - dRiverLake_d278          . 	SCC: 0.339997, 	SAM: 0.103949
740 - dRiverLake_d279          . 	SCC: 0.335536, 	SAM: 0.089576
741 - dRiverLake_d281          . 	SCC: 0.254852, 	SAM: 0.124471
742 - dRiverLake_d283          . 	SCC: 0.291683, 	SAM: 0.107088
743 - dRiverLake_d284          . 	SCC: 0.279689, 	SAM: 0.077812
744 - dRiverLake_d287          . 	SCC: 0.201700, 	SAM: 0.141622
745 - dRiverLake_d289          . 	SCC: 0.246535, 	SAM: 0.048551
746 - dRiverLake_d291          . 	SCC: 0.173381, 	SAM: 0.132230
747 - dRiverLake_d292          . 	SCC: 0.266599, 	SAM: 0.103049
748 - dRiverLake_d294          . 	SCC: 0.427367, 	SAM: 0.131479
749 - dRiverLake_d296          . 	SCC: 0.328699, 	SAM: 0.114237
750 - dRiverLake_d300          . 	SCC: 0.251582, 	SAM: 0.178707
751 - dRiverLake_d302          . 	SCC: 0.328761, 	SAM: 0.087629
752 - dRiverLake_d303          . 	SCC: 0.275874, 	SAM: 0.081490
753 - dRiverLake_d304          . 	SCC: 0.327116, 	SAM: 0.069326
754 - dRiverLake_d305          . 	SCC: 0.310527, 	SAM: 0.083130
755 - dRiverLake_d307          . 	SCC: 0.271363, 	SAM: 0.070850
756 - dRiverLake_d308          . 	SCC: 0.302352, 	SAM: 0.109670
757 - dRiverLake_d309          . 	SCC: 0.248171, 	SAM: 0.100125
758 - dRiverLake_d310          . 	SCC: 0.292630, 	SAM: 0.130877
759 - dRiverLake_d312          . 	SCC: 0.312377, 	SAM: 0.142808
760 - dRiverLake_d313          . 	SCC: 0.314904, 	SAM: 0.109486
761 - dRiverLake_d314          . 	SCC: 0.321002, 	SAM: 0.112576
762 - dRiverLake_d315          . 	SCC: 0.215734, 	SAM: 0.029465
763 - dRiverLake_d316          . 	SCC: 0.209068, 	SAM: 0.063283
764 - dRiverLake_d319          . 	SCC: 0.325325, 	SAM: 0.089323
765 - dRiverLake_d323          . 	SCC: 0.367726, 	SAM: 0.100502
766 - dRiverLake_d324          . 	SCC: 0.315574, 	SAM: 0.097704
767 - dRiverLake_d325          . 	SCC: 0.316109, 	SAM: 0.092673
768 - dRiverLake_d332          . 	SCC: 0.310796, 	SAM: 0.117333
769 - dRiverLake_d334          . 	SCC: 0.327903, 	SAM: 0.103400
770 - dRiverLake_d335          . 	SCC: 0.350660, 	SAM: 0.122175
771 - dRiverLake_d336          . 	SCC: 0.313177, 	SAM: 0.127353
772 - dRiverLake_d337          . 	SCC: 0.180761, 	SAM: 0.044641
773 - dRiverLake_d343          . 	SCC: 0.284230, 	SAM: 0.104268
774 - dRiverLake_d345          . 	SCC: 0.226710, 	SAM: 0.051609
775 - dRiverLake_d348          . 	SCC: 0.255798, 	SAM: 0.042527
776 - dRiverLake_d349          . 	SCC: 0.237105, 	SAM: 0.062709
777 - dRiverLake_d350          . 	SCC: 0.181485, 	SAM: 0.035906
778 - dRiverLake_d351          . 	SCC: 0.255596, 	SAM: 0.077631
779 - dRiverLake_d355          . 	SCC: 0.369345, 	SAM: 0.119998
780 - dRiverLake_d357          . 	SCC: 0.285258, 	SAM: 0.044250
781 - dRiverLake_d358          . 	SCC: 0.244057, 	SAM: 0.051214
782 - dRiverLake_d361          . 	SCC: 0.216263, 	SAM: 0.097954
783 - dRiverLake_d366          . 	SCC: 0.340737, 	SAM: 0.073147
784 - dRiverLake_d369          . 	SCC: 0.327336, 	SAM: 0.102420
785 - dRiverLake_d371          . 	SCC: 0.384620, 	SAM: 0.082861
786 - dRiverLake_d372          . 	SCC: 0.351127, 	SAM: 0.093624
787 - dRiverLake_d380          . 	SCC: 0.359317, 	SAM: 0.103663
788 - dRiverLake_d381          . 	SCC: 0.379874, 	SAM: 0.116857
789 - dRiverLake_d382          . 	SCC: 0.271536, 	SAM: 0.070016
790 - dRiverLake_d385          . 	SCC: 0.355853, 	SAM: 0.091592
791 - dRiverLake_d387          . 	SCC: 0.278197, 	SAM: 0.125474
792 - dRiverLake_d388          . 	SCC: 0.333745, 	SAM: 0.107361
793 - dRiverLake_d389          . 	SCC: 0.140406, 	SAM: 0.092677
794 - dRiverLake_d391          . 	SCC: 0.359928, 	SAM: 0.062854
795 - dRiverLake_d392          . 	SCC: 0.271013, 	SAM: 0.051915
796 - dRiverLake_d393          . 	SCC: 0.256634, 	SAM: 0.051267
797 - dRiverLake_d396          . 	SCC: 0.316770, 	SAM: 0.056628
798 - dRiverLake_d397          . 	SCC: 0.268921, 	SAM: 0.050456
799 - dRiverLake_d398          . 	SCC: 0.358147, 	SAM: 0.113219
800 - dRiverLake_d399          . 	SCC: 0.321930, 	SAM: 0.040455
801 - eForest_e001             . 	SCC: 0.309083, 	SAM: 0.198645
802 - eForest_e002             . 	SCC: 0.278113, 	SAM: 0.135407
803 - eForest_e003             . 	SCC: 0.335550, 	SAM: 0.131857
804 - eForest_e006             . 	SCC: 0.309092, 	SAM: 0.182344
805 - eForest_e007             . 	SCC: 0.322988, 	SAM: 0.164289
806 - eForest_e008             . 	SCC: 0.340600, 	SAM: 0.152286
807 - eForest_e009             . 	SCC: 0.307081, 	SAM: 0.179440
808 - eForest_e012             . 	SCC: 0.318703, 	SAM: 0.169819
809 - eForest_e013             . 	SCC: 0.269077, 	SAM: 0.275806
810 - eForest_e014             . 	SCC: 0.271820, 	SAM: 0.255120
811 - eForest_e015             . 	SCC: 0.279189, 	SAM: 0.275031
812 - eForest_e016             . 	SCC: 0.260060, 	SAM: 0.218281
813 - eForest_e017             . 	SCC: 0.299298, 	SAM: 0.186310
814 - eForest_e018             . 	SCC: 0.265370, 	SAM: 0.240325
815 - eForest_e019             . 	SCC: 0.296209, 	SAM: 0.203763
816 - eForest_e023             . 	SCC: 0.262454, 	SAM: 0.208932
817 - eForest_e025             . 	SCC: 0.263242, 	SAM: 0.240177
818 - eForest_e026             . 	SCC: 0.262284, 	SAM: 0.206815
819 - eForest_e028             . 	SCC: 0.278859, 	SAM: 0.211249
820 - eForest_e031             . 	SCC: 0.325797, 	SAM: 0.093980
821 - eForest_e036             . 	SCC: 0.310922, 	SAM: 0.165532
822 - eForest_e042             . 	SCC: 0.321829, 	SAM: 0.141862
823 - eForest_e043             . 	SCC: 0.303572, 	SAM: 0.216914
824 - eForest_e045             . 	SCC: 0.248155, 	SAM: 0.223237
825 - eForest_e048             . 	SCC: 0.315691, 	SAM: 0.110271
826 - eForest_e051             . 	SCC: 0.292810, 	SAM: 0.217887
827 - eForest_e052             . 	SCC: 0.263205, 	SAM: 0.224989
828 - eForest_e054             . 	SCC: 0.399385, 	SAM: 0.137981
829 - eForest_e056             . 	SCC: 0.307571, 	SAM: 0.151954
830 - eForest_e057             . 	SCC: 0.264211, 	SAM: 0.177748
831 - eForest_e058             . 	SCC: 0.395326, 	SAM: 0.121011
832 - eForest_e060             . 	SCC: 0.326693, 	SAM: 0.143355
833 - eForest_e061             . 	SCC: 0.281239, 	SAM: 0.237094
834 - eForest_e063             . 	SCC: 0.315467, 	SAM: 0.125871
835 - eForest_e064             . 	SCC: 0.298415, 	SAM: 0.141374
836 - eForest_e066             . 	SCC: 0.286373, 	SAM: 0.128831
837 - eForest_e068             . 	SCC: 0.370927, 	SAM: 0.084281
838 - eForest_e069             . 	SCC: 0.364217, 	SAM: 0.081437
839 - eForest_e070             . 	SCC: 0.388304, 	SAM: 0.066747
840 - eForest_e071             . 	SCC: 0.379542, 	SAM: 0.085071
841 - eForest_e072             . 	SCC: 0.389331, 	SAM: 0.101141
842 - eForest_e074             . 	SCC: 0.324692, 	SAM: 0.115883
843 - eForest_e077             . 	SCC: 0.292058, 	SAM: 0.167190
844 - eForest_e081             . 	SCC: 0.366647, 	SAM: 0.104394
845 - eForest_e083             . 	SCC: 0.340728, 	SAM: 0.147318
846 - eForest_e084             . 	SCC: 0.343368, 	SAM: 0.089167
847 - eForest_e092             . 	SCC: 0.341033, 	SAM: 0.083525
848 - eForest_e094             . 	SCC: 0.366680, 	SAM: 0.126761
849 - eForest_e095             . 	SCC: 0.330973, 	SAM: 0.114110
850 - eForest_e096             . 	SCC: 0.415379, 	SAM: 0.110582
851 - eForest_e098             . 	SCC: 0.279345, 	SAM: 0.130515
852 - eForest_e099             . 	SCC: 0.312569, 	SAM: 0.183083
853 - eForest_e103             . 	SCC: 0.298820, 	SAM: 0.182946
854 - eForest_e104             . 	SCC: 0.290413, 	SAM: 0.154475
855 - eForest_e105             . 	SCC: 0.330646, 	SAM: 0.169495
856 - eForest_e106             . 	SCC: 0.246616, 	SAM: 0.179554
857 - eForest_e107             . 	SCC: 0.256100, 	SAM: 0.176304
858 - eForest_e108             . 	SCC: 0.241028, 	SAM: 0.182049
859 - eForest_e110             . 	SCC: 0.241214, 	SAM: 0.143532
860 - eForest_e111             . 	SCC: 0.280523, 	SAM: 0.175551
861 - eForest_e112             . 	SCC: 0.252993, 	SAM: 0.205500
862 - eForest_e113             . 	SCC: 0.345536, 	SAM: 0.126152
863 - eForest_e115             . 	SCC: 0.244505, 	SAM: 0.145883
864 - eForest_e116             . 	SCC: 0.112599, 	SAM: 0.103626
865 - eForest_e117             . 	SCC: 0.328872, 	SAM: 0.162175
866 - eForest_e119             . 	SCC: 0.193892, 	SAM: 0.179352
867 - eForest_e120             . 	SCC: 0.282999, 	SAM: 0.185628
868 - eForest_e122             . 	SCC: 0.299699, 	SAM: 0.147373
869 - eForest_e123             . 	SCC: 0.298884, 	SAM: 0.144227
870 - eForest_e124             . 	SCC: 0.310605, 	SAM: 0.119445
871 - eForest_e126             . 	SCC: 0.260549, 	SAM: 0.115576
872 - eForest_e128             . 	SCC: 0.265658, 	SAM: 0.138670
873 - eForest_e129             . 	SCC: 0.284915, 	SAM: 0.105271
874 - eForest_e130             . 	SCC: 0.291290, 	SAM: 0.101829
875 - eForest_e133             . 	SCC: 0.277763, 	SAM: 0.132494
876 - eForest_e134             . 	SCC: 0.271107, 	SAM: 0.108929
877 - eForest_e136             . 	SCC: 0.296938, 	SAM: 0.110229
878 - eForest_e137             . 	SCC: 0.308621, 	SAM: 0.122805
879 - eForest_e138             . 	SCC: 0.326108, 	SAM: 0.165015
880 - eForest_e139             . 	SCC: 0.303867, 	SAM: 0.181384
881 - eForest_e140             . 	SCC: 0.343106, 	SAM: 0.167636
882 - eForest_e142             . 	SCC: 0.212083, 	SAM: 0.138531
883 - eForest_e143             . 	SCC: 0.204771, 	SAM: 0.151377
884 - eForest_e146             . 	SCC: 0.287093, 	SAM: 0.120471
885 - eForest_e148             . 	SCC: 0.255583, 	SAM: 0.160334
886 - eForest_e151             . 	SCC: 0.268990, 	SAM: 0.131874
887 - eForest_e152             . 	SCC: 0.238339, 	SAM: 0.136867
888 - eForest_e154             . 	SCC: 0.327091, 	SAM: 0.208621
889 - eForest_e157             . 	SCC: 0.219908, 	SAM: 0.122484
890 - eForest_e158             . 	SCC: 0.222097, 	SAM: 0.131378
891 - eForest_e160             . 	SCC: 0.251933, 	SAM: 0.137261
892 - eForest_e163             . 	SCC: 0.319443, 	SAM: 0.165136
893 - eForest_e164             . 	SCC: 0.301486, 	SAM: 0.194650
894 - eForest_e173             . 	SCC: 0.273947, 	SAM: 0.170400
895 - eForest_e175             . 	SCC: 0.252915, 	SAM: 0.171273
896 - eForest_e177             . 	SCC: 0.208915, 	SAM: 0.148926
897 - eForest_e178             . 	SCC: 0.229311, 	SAM: 0.116521
898 - eForest_e183             . 	SCC: 0.319585, 	SAM: 0.142232
899 - eForest_e184             . 	SCC: 0.299843, 	SAM: 0.156042
900 - eForest_e185             . 	SCC: 0.301829, 	SAM: 0.152688
901 - eForest_e188             . 	SCC: 0.373187, 	SAM: 0.132793
902 - eForest_e192             . 	SCC: 0.338447, 	SAM: 0.131060
903 - eForest_e193             . 	SCC: 0.347082, 	SAM: 0.108497
904 - eForest_e194             . 	SCC: 0.311590, 	SAM: 0.101878
905 - eForest_e196             . 	SCC: 0.323835, 	SAM: 0.124325
906 - eForest_e200             . 	SCC: 0.265906, 	SAM: 0.124730
907 - eForest_e201             . 	SCC: 0.353211, 	SAM: 0.130643
908 - eForest_e202             . 	SCC: 0.369948, 	SAM: 0.113371
909 - eForest_e205             . 	SCC: 0.282396, 	SAM: 0.200738
910 - eForest_e207             . 	SCC: 0.283505, 	SAM: 0.245634
911 - eForest_e211             . 	SCC: 0.292417, 	SAM: 0.211473
912 - eForest_e212             . 	SCC: 0.243737, 	SAM: 0.231933
913 - eForest_e215             . 	SCC: 0.241485, 	SAM: 0.215075
914 - eForest_e216             . 	SCC: 0.283993, 	SAM: 0.222705
915 - eForest_e217             . 	SCC: 0.283863, 	SAM: 0.162967
916 - eForest_e218             . 	SCC: 0.259824, 	SAM: 0.227774
917 - eForest_e222             . 	SCC: 0.384418, 	SAM: 0.121423
918 - eForest_e223             . 	SCC: 0.380885, 	SAM: 0.126312
919 - eForest_e228             . 	SCC: 0.330345, 	SAM: 0.162152
920 - eForest_e234             . 	SCC: 0.342263, 	SAM: 0.134393
921 - eForest_e239             . 	SCC: 0.336035, 	SAM: 0.127242
922 - eForest_e240             . 	SCC: 0.392049, 	SAM: 0.110068
923 - eForest_e243             . 	SCC: 0.332675, 	SAM: 0.147241
924 - eForest_e245             . 	SCC: 0.329057, 	SAM: 0.159234
925 - eForest_e246             . 	SCC: 0.336727, 	SAM: 0.107410
926 - eForest_e248             . 	SCC: 0.344554, 	SAM: 0.168362
927 - eForest_e249             . 	SCC: 0.362132, 	SAM: 0.144220
928 - eForest_e250             . 	SCC: 0.363079, 	SAM: 0.164099
929 - eForest_e251             . 	SCC: 0.358551, 	SAM: 0.173237
930 - eForest_e252             . 	SCC: 0.349817, 	SAM: 0.143321
931 - eForest_e254             . 	SCC: 0.345823, 	SAM: 0.113515
932 - eForest_e256             . 	SCC: 0.360584, 	SAM: 0.115424
933 - eForest_e261             . 	SCC: 0.328920, 	SAM: 0.138181
934 - eForest_e264             . 	SCC: 0.362347, 	SAM: 0.138006
935 - eForest_e265             . 	SCC: 0.341272, 	SAM: 0.141788
936 - eForest_e266             . 	SCC: 0.323499, 	SAM: 0.205600
937 - eForest_e267             . 	SCC: 0.363597, 	SAM: 0.165301
938 - eForest_e270             . 	SCC: 0.312950, 	SAM: 0.197541
939 - eForest_e271             . 	SCC: 0.335054, 	SAM: 0.233854
940 - eForest_e275             . 	SCC: 0.309027, 	SAM: 0.131239
941 - eForest_e277             . 	SCC: 0.344650, 	SAM: 0.124763
942 - eForest_e279             . 	SCC: 0.338760, 	SAM: 0.113028
943 - eForest_e280             . 	SCC: 0.324811, 	SAM: 0.141604
944 - eForest_e281             . 	SCC: 0.340425, 	SAM: 0.132903
945 - eForest_e282             . 	SCC: 0.341070, 	SAM: 0.141252
946 - eForest_e283             . 	SCC: 0.342444, 	SAM: 0.127780
947 - eForest_e296             . 	SCC: 0.322524, 	SAM: 0.163638
948 - eForest_e298             . 	SCC: 0.263623, 	SAM: 0.211546
949 - eForest_e299             . 	SCC: 0.255670, 	SAM: 0.204589
950 - eForest_e301             . 	SCC: 0.374095, 	SAM: 0.089662
951 - eForest_e304             . 	SCC: 0.299538, 	SAM: 0.106801
952 - eForest_e305             . 	SCC: 0.285194, 	SAM: 0.110245
953 - eForest_e307             . 	SCC: 0.310204, 	SAM: 0.139784
954 - eForest_e308             . 	SCC: 0.339108, 	SAM: 0.130241
955 - eForest_e310             . 	SCC: 0.343484, 	SAM: 0.128657
956 - eForest_e311             . 	SCC: 0.376432, 	SAM: 0.123969
957 - eForest_e312             . 	SCC: 0.285004, 	SAM: 0.106984
958 - eForest_e314             . 	SCC: 0.261684, 	SAM: 0.165063
959 - eForest_e316             . 	SCC: 0.399319, 	SAM: 0.134700
960 - eForest_e318             . 	SCC: 0.327899, 	SAM: 0.129474
961 - eForest_e319             . 	SCC: 0.312200, 	SAM: 0.130363
962 - eForest_e321             . 	SCC: 0.351024, 	SAM: 0.124243
963 - eForest_e323             . 	SCC: 0.345971, 	SAM: 0.135468
964 - eForest_e326             . 	SCC: 0.338963, 	SAM: 0.110017
965 - eForest_e329             . 	SCC: 0.365001, 	SAM: 0.115162
966 - eForest_e330             . 	SCC: 0.377316, 	SAM: 0.096938
967 - eForest_e332             . 	SCC: 0.313331, 	SAM: 0.136725
968 - eForest_e333             . 	SCC: 0.339858, 	SAM: 0.092740
969 - eForest_e337             . 	SCC: 0.282526, 	SAM: 0.098044
970 - eForest_e338             . 	SCC: 0.307778, 	SAM: 0.095464
971 - eForest_e340             . 	SCC: 0.321733, 	SAM: 0.116295
972 - eForest_e341             . 	SCC: 0.309361, 	SAM: 0.116984
973 - eForest_e344             . 	SCC: 0.349641, 	SAM: 0.126196
974 - eForest_e345             . 	SCC: 0.321416, 	SAM: 0.100351
975 - eForest_e346             . 	SCC: 0.338120, 	SAM: 0.145893
976 - eForest_e350             . 	SCC: 0.316461, 	SAM: 0.115666
977 - eForest_e352             . 	SCC: 0.341255, 	SAM: 0.102237
978 - eForest_e353             . 	SCC: 0.342710, 	SAM: 0.100097
979 - eForest_e358             . 	SCC: 0.362289, 	SAM: 0.114836
980 - eForest_e362             . 	SCC: 0.342224, 	SAM: 0.112747
981 - eForest_e365             . 	SCC: 0.372418, 	SAM: 0.134822
982 - eForest_e366             . 	SCC: 0.339811, 	SAM: 0.143828
983 - eForest_e368             . 	SCC: 0.309021, 	SAM: 0.151934
984 - eForest_e369             . 	SCC: 0.318277, 	SAM: 0.225367
985 - eForest_e370             . 	SCC: 0.330833, 	SAM: 0.128599
986 - eForest_e371             . 	SCC: 0.358098, 	SAM: 0.101767
987 - eForest_e373             . 	SCC: 0.341429, 	SAM: 0.101123
988 - eForest_e374             . 	SCC: 0.311377, 	SAM: 0.112519
989 - eForest_e375             . 	SCC: 0.330833, 	SAM: 0.107771
990 - eForest_e376             . 	SCC: 0.319035, 	SAM: 0.107937
991 - eForest_e379             . 	SCC: 0.310402, 	SAM: 0.114383
992 - eForest_e389             . 	SCC: 0.328610, 	SAM: 0.157698
993 - eForest_e390             . 	SCC: 0.315304, 	SAM: 0.177597
994 - eForest_e391             . 	SCC: 0.324743, 	SAM: 0.185167
995 - eForest_e392             . 	SCC: 0.300443, 	SAM: 0.180596
996 - eForest_e393             . 	SCC: 0.299178, 	SAM: 0.181490
997 - eForest_e396             . 	SCC: 0.272594, 	SAM: 0.218512
998 - eForest_e397             . 	SCC: 0.220093, 	SAM: 0.229672
999 - eForest_e398             . 	SCC: 0.257015, 	SAM: 0.198107
1000 - eForest_e399             . 	SCC: 0.227789, 	SAM: 0.187222
1001 - fResident_f001           . 	SCC: 0.403032, 	SAM: 0.102435
1002 - fResident_f002           . 	SCC: 0.373330, 	SAM: 0.099867
1003 - fResident_f003           . 	SCC: 0.375056, 	SAM: 0.102707
1004 - fResident_f004           . 	SCC: 0.395882, 	SAM: 0.100818
1005 - fResident_f005           . 	SCC: 0.348284, 	SAM: 0.098731
1006 - fResident_f006           . 	SCC: 0.408185, 	SAM: 0.142466
1007 - fResident_f007           . 	SCC: 0.397392, 	SAM: 0.129854
1008 - fResident_f009           . 	SCC: 0.343386, 	SAM: 0.119858
1009 - fResident_f010           . 	SCC: 0.556965, 	SAM: 0.061936
1010 - fResident_f013           . 	SCC: 0.454820, 	SAM: 0.130943
1011 - fResident_f019           . 	SCC: 0.420718, 	SAM: 0.101423
1012 - fResident_f020           . 	SCC: 0.521881, 	SAM: 0.068349
1013 - fResident_f023           . 	SCC: 0.504930, 	SAM: 0.070690
1014 - fResident_f025           . 	SCC: 0.474305, 	SAM: 0.081612
1015 - fResident_f026           . 	SCC: 0.493649, 	SAM: 0.062288
1016 - fResident_f027           . 	SCC: 0.511709, 	SAM: 0.064104
1017 - fResident_f028           . 	SCC: 0.531451, 	SAM: 0.057598
1018 - fResident_f029           . 	SCC: 0.483613, 	SAM: 0.075768
1019 - fResident_f031           . 	SCC: 0.524375, 	SAM: 0.058101
1020 - fResident_f036           . 	SCC: 0.425939, 	SAM: 0.067408
1021 - fResident_f037           . 	SCC: 0.424219, 	SAM: 0.063568
1022 - fResident_f046           . 	SCC: 0.513203, 	SAM: 0.055211
1023 - fResident_f047           . 	SCC: 0.477559, 	SAM: 0.078057
1024 - fResident_f048           . 	SCC: 0.519477, 	SAM: 0.064592
1025 - fResident_f049           . 	SCC: 0.487412, 	SAM: 0.073821
1026 - fResident_f050           . 	SCC: 0.471091, 	SAM: 0.083320
1027 - fResident_f052           . 	SCC: 0.506703, 	SAM: 0.069707
1028 - fResident_f054           . 	SCC: 0.496272, 	SAM: 0.070180
1029 - fResident_f055           . 	SCC: 0.435293, 	SAM: 0.072753
1030 - fResident_f056           . 	SCC: 0.475719, 	SAM: 0.072168
1031 - fResident_f057           . 	SCC: 0.473703, 	SAM: 0.094507
1032 - fResident_f060           . 	SCC: 0.435500, 	SAM: 0.104732
1033 - fResident_f062           . 	SCC: 0.482101, 	SAM: 0.094151
1034 - fResident_f068           . 	SCC: 0.442382, 	SAM: 0.064436
1035 - fResident_f069           . 	SCC: 0.446491, 	SAM: 0.065493
1036 - fResident_f075           . 	SCC: 0.485945, 	SAM: 0.069649
1037 - fResident_f076           . 	SCC: 0.437238, 	SAM: 0.080888
1038 - fResident_f077           . 	SCC: 0.466971, 	SAM: 0.068867
1039 - fResident_f080           . 	SCC: 0.470396, 	SAM: 0.094416
1040 - fResident_f084           . 	SCC: 0.485431, 	SAM: 0.051582
1041 - fResident_f085           . 	SCC: 0.455426, 	SAM: 0.118536
1042 - fResident_f088           . 	SCC: 0.453352, 	SAM: 0.132811
1043 - fResident_f091           . 	SCC: 0.500934, 	SAM: 0.101930
1044 - fResident_f092           . 	SCC: 0.421786, 	SAM: 0.101318
1045 - fResident_f095           . 	SCC: 0.362674, 	SAM: 0.188749
1046 - fResident_f097           . 	SCC: 0.452705, 	SAM: 0.060217
1047 - fResident_f098           . 	SCC: 0.445557, 	SAM: 0.155395
1048 - fResident_f099           . 	SCC: 0.511610, 	SAM: 0.082480
1049 - fResident_f100           . 	SCC: 0.525349, 	SAM: 0.091272
1050 - fResident_f101           . 	SCC: 0.377136, 	SAM: 0.117359
1051 - fResident_f102           . 	SCC: 0.359917, 	SAM: 0.119004
1052 - fResident_f104           . 	SCC: 0.322044, 	SAM: 0.141822
1053 - fResident_f105           . 	SCC: 0.397242, 	SAM: 0.133216
1054 - fResident_f106           . 	SCC: 0.330296, 	SAM: 0.144381
1055 - fResident_f107           . 	SCC: 0.360861, 	SAM: 0.129662
1056 - fResident_f108           . 	SCC: 0.337613, 	SAM: 0.122372
1057 - fResident_f109           . 	SCC: 0.309448, 	SAM: 0.124045
1058 - fResident_f112           . 	SCC: 0.401401, 	SAM: 0.150442
1059 - fResident_f113           . 	SCC: 0.398664, 	SAM: 0.151191
1060 - fResident_f114           . 	SCC: 0.398102, 	SAM: 0.102710
1061 - fResident_f116           . 	SCC: 0.406768, 	SAM: 0.125828
1062 - fResident_f117           . 	SCC: 0.389416, 	SAM: 0.126792
1063 - fResident_f118           . 	SCC: 0.405684, 	SAM: 0.127509
1064 - fResident_f119           . 	SCC: 0.413226, 	SAM: 0.125221
1065 - fResident_f120           . 	SCC: 0.419350, 	SAM: 0.145123
1066 - fResident_f123           . 	SCC: 0.504702, 	SAM: 0.125563
1067 - fResident_f124           . 	SCC: 0.374080, 	SAM: 0.133532
1068 - fResident_f125           . 	SCC: 0.472809, 	SAM: 0.124027
1069 - fResident_f126           . 	SCC: 0.456230, 	SAM: 0.127502
1070 - fResident_f127           . 	SCC: 0.509152, 	SAM: 0.098307
1071 - fResident_f130           . 	SCC: 0.429724, 	SAM: 0.137738
1072 - fResident_f131           . 	SCC: 0.403417, 	SAM: 0.087889
1073 - fResident_f132           . 	SCC: 0.397562, 	SAM: 0.147156
1074 - fResident_f136           . 	SCC: 0.459050, 	SAM: 0.120799
1075 - fResident_f138           . 	SCC: 0.461907, 	SAM: 0.099677
1076 - fResident_f139           . 	SCC: 0.492371, 	SAM: 0.095401
1077 - fResident_f144           . 	SCC: 0.462325, 	SAM: 0.100791
1078 - fResident_f146           . 	SCC: 0.392273, 	SAM: 0.133014
1079 - fResident_f150           . 	SCC: 0.415342, 	SAM: 0.113234
1080 - fResident_f153           . 	SCC: 0.417936, 	SAM: 0.108340
1081 - fResident_f156           . 	SCC: 0.397061, 	SAM: 0.142600
1082 - fResident_f162           . 	SCC: 0.402013, 	SAM: 0.176550
1083 - fResident_f166           . 	SCC: 0.353625, 	SAM: 0.190308
1084 - fResident_f167           . 	SCC: 0.342604, 	SAM: 0.191187
1085 - fResident_f171           . 	SCC: 0.392287, 	SAM: 0.099808
1086 - fResident_f172           . 	SCC: 0.420529, 	SAM: 0.124288
1087 - fResident_f173           . 	SCC: 0.393451, 	SAM: 0.132571
1088 - fResident_f175           . 	SCC: 0.321813, 	SAM: 0.101125
1089 - fResident_f176           . 	SCC: 0.350451, 	SAM: 0.116410
1090 - fResident_f179           . 	SCC: 0.483953, 	SAM: 0.116301
1091 - fResident_f183           . 	SCC: 0.475508, 	SAM: 0.084327
1092 - fResident_f184           . 	SCC: 0.471920, 	SAM: 0.081313
1093 - fResident_f192           . 	SCC: 0.418037, 	SAM: 0.110426
1094 - fResident_f193           . 	SCC: 0.380776, 	SAM: 0.113902
1095 - fResident_f194           . 	SCC: 0.454756, 	SAM: 0.101487
1096 - fResident_f195           . 	SCC: 0.420787, 	SAM: 0.140692
1097 - fResident_f196           . 	SCC: 0.378564, 	SAM: 0.108076
1098 - fResident_f200           . 	SCC: 0.561524, 	SAM: 0.094313
1099 - fResident_f201           . 	SCC: 0.306078, 	SAM: 0.159915
1100 - fResident_f202           . 	SCC: 0.439332, 	SAM: 0.129645
1101 - fResident_f203           . 	SCC: 0.432340, 	SAM: 0.142290
1102 - fResident_f206           . 	SCC: 0.509737, 	SAM: 0.108314
1103 - fResident_f207           . 	SCC: 0.452564, 	SAM: 0.135092
1104 - fResident_f209           . 	SCC: 0.471572, 	SAM: 0.136166
1105 - fResident_f212           . 	SCC: 0.618979, 	SAM: 0.122750
1106 - fResident_f214           . 	SCC: 0.571400, 	SAM: 0.117768
1107 - fResident_f215           . 	SCC: 0.456001, 	SAM: 0.143727
1108 - fResident_f216           . 	SCC: 0.507469, 	SAM: 0.118230
1109 - fResident_f220           . 	SCC: 0.432107, 	SAM: 0.136591
1110 - fResident_f222           . 	SCC: 0.482006, 	SAM: 0.121421
1111 - fResident_f227           . 	SCC: 0.488234, 	SAM: 0.141718
1112 - fResident_f233           . 	SCC: 0.509130, 	SAM: 0.126456
1113 - fResident_f235           . 	SCC: 0.463073, 	SAM: 0.111725
1114 - fResident_f236           . 	SCC: 0.474835, 	SAM: 0.115744
1115 - fResident_f237           . 	SCC: 0.458285, 	SAM: 0.079883
1116 - fResident_f238           . 	SCC: 0.575928, 	SAM: 0.103767
1117 - fResident_f241           . 	SCC: 0.493315, 	SAM: 0.136878
1118 - fResident_f242           . 	SCC: 0.399706, 	SAM: 0.167421
1119 - fResident_f247           . 	SCC: 0.432458, 	SAM: 0.147404
1120 - fResident_f249           . 	SCC: 0.487431, 	SAM: 0.107602
1121 - fResident_f250           . 	SCC: 0.436665, 	SAM: 0.105069
1122 - fResident_f254           . 	SCC: 0.471515, 	SAM: 0.109581
1123 - fResident_f257           . 	SCC: 0.432340, 	SAM: 0.112798
1124 - fResident_f258           . 	SCC: 0.406767, 	SAM: 0.110520
1125 - fResident_f259           . 	SCC: 0.428449, 	SAM: 0.107508
1126 - fResident_f260           . 	SCC: 0.419735, 	SAM: 0.109253
1127 - fResident_f265           . 	SCC: 0.396016, 	SAM: 0.122641
1128 - fResident_f267           . 	SCC: 0.544736, 	SAM: 0.117508
1129 - fResident_f268           . 	SCC: 0.511905, 	SAM: 0.143765
1130 - fResident_f269           . 	SCC: 0.503402, 	SAM: 0.136576
1131 - fResident_f271           . 	SCC: 0.527241, 	SAM: 0.139528
1132 - fResident_f273           . 	SCC: 0.487407, 	SAM: 0.150595
1133 - fResident_f274           . 	SCC: 0.445868, 	SAM: 0.151472
1134 - fResident_f276           . 	SCC: 0.472276, 	SAM: 0.151387
1135 - fResident_f277           . 	SCC: 0.437735, 	SAM: 0.152219
1136 - fResident_f279           . 	SCC: 0.443929, 	SAM: 0.121874
1137 - fResident_f281           . 	SCC: 0.423186, 	SAM: 0.119425
1138 - fResident_f283           . 	SCC: 0.475378, 	SAM: 0.133583
1139 - fResident_f284           . 	SCC: 0.459752, 	SAM: 0.125367
1140 - fResident_f285           . 	SCC: 0.439482, 	SAM: 0.155049
1141 - fResident_f286           . 	SCC: 0.465952, 	SAM: 0.136246
1142 - fResident_f287           . 	SCC: 0.467600, 	SAM: 0.110211
1143 - fResident_f289           . 	SCC: 0.470476, 	SAM: 0.127361
1144 - fResident_f290           . 	SCC: 0.484086, 	SAM: 0.119686
1145 - fResident_f292           . 	SCC: 0.479445, 	SAM: 0.120404
1146 - fResident_f293           . 	SCC: 0.455527, 	SAM: 0.092653
1147 - fResident_f295           . 	SCC: 0.451205, 	SAM: 0.133540
1148 - fResident_f299           . 	SCC: 0.427600, 	SAM: 0.125852
1149 - fResident_f302           . 	SCC: 0.397205, 	SAM: 0.146915
1150 - fResident_f303           . 	SCC: 0.384628, 	SAM: 0.148990
1151 - fResident_f304           . 	SCC: 0.359984, 	SAM: 0.166871
1152 - fResident_f305           . 	SCC: 0.342706, 	SAM: 0.173809
1153 - fResident_f306           . 	SCC: 0.363187, 	SAM: 0.138607
1154 - fResident_f307           . 	SCC: 0.340037, 	SAM: 0.149500
1155 - fResident_f308           . 	SCC: 0.389715, 	SAM: 0.158842
1156 - fResident_f311           . 	SCC: 0.373480, 	SAM: 0.151412
1157 - fResident_f313           . 	SCC: 0.309215, 	SAM: 0.196626
1158 - fResident_f316           . 	SCC: 0.370201, 	SAM: 0.191062
1159 - fResident_f317           . 	SCC: 0.373318, 	SAM: 0.180276
1160 - fResident_f320           . 	SCC: 0.376208, 	SAM: 0.182185
1161 - fResident_f321           . 	SCC: 0.397210, 	SAM: 0.184614
1162 - fResident_f326           . 	SCC: 0.327728, 	SAM: 0.159997
1163 - fResident_f329           . 	SCC: 0.366939, 	SAM: 0.153551
1164 - fResident_f330           . 	SCC: 0.360429, 	SAM: 0.153196
1165 - fResident_f337           . 	SCC: 0.361707, 	SAM: 0.180742
1166 - fResident_f338           . 	SCC: 0.349893, 	SAM: 0.165623
1167 - fResident_f340           . 	SCC: 0.358402, 	SAM: 0.122992
1168 - fResident_f341           . 	SCC: 0.336811, 	SAM: 0.132679
1169 - fResident_f342           . 	SCC: 0.348092, 	SAM: 0.127219
1170 - fResident_f343           . 	SCC: 0.383683, 	SAM: 0.106834
1171 - fResident_f345           . 	SCC: 0.367121, 	SAM: 0.116668
1172 - fResident_f347           . 	SCC: 0.364634, 	SAM: 0.121550
1173 - fResident_f348           . 	SCC: 0.375597, 	SAM: 0.100402
1174 - fResident_f349           . 	SCC: 0.368070, 	SAM: 0.107827
1175 - fResident_f350           . 	SCC: 0.438074, 	SAM: 0.100070
1176 - fResident_f351           . 	SCC: 0.407557, 	SAM: 0.125840
1177 - fResident_f352           . 	SCC: 0.378148, 	SAM: 0.122026
1178 - fResident_f356           . 	SCC: 0.378234, 	SAM: 0.111074
1179 - fResident_f357           . 	SCC: 0.343759, 	SAM: 0.140920
1180 - fResident_f358           . 	SCC: 0.330997, 	SAM: 0.162364
1181 - fResident_f360           . 	SCC: 0.321934, 	SAM: 0.148593
1182 - fResident_f362           . 	SCC: 0.312444, 	SAM: 0.133188
1183 - fResident_f363           . 	SCC: 0.428027, 	SAM: 0.138710
1184 - fResident_f367           . 	SCC: 0.450261, 	SAM: 0.099600
1185 - fResident_f370           . 	SCC: 0.435685, 	SAM: 0.133396
1186 - fResident_f371           . 	SCC: 0.398624, 	SAM: 0.108222
1187 - fResident_f372           . 	SCC: 0.378573, 	SAM: 0.111580
1188 - fResident_f374           . 	SCC: 0.394810, 	SAM: 0.105160
1189 - fResident_f375           . 	SCC: 0.398507, 	SAM: 0.112350
1190 - fResident_f376           . 	SCC: 0.369820, 	SAM: 0.113703
1191 - fResident_f378           . 	SCC: 0.416867, 	SAM: 0.120883
1192 - fResident_f386           . 	SCC: 0.373576, 	SAM: 0.149654
1193 - fResident_f390           . 	SCC: 0.402340, 	SAM: 0.148430
1194 - fResident_f392           . 	SCC: 0.398371, 	SAM: 0.159868
1195 - fResident_f394           . 	SCC: 0.378086, 	SAM: 0.154904
1196 - fResident_f395           . 	SCC: 0.397805, 	SAM: 0.129688
1197 - fResident_f397           . 	SCC: 0.396353, 	SAM: 0.151658
1198 - fResident_f398           . 	SCC: 0.406118, 	SAM: 0.139852
1199 - fResident_f399           . 	SCC: 0.393189, 	SAM: 0.147877
1200 - fResident_f400           . 	SCC: 0.408766, 	SAM: 0.136387
1201 - gParking_g001            . 	SCC: 0.415327, 	SAM: 0.115665
1202 - gParking_g002            . 	SCC: 0.665187, 	SAM: 0.117750
1203 - gParking_g006            . 	SCC: 0.408499, 	SAM: 0.111802
1204 - gParking_g007            . 	SCC: 0.403801, 	SAM: 0.102616
1205 - gParking_g009            . 	SCC: 0.402289, 	SAM: 0.103058
1206 - gParking_g010            . 	SCC: 0.418242, 	SAM: 0.107323
1207 - gParking_g011            . 	SCC: 0.468464, 	SAM: 0.091705
1208 - gParking_g012            . 	SCC: 0.420540, 	SAM: 0.114139
1209 - gParking_g013            . 	SCC: 0.370849, 	SAM: 0.159122
1210 - gParking_g014            . 	SCC: 0.371740, 	SAM: 0.125089
1211 - gParking_g015            . 	SCC: 0.426714, 	SAM: 0.154636
1212 - gParking_g017            . 	SCC: 0.383310, 	SAM: 0.150548
1213 - gParking_g018            . 	SCC: 0.390943, 	SAM: 0.126001
1214 - gParking_g021            . 	SCC: 0.321077, 	SAM: 0.107046
1215 - gParking_g023            . 	SCC: 0.325698, 	SAM: 0.045290
1216 - gParking_g024            . 	SCC: 0.389362, 	SAM: 0.047914
1217 - gParking_g025            . 	SCC: 0.454263, 	SAM: 0.107277
1218 - gParking_g028            . 	SCC: 0.326647, 	SAM: 0.089447
1219 - gParking_g029            . 	SCC: 0.360883, 	SAM: 0.038607
1220 - gParking_g030            . 	SCC: 0.360700, 	SAM: 0.064308
1221 - gParking_g032            . 	SCC: 0.336647, 	SAM: 0.085689
1222 - gParking_g033            . 	SCC: 0.382005, 	SAM: 0.094108
1223 - gParking_g034            . 	SCC: 0.399308, 	SAM: 0.100931
1224 - gParking_g036            . 	SCC: 0.320621, 	SAM: 0.112364
1225 - gParking_g037            . 	SCC: 0.371583, 	SAM: 0.102232
1226 - gParking_g038            . 	SCC: 0.390962, 	SAM: 0.092697
1227 - gParking_g039            . 	SCC: 0.464948, 	SAM: 0.074283
1228 - gParking_g042            . 	SCC: 0.431846, 	SAM: 0.131804
1229 - gParking_g043            . 	SCC: 0.502622, 	SAM: 0.101856
1230 - gParking_g044            . 	SCC: 0.419481, 	SAM: 0.076731
1231 - gParking_g047            . 	SCC: 0.359385, 	SAM: 0.102314
1232 - gParking_g048            . 	SCC: 0.399984, 	SAM: 0.087049
1233 - gParking_g050            . 	SCC: 0.372238, 	SAM: 0.076613
1234 - gParking_g051            . 	SCC: 0.436717, 	SAM: 0.082467
1235 - gParking_g053            . 	SCC: 0.418500, 	SAM: 0.062023
1236 - gParking_g054            . 	SCC: 0.359139, 	SAM: 0.150499
1237 - gParking_g059            . 	SCC: 0.393470, 	SAM: 0.081467
1238 - gParking_g060            . 	SCC: 0.479570, 	SAM: 0.152154
1239 - gParking_g062            . 	SCC: 0.413775, 	SAM: 0.130797
1240 - gParking_g064            . 	SCC: 0.513822, 	SAM: 0.122168
1241 - gParking_g065            . 	SCC: 0.492569, 	SAM: 0.082832
1242 - gParking_g066            . 	SCC: 0.453294, 	SAM: 0.093314
1243 - gParking_g068            . 	SCC: 0.351553, 	SAM: 0.107499
1244 - gParking_g070            . 	SCC: 0.331808, 	SAM: 0.117034
1245 - gParking_g073            . 	SCC: 0.509994, 	SAM: 0.119272
1246 - gParking_g074            . 	SCC: 0.387706, 	SAM: 0.099561
1247 - gParking_g077            . 	SCC: 0.444185, 	SAM: 0.108974
1248 - gParking_g082            . 	SCC: 0.450849, 	SAM: 0.100882
1249 - gParking_g083            . 	SCC: 0.429332, 	SAM: 0.109640
1250 - gParking_g086            . 	SCC: 0.385185, 	SAM: 0.058401
1251 - gParking_g087            . 	SCC: 0.441885, 	SAM: 0.052019
1252 - gParking_g088            . 	SCC: 0.408675, 	SAM: 0.133198
1253 - gParking_g092            . 	SCC: 0.479638, 	SAM: 0.107483
1254 - gParking_g094            . 	SCC: 0.496443, 	SAM: 0.116740
1255 - gParking_g097            . 	SCC: 0.477661, 	SAM: 0.068723
1256 - gParking_g098            . 	SCC: 0.465410, 	SAM: 0.093284
1257 - gParking_g100            . 	SCC: 0.407722, 	SAM: 0.056268
1258 - gParking_g101            . 	SCC: 0.297335, 	SAM: 0.095297
1259 - gParking_g102            . 	SCC: 0.426588, 	SAM: 0.087187
1260 - gParking_g105            . 	SCC: 0.292789, 	SAM: 0.081019
1261 - gParking_g106            . 	SCC: 0.330789, 	SAM: 0.096199
1262 - gParking_g108            . 	SCC: 0.336533, 	SAM: 0.106740
1263 - gParking_g109            . 	SCC: 0.390374, 	SAM: 0.109870
1264 - gParking_g111            . 	SCC: 0.324270, 	SAM: 0.070765
1265 - gParking_g112            . 	SCC: 0.365873, 	SAM: 0.082284
1266 - gParking_g113            . 	SCC: 0.363835, 	SAM: 0.061197
1267 - gParking_g114            . 	SCC: 0.368596, 	SAM: 0.103695
1268 - gParking_g118            . 	SCC: 0.376992, 	SAM: 0.078242
1269 - gParking_g122            . 	SCC: 0.392889, 	SAM: 0.082766
1270 - gParking_g124            . 	SCC: 0.382705, 	SAM: 0.109031
1271 - gParking_g126            . 	SCC: 0.366088, 	SAM: 0.095183
1272 - gParking_g130            . 	SCC: 0.444053, 	SAM: 0.103993
1273 - gParking_g131            . 	SCC: 0.419973, 	SAM: 0.120953
1274 - gParking_g133            . 	SCC: 0.453093, 	SAM: 0.105038
1275 - gParking_g134            . 	SCC: 0.413445, 	SAM: 0.121484
1276 - gParking_g135            . 	SCC: 0.393680, 	SAM: 0.131822
1277 - gParking_g137            . 	SCC: 0.402180, 	SAM: 0.098269
1278 - gParking_g142            . 	SCC: 0.400571, 	SAM: 0.113211
1279 - gParking_g144            . 	SCC: 0.353427, 	SAM: 0.098811
1280 - gParking_g145            . 	SCC: 0.382040, 	SAM: 0.169846
1281 - gParking_g151            . 	SCC: 0.361250, 	SAM: 0.105207
1282 - gParking_g154            . 	SCC: 0.330463, 	SAM: 0.148950
1283 - gParking_g155            . 	SCC: 0.324629, 	SAM: 0.127862
1284 - gParking_g157            . 	SCC: 0.272318, 	SAM: 0.069364
1285 - gParking_g159            . 	SCC: 0.346101, 	SAM: 0.123900
1286 - gParking_g160            . 	SCC: 0.416683, 	SAM: 0.090498
1287 - gParking_g162            . 	SCC: 0.380000, 	SAM: 0.103441
1288 - gParking_g169            . 	SCC: 0.395833, 	SAM: 0.130477
1289 - gParking_g174            . 	SCC: 0.397773, 	SAM: 0.124283
1290 - gParking_g175            . 	SCC: 0.396816, 	SAM: 0.114983
1291 - gParking_g183            . 	SCC: 0.478946, 	SAM: 0.104183
1292 - gParking_g184            . 	SCC: 0.348423, 	SAM: 0.106006
1293 - gParking_g185            . 	SCC: 0.400270, 	SAM: 0.128279
1294 - gParking_g187            . 	SCC: 0.520816, 	SAM: 0.089309
1295 - gParking_g188            . 	SCC: 0.426322, 	SAM: 0.072208
1296 - gParking_g189            . 	SCC: 0.356295, 	SAM: 0.098684
1297 - gParking_g190            . 	SCC: 0.302217, 	SAM: 0.088225
1298 - gParking_g191            . 	SCC: 0.325493, 	SAM: 0.063452
1299 - gParking_g197            . 	SCC: 0.348941, 	SAM: 0.140176
1300 - gParking_g199            . 	SCC: 0.362882, 	SAM: 0.166517
1301 - gParking_g200            . 	SCC: 0.410890, 	SAM: 0.094764
1302 - gParking_g201            . 	SCC: 0.319908, 	SAM: 0.112599
1303 - gParking_g202            . 	SCC: 0.382674, 	SAM: 0.145238
1304 - gParking_g205            . 	SCC: 0.454015, 	SAM: 0.078976
1305 - gParking_g207            . 	SCC: 0.324820, 	SAM: 0.113447
1306 - gParking_g210            . 	SCC: 0.425781, 	SAM: 0.126411
1307 - gParking_g211            . 	SCC: 0.358390, 	SAM: 0.113627
1308 - gParking_g213            . 	SCC: 0.405107, 	SAM: 0.130695
1309 - gParking_g215            . 	SCC: 0.327658, 	SAM: 0.151819
1310 - gParking_g216            . 	SCC: 0.315442, 	SAM: 0.150756
1311 - gParking_g217            . 	SCC: 0.276465, 	SAM: 0.134706
1312 - gParking_g220            . 	SCC: 0.373410, 	SAM: 0.110171
1313 - gParking_g221            . 	SCC: 0.377825, 	SAM: 0.109051
1314 - gParking_g222            . 	SCC: 0.311827, 	SAM: 0.139391
1315 - gParking_g223            . 	SCC: 0.288968, 	SAM: 0.138928
1316 - gParking_g224            . 	SCC: 0.363690, 	SAM: 0.170914
1317 - gParking_g225            . 	SCC: 0.315416, 	SAM: 0.151689
1318 - gParking_g226            . 	SCC: 0.293965, 	SAM: 0.167105
1319 - gParking_g229            . 	SCC: 0.375280, 	SAM: 0.103397
1320 - gParking_g230            . 	SCC: 0.458048, 	SAM: 0.088706
1321 - gParking_g231            . 	SCC: 0.360071, 	SAM: 0.099747
1322 - gParking_g232            . 	SCC: 0.426168, 	SAM: 0.095175
1323 - gParking_g234            . 	SCC: 0.425727, 	SAM: 0.126969
1324 - gParking_g237            . 	SCC: 0.395520, 	SAM: 0.111109
1325 - gParking_g238            . 	SCC: 0.361838, 	SAM: 0.085859
1326 - gParking_g239            . 	SCC: 0.376031, 	SAM: 0.082711
1327 - gParking_g241            . 	SCC: 0.432924, 	SAM: 0.104468
1328 - gParking_g243            . 	SCC: 0.400633, 	SAM: 0.090764
1329 - gParking_g247            . 	SCC: 0.328943, 	SAM: 0.123464
1330 - gParking_g249            . 	SCC: 0.334256, 	SAM: 0.055002
1331 - gParking_g250            . 	SCC: 0.329976, 	SAM: 0.059662
1332 - gParking_g252            . 	SCC: 0.418487, 	SAM: 0.048032
1333 - gParking_g256            . 	SCC: 0.412089, 	SAM: 0.086940
1334 - gParking_g257            . 	SCC: 0.436924, 	SAM: 0.069271
1335 - gParking_g258            . 	SCC: 0.465243, 	SAM: 0.112484
1336 - gParking_g260            . 	SCC: 0.427281, 	SAM: 0.109686
1337 - gParking_g262            . 	SCC: 0.398133, 	SAM: 0.111853
1338 - gParking_g263            . 	SCC: 0.386494, 	SAM: 0.120179
1339 - gParking_g266            . 	SCC: 0.414893, 	SAM: 0.119900
1340 - gParking_g267            . 	SCC: 0.349653, 	SAM: 0.143875
1341 - gParking_g268            . 	SCC: 0.364499, 	SAM: 0.146320
1342 - gParking_g271            . 	SCC: 0.369321, 	SAM: 0.107706
1343 - gParking_g275            . 	SCC: 0.316445, 	SAM: 0.123152
1344 - gParking_g277            . 	SCC: 0.394539, 	SAM: 0.108004
1345 - gParking_g278            . 	SCC: 0.305845, 	SAM: 0.147136
1346 - gParking_g281            . 	SCC: 0.446203, 	SAM: 0.100272
1347 - gParking_g289            . 	SCC: 0.466180, 	SAM: 0.072948
1348 - gParking_g290            . 	SCC: 0.354193, 	SAM: 0.111920
1349 - gParking_g292            . 	SCC: 0.376618, 	SAM: 0.088903
1350 - gParking_g293            . 	SCC: 0.340461, 	SAM: 0.117768
1351 - gParking_g295            . 	SCC: 0.284434, 	SAM: 0.130806
1352 - gParking_g296            . 	SCC: 0.314403, 	SAM: 0.100567
1353 - gParking_g298            . 	SCC: 0.287139, 	SAM: 0.171233
1354 - gParking_g299            . 	SCC: 0.336402, 	SAM: 0.144394
1355 - gParking_g300            . 	SCC: 0.302908, 	SAM: 0.093434
1356 - gParking_g302            . 	SCC: 0.420362, 	SAM: 0.090600
1357 - gParking_g306            . 	SCC: 0.424222, 	SAM: 0.111011
1358 - gParking_g307            . 	SCC: 0.409952, 	SAM: 0.087975
1359 - gParking_g308            . 	SCC: 0.436298, 	SAM: 0.104737
1360 - gParking_g311            . 	SCC: 0.457596, 	SAM: 0.088467
1361 - gParking_g312            . 	SCC: 0.462009, 	SAM: 0.077658
1362 - gParking_g315            . 	SCC: 0.470281, 	SAM: 0.093230
1363 - gParking_g317            . 	SCC: 0.406778, 	SAM: 0.108587
1364 - gParking_g318            . 	SCC: 0.454830, 	SAM: 0.104217
1365 - gParking_g320            . 	SCC: 0.376908, 	SAM: 0.122413
1366 - gParking_g321            . 	SCC: 0.449460, 	SAM: 0.087918
1367 - gParking_g322            . 	SCC: 0.441710, 	SAM: 0.093045
1368 - gParking_g324            . 	SCC: 0.435351, 	SAM: 0.105630
1369 - gParking_g326            . 	SCC: 0.379901, 	SAM: 0.065381
1370 - gParking_g329            . 	SCC: 0.316870, 	SAM: 0.122022
1371 - gParking_g331            . 	SCC: 0.450498, 	SAM: 0.083316
1372 - gParking_g332            . 	SCC: 0.432150, 	SAM: 0.091711
1373 - gParking_g334            . 	SCC: 0.356295, 	SAM: 0.093623
1374 - gParking_g335            . 	SCC: 0.475763, 	SAM: 0.098860
1375 - gParking_g339            . 	SCC: 0.436677, 	SAM: 0.089043
1376 - gParking_g343            . 	SCC: 0.401223, 	SAM: 0.092862
1377 - gParking_g344            . 	SCC: 0.402948, 	SAM: 0.094466
1378 - gParking_g351            . 	SCC: 0.354031, 	SAM: 0.108004
1379 - gParking_g353            . 	SCC: 0.393806, 	SAM: 0.106830
1380 - gParking_g356            . 	SCC: 0.379022, 	SAM: 0.093358
1381 - gParking_g358            . 	SCC: 0.307085, 	SAM: 0.119304
1382 - gParking_g360            . 	SCC: 0.355654, 	SAM: 0.129036
1383 - gParking_g363            . 	SCC: 0.347119, 	SAM: 0.122436
1384 - gParking_g364            . 	SCC: 0.362405, 	SAM: 0.123986
1385 - gParking_g366            . 	SCC: 0.338678, 	SAM: 0.107023
1386 - gParking_g367            . 	SCC: 0.374563, 	SAM: 0.105947
1387 - gParking_g376            . 	SCC: 0.487723, 	SAM: 0.099807
1388 - gParking_g377            . 	SCC: 0.453956, 	SAM: 0.082291
1389 - gParking_g378            . 	SCC: 0.456380, 	SAM: 0.104978
1390 - gParking_g380            . 	SCC: 0.424763, 	SAM: 0.088352
1391 - gParking_g381            . 	SCC: 0.442501, 	SAM: 0.109514
1392 - gParking_g382            . 	SCC: 0.423966, 	SAM: 0.084430
1393 - gParking_g383            . 	SCC: 0.411192, 	SAM: 0.105482
1394 - gParking_g384            . 	SCC: 0.415242, 	SAM: 0.093592
1395 - gParking_g388            . 	SCC: 0.419775, 	SAM: 0.064413
1396 - gParking_g391            . 	SCC: 0.336368, 	SAM: 0.102112
1397 - gParking_g393            . 	SCC: 0.391730, 	SAM: 0.112791
1398 - gParking_g394            . 	SCC: 0.354160, 	SAM: 0.112974
1399 - gParking_g398            . 	SCC: 0.356576, 	SAM: 0.108100
1400 - gParking_g399            . 	SCC: 0.391935, 	SAM: 0.096849
Average: SCC: 0.339512, SAM: 0.100650
