GT folder: datasets/RSSCN7-dataset/test/HR
Gen folder: /root/autodl-tmp/TransENet_base/experiment/results/COMSNET_RSSCN7_x2_w32_20260717_035255/x2
Image extension: .png
Crop border: 2
Workers: 1
Found 1400 images
  1 - aGrass_a003              . 	SCC: 0.677877, 	SAM: 0.031688
  2 - aGrass_a007              . 	SCC: 0.619973, 	SAM: 0.049073
  3 - aGrass_a008              . 	SCC: 0.679107, 	SAM: 0.027609
  4 - aGrass_a009              . 	SCC: 0.672894, 	SAM: 0.032355
  5 - aGrass_a010              . 	SCC: 0.653021, 	SAM: 0.047222
  6 - aGrass_a011              . 	SCC: 0.669560, 	SAM: 0.034297
  7 - aGrass_a012              . 	SCC: 0.675685, 	SAM: 0.024036
  8 - aGrass_a019              . 	SCC: 0.610924, 	SAM: 0.030213
  9 - aGrass_a020              . 	SCC: 0.586255, 	SAM: 0.033844
 10 - aGrass_a026              . 	SCC: 0.638926, 	SAM: 0.030331
 11 - aGrass_a027              . 	SCC: 0.553873, 	SAM: 0.069253
 12 - aGrass_a030              . 	SCC: 0.540239, 	SAM: 0.066889
 13 - aGrass_a031              . 	SCC: 0.610693, 	SAM: 0.058312
 14 - aGrass_a032              . 	SCC: 0.644201, 	SAM: 0.045231
 15 - aGrass_a035              . 	SCC: 0.680418, 	SAM: 0.028124
 16 - aGrass_a038              . 	SCC: 0.635851, 	SAM: 0.032954
 17 - aGrass_a039              . 	SCC: 0.652330, 	SAM: 0.030739
 18 - aGrass_a044              . 	SCC: 0.658604, 	SAM: 0.031387
 19 - aGrass_a046              . 	SCC: 0.613679, 	SAM: 0.030752
 20 - aGrass_a049              . 	SCC: 0.659299, 	SAM: 0.022031
 21 - aGrass_a054              . 	SCC: 0.588587, 	SAM: 0.031786
 22 - aGrass_a056              . 	SCC: 0.634892, 	SAM: 0.029253
 23 - aGrass_a060              . 	SCC: 0.659074, 	SAM: 0.079333
 24 - aGrass_a061              . 	SCC: 0.559708, 	SAM: 0.047423
 25 - aGrass_a063              . 	SCC: 0.523742, 	SAM: 0.074767
 26 - aGrass_a065              . 	SCC: 0.594647, 	SAM: 0.063270
 27 - aGrass_a066              . 	SCC: 0.623123, 	SAM: 0.054473
 28 - aGrass_a067              . 	SCC: 0.606859, 	SAM: 0.058580
 29 - aGrass_a069              . 	SCC: 0.602953, 	SAM: 0.056292
 30 - aGrass_a070              . 	SCC: 0.658871, 	SAM: 0.020804
 31 - aGrass_a073              . 	SCC: 0.560166, 	SAM: 0.075504
 32 - aGrass_a075              . 	SCC: 0.569192, 	SAM: 0.029895
 33 - aGrass_a076              . 	SCC: 0.533364, 	SAM: 0.054152
 34 - aGrass_a078              . 	SCC: 0.469868, 	SAM: 0.132025
 35 - aGrass_a085              . 	SCC: 0.596601, 	SAM: 0.065448
 36 - aGrass_a086              . 	SCC: 0.664308, 	SAM: 0.056540
 37 - aGrass_a087              . 	SCC: 0.581683, 	SAM: 0.078377
 38 - aGrass_a089              . 	SCC: 0.629776, 	SAM: 0.074926
 39 - aGrass_a090              . 	SCC: 0.608382, 	SAM: 0.046796
 40 - aGrass_a091              . 	SCC: 0.655907, 	SAM: 0.041865
 41 - aGrass_a094              . 	SCC: 0.610157, 	SAM: 0.055533
 42 - aGrass_a095              . 	SCC: 0.598068, 	SAM: 0.082314
 43 - aGrass_a097              . 	SCC: 0.595055, 	SAM: 0.051410
 44 - aGrass_a098              . 	SCC: 0.639584, 	SAM: 0.045471
 45 - aGrass_a100              . 	SCC: 0.646230, 	SAM: 0.040215
 46 - aGrass_a101              . 	SCC: 0.581964, 	SAM: 0.062236
 47 - aGrass_a103              . 	SCC: 0.577561, 	SAM: 0.044720
 48 - aGrass_a104              . 	SCC: 0.600516, 	SAM: 0.045565
 49 - aGrass_a105              . 	SCC: 0.584963, 	SAM: 0.049472
 50 - aGrass_a106              . 	SCC: 0.571937, 	SAM: 0.037009
 51 - aGrass_a107              . 	SCC: 0.581639, 	SAM: 0.045146
 52 - aGrass_a110              . 	SCC: 0.540816, 	SAM: 0.060179
 53 - aGrass_a114              . 	SCC: 0.574813, 	SAM: 0.057215
 54 - aGrass_a116              . 	SCC: 0.519662, 	SAM: 0.038160
 55 - aGrass_a119              . 	SCC: 0.509369, 	SAM: 0.061756
 56 - aGrass_a121              . 	SCC: 0.564148, 	SAM: 0.037880
 57 - aGrass_a123              . 	SCC: 0.579297, 	SAM: 0.048310
 58 - aGrass_a124              . 	SCC: 0.467667, 	SAM: 0.066263
 59 - aGrass_a128              . 	SCC: 0.540998, 	SAM: 0.052641
 60 - aGrass_a131              . 	SCC: 0.452704, 	SAM: 0.087217
 61 - aGrass_a132              . 	SCC: 0.492982, 	SAM: 0.095554
 62 - aGrass_a133              . 	SCC: 0.493885, 	SAM: 0.096370
 63 - aGrass_a134              . 	SCC: 0.524326, 	SAM: 0.060659
 64 - aGrass_a140              . 	SCC: 0.532865, 	SAM: 0.089365
 65 - aGrass_a142              . 	SCC: 0.573327, 	SAM: 0.051582
 66 - aGrass_a144              . 	SCC: 0.569040, 	SAM: 0.034431
 67 - aGrass_a145              . 	SCC: 0.600434, 	SAM: 0.065030
 68 - aGrass_a147              . 	SCC: 0.579419, 	SAM: 0.081527
 69 - aGrass_a148              . 	SCC: 0.591479, 	SAM: 0.068087
 70 - aGrass_a150              . 	SCC: 0.583888, 	SAM: 0.057289
 71 - aGrass_a152              . 	SCC: 0.607430, 	SAM: 0.047179
 72 - aGrass_a153              . 	SCC: 0.535073, 	SAM: 0.030726
 73 - aGrass_a155              . 	SCC: 0.530417, 	SAM: 0.037603
 74 - aGrass_a157              . 	SCC: 0.650801, 	SAM: 0.031070
 75 - aGrass_a158              . 	SCC: 0.630052, 	SAM: 0.036945
 76 - aGrass_a159              . 	SCC: 0.639875, 	SAM: 0.037127
 77 - aGrass_a160              . 	SCC: 0.601035, 	SAM: 0.025883
 78 - aGrass_a163              . 	SCC: 0.604055, 	SAM: 0.033657
 79 - aGrass_a165              . 	SCC: 0.577115, 	SAM: 0.022551
 80 - aGrass_a166              . 	SCC: 0.588889, 	SAM: 0.039926
 81 - aGrass_a168              . 	SCC: 0.585998, 	SAM: 0.034546
 82 - aGrass_a170              . 	SCC: 0.581103, 	SAM: 0.025140
 83 - aGrass_a171              . 	SCC: 0.615677, 	SAM: 0.036144
 84 - aGrass_a172              . 	SCC: 0.538049, 	SAM: 0.061387
 85 - aGrass_a174              . 	SCC: 0.602960, 	SAM: 0.057138
 86 - aGrass_a176              . 	SCC: 0.616672, 	SAM: 0.062697
 87 - aGrass_a178              . 	SCC: 0.597436, 	SAM: 0.056800
 88 - aGrass_a179              . 	SCC: 0.592149, 	SAM: 0.083777
 89 - aGrass_a180              . 	SCC: 0.632810, 	SAM: 0.041059
 90 - aGrass_a181              . 	SCC: 0.594920, 	SAM: 0.051982
 91 - aGrass_a183              . 	SCC: 0.559950, 	SAM: 0.049502
 92 - aGrass_a185              . 	SCC: 0.539735, 	SAM: 0.053773
 93 - aGrass_a189              . 	SCC: 0.588163, 	SAM: 0.032954
 94 - aGrass_a191              . 	SCC: 0.582619, 	SAM: 0.028014
 95 - aGrass_a192              . 	SCC: 0.600470, 	SAM: 0.042460
 96 - aGrass_a193              . 	SCC: 0.552217, 	SAM: 0.015074
 97 - aGrass_a199              . 	SCC: 0.624331, 	SAM: 0.033936
 98 - aGrass_a201              . 	SCC: 0.577160, 	SAM: 0.042383
 99 - aGrass_a202              . 	SCC: 0.603960, 	SAM: 0.026141
100 - aGrass_a204              . 	SCC: 0.573586, 	SAM: 0.049313
101 - aGrass_a208              . 	SCC: 0.611392, 	SAM: 0.026531
102 - aGrass_a210              . 	SCC: 0.615777, 	SAM: 0.029590
103 - aGrass_a212              . 	SCC: 0.602681, 	SAM: 0.026408
104 - aGrass_a214              . 	SCC: 0.602157, 	SAM: 0.030145
105 - aGrass_a218              . 	SCC: 0.610368, 	SAM: 0.022252
106 - aGrass_a219              . 	SCC: 0.564302, 	SAM: 0.034205
107 - aGrass_a221              . 	SCC: 0.603182, 	SAM: 0.031900
108 - aGrass_a222              . 	SCC: 0.603577, 	SAM: 0.024845
109 - aGrass_a226              . 	SCC: 0.591244, 	SAM: 0.022220
110 - aGrass_a227              . 	SCC: 0.588330, 	SAM: 0.030857
111 - aGrass_a228              . 	SCC: 0.584388, 	SAM: 0.030196
112 - aGrass_a229              . 	SCC: 0.604588, 	SAM: 0.036458
113 - aGrass_a231              . 	SCC: 0.589354, 	SAM: 0.028520
114 - aGrass_a232              . 	SCC: 0.577739, 	SAM: 0.028261
115 - aGrass_a239              . 	SCC: 0.530041, 	SAM: 0.025812
116 - aGrass_a241              . 	SCC: 0.594420, 	SAM: 0.025964
117 - aGrass_a242              . 	SCC: 0.600260, 	SAM: 0.030462
118 - aGrass_a243              . 	SCC: 0.540406, 	SAM: 0.020507
119 - aGrass_a244              . 	SCC: 0.581462, 	SAM: 0.029286
120 - aGrass_a245              . 	SCC: 0.593472, 	SAM: 0.026415
121 - aGrass_a247              . 	SCC: 0.589792, 	SAM: 0.025924
122 - aGrass_a248              . 	SCC: 0.595893, 	SAM: 0.029324
123 - aGrass_a249              . 	SCC: 0.557704, 	SAM: 0.029757
124 - aGrass_a250              . 	SCC: 0.582099, 	SAM: 0.039939
125 - aGrass_a251              . 	SCC: 0.515009, 	SAM: 0.029242
126 - aGrass_a252              . 	SCC: 0.599314, 	SAM: 0.020300
127 - aGrass_a254              . 	SCC: 0.600395, 	SAM: 0.032980
128 - aGrass_a258              . 	SCC: 0.576876, 	SAM: 0.028735
129 - aGrass_a260              . 	SCC: 0.534682, 	SAM: 0.030998
130 - aGrass_a263              . 	SCC: 0.593053, 	SAM: 0.027090
131 - aGrass_a264              . 	SCC: 0.577979, 	SAM: 0.031489
132 - aGrass_a265              . 	SCC: 0.587065, 	SAM: 0.034844
133 - aGrass_a267              . 	SCC: 0.557698, 	SAM: 0.024103
134 - aGrass_a268              . 	SCC: 0.502841, 	SAM: 0.030873
135 - aGrass_a269              . 	SCC: 0.594954, 	SAM: 0.027790
136 - aGrass_a270              . 	SCC: 0.476521, 	SAM: 0.041738
137 - aGrass_a272              . 	SCC: 0.580936, 	SAM: 0.048858
138 - aGrass_a277              . 	SCC: 0.589111, 	SAM: 0.039540
139 - aGrass_a278              . 	SCC: 0.597575, 	SAM: 0.039694
140 - aGrass_a279              . 	SCC: 0.596555, 	SAM: 0.029662
141 - aGrass_a281              . 	SCC: 0.627945, 	SAM: 0.030561
142 - aGrass_a282              . 	SCC: 0.531353, 	SAM: 0.019365
143 - aGrass_a284              . 	SCC: 0.583354, 	SAM: 0.043922
144 - aGrass_a285              . 	SCC: 0.577150, 	SAM: 0.030441
145 - aGrass_a290              . 	SCC: 0.575505, 	SAM: 0.030207
146 - aGrass_a293              . 	SCC: 0.586567, 	SAM: 0.031944
147 - aGrass_a294              . 	SCC: 0.535401, 	SAM: 0.044502
148 - aGrass_a295              . 	SCC: 0.580350, 	SAM: 0.034418
149 - aGrass_a298              . 	SCC: 0.592858, 	SAM: 0.033328
150 - aGrass_a299              . 	SCC: 0.597872, 	SAM: 0.042864
151 - aGrass_a301              . 	SCC: 0.584998, 	SAM: 0.042814
152 - aGrass_a305              . 	SCC: 0.635178, 	SAM: 0.036345
153 - aGrass_a306              . 	SCC: 0.617549, 	SAM: 0.035279
154 - aGrass_a308              . 	SCC: 0.541747, 	SAM: 0.036558
155 - aGrass_a314              . 	SCC: 0.571294, 	SAM: 0.038097
156 - aGrass_a316              . 	SCC: 0.575803, 	SAM: 0.035463
157 - aGrass_a319              . 	SCC: 0.566460, 	SAM: 0.039727
158 - aGrass_a321              . 	SCC: 0.577189, 	SAM: 0.052459
159 - aGrass_a323              . 	SCC: 0.562235, 	SAM: 0.031504
160 - aGrass_a325              . 	SCC: 0.627055, 	SAM: 0.028366
161 - aGrass_a327              . 	SCC: 0.598874, 	SAM: 0.038660
162 - aGrass_a329              . 	SCC: 0.585785, 	SAM: 0.027996
163 - aGrass_a330              . 	SCC: 0.599767, 	SAM: 0.035766
164 - aGrass_a331              . 	SCC: 0.621227, 	SAM: 0.039137
165 - aGrass_a332              . 	SCC: 0.579544, 	SAM: 0.020673
166 - aGrass_a334              . 	SCC: 0.650911, 	SAM: 0.045939
167 - aGrass_a335              . 	SCC: 0.587243, 	SAM: 0.038625
168 - aGrass_a336              . 	SCC: 0.579158, 	SAM: 0.033872
169 - aGrass_a337              . 	SCC: 0.598993, 	SAM: 0.037549
170 - aGrass_a339              . 	SCC: 0.600624, 	SAM: 0.028997
171 - aGrass_a340              . 	SCC: 0.617915, 	SAM: 0.029177
172 - aGrass_a342              . 	SCC: 0.581006, 	SAM: 0.025358
173 - aGrass_a344              . 	SCC: 0.549801, 	SAM: 0.024163
174 - aGrass_a345              . 	SCC: 0.605214, 	SAM: 0.033875
175 - aGrass_a346              . 	SCC: 0.613254, 	SAM: 0.019468
176 - aGrass_a348              . 	SCC: 0.602797, 	SAM: 0.027214
177 - aGrass_a350              . 	SCC: 0.637034, 	SAM: 0.025027
178 - aGrass_a351              . 	SCC: 0.564964, 	SAM: 0.021390
179 - aGrass_a352              . 	SCC: 0.618958, 	SAM: 0.028708
180 - aGrass_a353              . 	SCC: 0.600298, 	SAM: 0.033723
181 - aGrass_a355              . 	SCC: 0.592927, 	SAM: 0.020923
182 - aGrass_a356              . 	SCC: 0.632593, 	SAM: 0.033578
183 - aGrass_a357              . 	SCC: 0.611208, 	SAM: 0.024796
184 - aGrass_a359              . 	SCC: 0.629538, 	SAM: 0.054823
185 - aGrass_a363              . 	SCC: 0.622401, 	SAM: 0.024683
186 - aGrass_a365              . 	SCC: 0.584983, 	SAM: 0.037094
187 - aGrass_a368              . 	SCC: 0.639965, 	SAM: 0.053296
188 - aGrass_a370              . 	SCC: 0.593988, 	SAM: 0.025902
189 - aGrass_a371              . 	SCC: 0.638206, 	SAM: 0.045426
190 - aGrass_a373              . 	SCC: 0.543828, 	SAM: 0.021223
191 - aGrass_a374              . 	SCC: 0.509433, 	SAM: 0.026813
192 - aGrass_a375              . 	SCC: 0.623158, 	SAM: 0.038786
193 - aGrass_a377              . 	SCC: 0.620172, 	SAM: 0.027449
194 - aGrass_a379              . 	SCC: 0.626862, 	SAM: 0.025685
195 - aGrass_a381              . 	SCC: 0.615682, 	SAM: 0.031598
196 - aGrass_a383              . 	SCC: 0.611252, 	SAM: 0.030217
197 - aGrass_a386              . 	SCC: 0.604268, 	SAM: 0.028875
198 - aGrass_a387              . 	SCC: 0.603407, 	SAM: 0.034864
199 - aGrass_a394              . 	SCC: 0.554608, 	SAM: 0.021552
200 - aGrass_a398              . 	SCC: 0.582249, 	SAM: 0.034241
201 - bField_b003              . 	SCC: 0.588013, 	SAM: 0.035970
202 - bField_b004              . 	SCC: 0.512630, 	SAM: 0.028112
203 - bField_b006              . 	SCC: 0.625880, 	SAM: 0.023172
204 - bField_b008              . 	SCC: 0.618752, 	SAM: 0.035422
205 - bField_b009              . 	SCC: 0.560351, 	SAM: 0.048132
206 - bField_b010              . 	SCC: 0.580963, 	SAM: 0.036374
207 - bField_b011              . 	SCC: 0.597163, 	SAM: 0.051807
208 - bField_b014              . 	SCC: 0.618873, 	SAM: 0.023612
209 - bField_b016              . 	SCC: 0.445722, 	SAM: 0.060593
210 - bField_b017              . 	SCC: 0.536014, 	SAM: 0.052387
211 - bField_b018              . 	SCC: 0.450861, 	SAM: 0.045133
212 - bField_b024              . 	SCC: 0.416091, 	SAM: 0.046817
213 - bField_b025              . 	SCC: 0.547569, 	SAM: 0.177160
214 - bField_b026              . 	SCC: 0.563422, 	SAM: 0.082023
215 - bField_b029              . 	SCC: 0.394516, 	SAM: 0.046331
216 - bField_b030              . 	SCC: 0.291326, 	SAM: 0.064250
217 - bField_b031              . 	SCC: 0.335367, 	SAM: 0.085808
218 - bField_b033              . 	SCC: 0.583772, 	SAM: 0.027129
219 - bField_b034              . 	SCC: 0.604767, 	SAM: 0.032716
220 - bField_b037              . 	SCC: 0.136189, 	SAM: 0.111619
221 - bField_b040              . 	SCC: 0.374009, 	SAM: 0.046739
222 - bField_b041              . 	SCC: 0.351490, 	SAM: 0.034968
223 - bField_b042              . 	SCC: 0.365218, 	SAM: 0.036553
224 - bField_b043              . 	SCC: 0.479097, 	SAM: 0.053470
225 - bField_b045              . 	SCC: 0.510938, 	SAM: 0.037624
226 - bField_b047              . 	SCC: 0.548346, 	SAM: 0.040121
227 - bField_b049              . 	SCC: 0.636997, 	SAM: 0.033275
228 - bField_b052              . 	SCC: 0.587976, 	SAM: 0.086272
229 - bField_b054              . 	SCC: 0.620958, 	SAM: 0.042413
230 - bField_b055              . 	SCC: 0.661206, 	SAM: 0.065940
231 - bField_b059              . 	SCC: 0.605973, 	SAM: 0.032596
232 - bField_b062              . 	SCC: 0.653114, 	SAM: 0.066423
233 - bField_b065              . 	SCC: 0.548370, 	SAM: 0.040714
234 - bField_b068              . 	SCC: 0.600248, 	SAM: 0.037744
235 - bField_b069              . 	SCC: 0.615736, 	SAM: 0.041664
236 - bField_b070              . 	SCC: 0.534014, 	SAM: 0.105538
237 - bField_b071              . 	SCC: 0.626036, 	SAM: 0.038008
238 - bField_b072              . 	SCC: 0.562372, 	SAM: 0.028407
239 - bField_b073              . 	SCC: 0.573208, 	SAM: 0.046926
240 - bField_b074              . 	SCC: 0.621204, 	SAM: 0.083972
241 - bField_b075              . 	SCC: 0.623858, 	SAM: 0.088995
242 - bField_b078              . 	SCC: 0.556061, 	SAM: 0.057947
243 - bField_b079              . 	SCC: 0.554515, 	SAM: 0.071375
244 - bField_b081              . 	SCC: 0.596577, 	SAM: 0.077171
245 - bField_b085              . 	SCC: 0.592872, 	SAM: 0.091381
246 - bField_b086              . 	SCC: 0.548294, 	SAM: 0.043099
247 - bField_b088              . 	SCC: 0.558515, 	SAM: 0.045105
248 - bField_b089              . 	SCC: 0.611013, 	SAM: 0.022518
249 - bField_b093              . 	SCC: 0.604018, 	SAM: 0.042563
250 - bField_b094              . 	SCC: 0.566836, 	SAM: 0.037316
251 - bField_b095              . 	SCC: 0.586742, 	SAM: 0.030439
252 - bField_b096              . 	SCC: 0.621608, 	SAM: 0.042672
253 - bField_b097              . 	SCC: 0.521270, 	SAM: 0.024689
254 - bField_b100              . 	SCC: 0.540909, 	SAM: 0.028129
255 - bField_b102              . 	SCC: 0.498211, 	SAM: 0.046984
256 - bField_b104              . 	SCC: 0.365656, 	SAM: 0.074695
257 - bField_b105              . 	SCC: 0.231263, 	SAM: 0.139755
258 - bField_b106              . 	SCC: 0.432807, 	SAM: 0.066420
259 - bField_b111              . 	SCC: 0.488836, 	SAM: 0.059217
260 - bField_b112              . 	SCC: 0.559041, 	SAM: 0.062271
261 - bField_b113              . 	SCC: 0.450922, 	SAM: 0.075502
262 - bField_b116              . 	SCC: 0.413255, 	SAM: 0.031701
263 - bField_b118              . 	SCC: 0.479804, 	SAM: 0.044972
264 - bField_b120              . 	SCC: 0.430847, 	SAM: 0.054414
265 - bField_b121              . 	SCC: 0.289982, 	SAM: 0.147376
266 - bField_b123              . 	SCC: 0.160896, 	SAM: 0.194716
267 - bField_b124              . 	SCC: 0.337677, 	SAM: 0.114718
268 - bField_b125              . 	SCC: 0.330324, 	SAM: 0.165524
269 - bField_b126              . 	SCC: 0.273919, 	SAM: 0.289305
270 - bField_b130              . 	SCC: 0.244086, 	SAM: 0.278568
271 - bField_b132              . 	SCC: 0.290784, 	SAM: 0.075342
272 - bField_b138              . 	SCC: 0.319992, 	SAM: 0.161362
273 - bField_b139              . 	SCC: 0.366406, 	SAM: 0.143689
274 - bField_b140              . 	SCC: 0.269708, 	SAM: 0.243843
275 - bField_b141              . 	SCC: 0.226805, 	SAM: 0.187119
276 - bField_b145              . 	SCC: 0.246830, 	SAM: 0.308461
277 - bField_b149              . 	SCC: 0.300374, 	SAM: 0.130876
278 - bField_b150              . 	SCC: 0.263164, 	SAM: 0.146340
279 - bField_b151              . 	SCC: 0.524127, 	SAM: 0.035029
280 - bField_b153              . 	SCC: 0.416728, 	SAM: 0.049770
281 - bField_b160              . 	SCC: 0.370489, 	SAM: 0.128273
282 - bField_b163              . 	SCC: 0.493095, 	SAM: 0.030024
283 - bField_b164              . 	SCC: 0.455753, 	SAM: 0.054395
284 - bField_b166              . 	SCC: 0.297347, 	SAM: 0.169468
285 - bField_b167              . 	SCC: 0.427606, 	SAM: 0.059475
286 - bField_b174              . 	SCC: 0.387687, 	SAM: 0.110569
287 - bField_b175              . 	SCC: 0.372097, 	SAM: 0.101270
288 - bField_b176              . 	SCC: 0.383869, 	SAM: 0.123922
289 - bField_b178              . 	SCC: 0.440369, 	SAM: 0.111889
290 - bField_b181              . 	SCC: 0.355019, 	SAM: 0.098408
291 - bField_b183              . 	SCC: 0.502909, 	SAM: 0.029222
292 - bField_b185              . 	SCC: 0.446836, 	SAM: 0.117547
293 - bField_b186              . 	SCC: 0.460546, 	SAM: 0.096147
294 - bField_b188              . 	SCC: 0.472788, 	SAM: 0.077207
295 - bField_b189              . 	SCC: 0.570795, 	SAM: 0.045262
296 - bField_b191              . 	SCC: 0.467861, 	SAM: 0.147075
297 - bField_b192              . 	SCC: 0.455324, 	SAM: 0.135505
298 - bField_b194              . 	SCC: 0.460221, 	SAM: 0.044512
299 - bField_b199              . 	SCC: 0.522657, 	SAM: 0.055250
300 - bField_b201              . 	SCC: 0.596164, 	SAM: 0.036588
301 - bField_b202              . 	SCC: 0.441740, 	SAM: 0.025514
302 - bField_b203              . 	SCC: 0.450269, 	SAM: 0.015983
303 - bField_b204              . 	SCC: 0.410359, 	SAM: 0.032087
304 - bField_b213              . 	SCC: 0.396693, 	SAM: 0.054809
305 - bField_b214              . 	SCC: 0.493571, 	SAM: 0.037871
306 - bField_b215              . 	SCC: 0.506194, 	SAM: 0.039634
307 - bField_b220              . 	SCC: 0.500885, 	SAM: 0.023222
308 - bField_b222              . 	SCC: 0.559011, 	SAM: 0.044337
309 - bField_b225              . 	SCC: 0.405719, 	SAM: 0.047008
310 - bField_b226              . 	SCC: 0.537507, 	SAM: 0.059078
311 - bField_b228              . 	SCC: 0.495562, 	SAM: 0.039436
312 - bField_b229              . 	SCC: 0.502620, 	SAM: 0.039333
313 - bField_b231              . 	SCC: 0.356551, 	SAM: 0.048485
314 - bField_b232              . 	SCC: 0.360239, 	SAM: 0.046140
315 - bField_b233              . 	SCC: 0.437215, 	SAM: 0.029308
316 - bField_b234              . 	SCC: 0.498101, 	SAM: 0.033094
317 - bField_b235              . 	SCC: 0.459847, 	SAM: 0.029532
318 - bField_b238              . 	SCC: 0.415746, 	SAM: 0.058603
319 - bField_b240              . 	SCC: 0.488239, 	SAM: 0.041767
320 - bField_b242              . 	SCC: 0.470659, 	SAM: 0.062507
321 - bField_b245              . 	SCC: 0.364080, 	SAM: 0.133352
322 - bField_b247              . 	SCC: 0.450279, 	SAM: 0.101809
323 - bField_b248              . 	SCC: 0.498952, 	SAM: 0.040747
324 - bField_b249              . 	SCC: 0.421109, 	SAM: 0.074357
325 - bField_b250              . 	SCC: 0.349134, 	SAM: 0.124897
326 - bField_b252              . 	SCC: 0.424283, 	SAM: 0.080578
327 - bField_b254              . 	SCC: 0.438149, 	SAM: 0.070718
328 - bField_b255              . 	SCC: 0.481125, 	SAM: 0.070263
329 - bField_b256              . 	SCC: 0.419278, 	SAM: 0.055764
330 - bField_b257              . 	SCC: 0.525628, 	SAM: 0.050845
331 - bField_b258              . 	SCC: 0.435394, 	SAM: 0.063712
332 - bField_b265              . 	SCC: 0.531225, 	SAM: 0.019243
333 - bField_b266              . 	SCC: 0.436574, 	SAM: 0.039211
334 - bField_b268              . 	SCC: 0.399494, 	SAM: 0.054043
335 - bField_b269              . 	SCC: 0.331151, 	SAM: 0.053932
336 - bField_b270              . 	SCC: 0.520649, 	SAM: 0.026747
337 - bField_b271              . 	SCC: 0.565001, 	SAM: 0.024555
338 - bField_b272              . 	SCC: 0.546131, 	SAM: 0.026831
339 - bField_b273              . 	SCC: 0.579060, 	SAM: 0.109898
340 - bField_b274              . 	SCC: 0.503870, 	SAM: 0.039010
341 - bField_b278              . 	SCC: 0.393704, 	SAM: 0.053353
342 - bField_b279              . 	SCC: 0.431825, 	SAM: 0.044325
343 - bField_b284              . 	SCC: 0.473045, 	SAM: 0.111205
344 - bField_b285              . 	SCC: 0.581958, 	SAM: 0.029263
345 - bField_b289              . 	SCC: 0.510726, 	SAM: 0.033357
346 - bField_b291              . 	SCC: 0.523309, 	SAM: 0.032174
347 - bField_b292              . 	SCC: 0.463898, 	SAM: 0.061635
348 - bField_b293              . 	SCC: 0.417114, 	SAM: 0.085372
349 - bField_b294              . 	SCC: 0.514984, 	SAM: 0.049843
350 - bField_b297              . 	SCC: 0.437104, 	SAM: 0.065498
351 - bField_b300              . 	SCC: 0.135891, 	SAM: 0.092601
352 - bField_b302              . 	SCC: 0.529957, 	SAM: 0.044792
353 - bField_b303              . 	SCC: 0.443772, 	SAM: 0.034528
354 - bField_b307              . 	SCC: 0.593964, 	SAM: 0.037413
355 - bField_b309              . 	SCC: 0.526135, 	SAM: 0.035325
356 - bField_b310              . 	SCC: 0.484595, 	SAM: 0.033003
357 - bField_b312              . 	SCC: 0.641151, 	SAM: 0.041623
358 - bField_b313              . 	SCC: 0.635438, 	SAM: 0.050121
359 - bField_b314              . 	SCC: 0.526033, 	SAM: 0.045082
360 - bField_b316              . 	SCC: 0.519257, 	SAM: 0.032035
361 - bField_b319              . 	SCC: 0.501990, 	SAM: 0.048354
362 - bField_b321              . 	SCC: 0.564802, 	SAM: 0.030419
363 - bField_b329              . 	SCC: 0.518882, 	SAM: 0.043271
364 - bField_b333              . 	SCC: 0.552262, 	SAM: 0.021524
365 - bField_b335              . 	SCC: 0.590821, 	SAM: 0.037288
366 - bField_b336              . 	SCC: 0.623280, 	SAM: 0.027184
367 - bField_b338              . 	SCC: 0.562267, 	SAM: 0.036320
368 - bField_b340              . 	SCC: 0.568625, 	SAM: 0.037951
369 - bField_b341              . 	SCC: 0.460141, 	SAM: 0.037322
370 - bField_b348              . 	SCC: 0.501678, 	SAM: 0.029960
371 - bField_b349              . 	SCC: 0.512683, 	SAM: 0.047146
372 - bField_b353              . 	SCC: 0.552115, 	SAM: 0.049193
373 - bField_b355              . 	SCC: 0.438559, 	SAM: 0.032359
374 - bField_b356              . 	SCC: 0.636344, 	SAM: 0.038637
375 - bField_b357              . 	SCC: 0.626093, 	SAM: 0.045470
376 - bField_b358              . 	SCC: 0.640814, 	SAM: 0.043343
377 - bField_b360              . 	SCC: 0.449980, 	SAM: 0.026545
378 - bField_b363              . 	SCC: 0.524374, 	SAM: 0.019073
379 - bField_b365              . 	SCC: 0.448207, 	SAM: 0.018282
380 - bField_b366              . 	SCC: 0.493069, 	SAM: 0.028701
381 - bField_b369              . 	SCC: 0.564977, 	SAM: 0.027678
382 - bField_b370              . 	SCC: 0.461458, 	SAM: 0.035811
383 - bField_b371              . 	SCC: 0.652995, 	SAM: 0.022300
384 - bField_b372              . 	SCC: 0.503730, 	SAM: 0.017313
385 - bField_b375              . 	SCC: 0.653587, 	SAM: 0.032584
386 - bField_b376              . 	SCC: 0.717354, 	SAM: 0.026645
387 - bField_b377              . 	SCC: 0.677029, 	SAM: 0.025437
388 - bField_b379              . 	SCC: 0.614616, 	SAM: 0.029540
389 - bField_b381              . 	SCC: 0.657741, 	SAM: 0.027612
390 - bField_b385              . 	SCC: 0.672395, 	SAM: 0.024429
391 - bField_b386              . 	SCC: 0.640602, 	SAM: 0.026440
392 - bField_b387              . 	SCC: 0.624415, 	SAM: 0.027555
393 - bField_b389              . 	SCC: 0.675173, 	SAM: 0.029100
394 - bField_b393              . 	SCC: 0.630474, 	SAM: 0.029571
395 - bField_b394              . 	SCC: 0.611966, 	SAM: 0.030532
396 - bField_b395              . 	SCC: 0.577557, 	SAM: 0.028502
397 - bField_b397              . 	SCC: 0.557521, 	SAM: 0.027835
398 - bField_b398              . 	SCC: 0.541312, 	SAM: 0.025424
399 - bField_b399              . 	SCC: 0.457644, 	SAM: 0.030153
400 - bField_b400              . 	SCC: 0.533056, 	SAM: 0.025896
401 - cIndustry_c001           . 	SCC: 0.632330, 	SAM: 0.065278
402 - cIndustry_c003           . 	SCC: 0.648632, 	SAM: 0.054457
403 - cIndustry_c004           . 	SCC: 0.622640, 	SAM: 0.077365
404 - cIndustry_c005           . 	SCC: 0.634820, 	SAM: 0.053560
405 - cIndustry_c010           . 	SCC: 0.629802, 	SAM: 0.077983
406 - cIndustry_c012           . 	SCC: 0.651788, 	SAM: 0.066357
407 - cIndustry_c013           . 	SCC: 0.687731, 	SAM: 0.062776
408 - cIndustry_c014           . 	SCC: 0.640720, 	SAM: 0.070916
409 - cIndustry_c015           . 	SCC: 0.659288, 	SAM: 0.077917
410 - cIndustry_c018           . 	SCC: 0.593717, 	SAM: 0.115247
411 - cIndustry_c020           . 	SCC: 0.575027, 	SAM: 0.105997
412 - cIndustry_c022           . 	SCC: 0.691574, 	SAM: 0.045580
413 - cIndustry_c023           . 	SCC: 0.660254, 	SAM: 0.037565
414 - cIndustry_c025           . 	SCC: 0.732401, 	SAM: 0.055970
415 - cIndustry_c026           . 	SCC: 0.707085, 	SAM: 0.051374
416 - cIndustry_c029           . 	SCC: 0.709446, 	SAM: 0.066736
417 - cIndustry_c033           . 	SCC: 0.670470, 	SAM: 0.046635
418 - cIndustry_c035           . 	SCC: 0.649190, 	SAM: 0.072445
419 - cIndustry_c036           . 	SCC: 0.620294, 	SAM: 0.086206
420 - cIndustry_c040           . 	SCC: 0.573719, 	SAM: 0.037796
421 - cIndustry_c041           . 	SCC: 0.650275, 	SAM: 0.066555
422 - cIndustry_c045           . 	SCC: 0.666255, 	SAM: 0.058487
423 - cIndustry_c046           . 	SCC: 0.642777, 	SAM: 0.083448
424 - cIndustry_c047           . 	SCC: 0.699604, 	SAM: 0.031918
425 - cIndustry_c049           . 	SCC: 0.636424, 	SAM: 0.033857
426 - cIndustry_c050           . 	SCC: 0.659767, 	SAM: 0.041556
427 - cIndustry_c054           . 	SCC: 0.565472, 	SAM: 0.023928
428 - cIndustry_c055           . 	SCC: 0.730078, 	SAM: 0.048667
429 - cIndustry_c056           . 	SCC: 0.721213, 	SAM: 0.034119
430 - cIndustry_c057           . 	SCC: 0.644572, 	SAM: 0.041394
431 - cIndustry_c060           . 	SCC: 0.567364, 	SAM: 0.028058
432 - cIndustry_c063           . 	SCC: 0.575647, 	SAM: 0.028670
433 - cIndustry_c064           . 	SCC: 0.595865, 	SAM: 0.029895
434 - cIndustry_c066           . 	SCC: 0.569570, 	SAM: 0.042840
435 - cIndustry_c067           . 	SCC: 0.563607, 	SAM: 0.035956
436 - cIndustry_c068           . 	SCC: 0.568363, 	SAM: 0.036829
437 - cIndustry_c071           . 	SCC: 0.605399, 	SAM: 0.018088
438 - cIndustry_c072           . 	SCC: 0.637683, 	SAM: 0.021619
439 - cIndustry_c073           . 	SCC: 0.669122, 	SAM: 0.107417
440 - cIndustry_c075           . 	SCC: 0.608481, 	SAM: 0.100297
441 - cIndustry_c076           . 	SCC: 0.677287, 	SAM: 0.065859
442 - cIndustry_c080           . 	SCC: 0.624490, 	SAM: 0.072764
443 - cIndustry_c082           . 	SCC: 0.656945, 	SAM: 0.082502
444 - cIndustry_c084           . 	SCC: 0.642861, 	SAM: 0.108170
445 - cIndustry_c085           . 	SCC: 0.638376, 	SAM: 0.098154
446 - cIndustry_c086           . 	SCC: 0.646276, 	SAM: 0.111747
447 - cIndustry_c087           . 	SCC: 0.633629, 	SAM: 0.105449
448 - cIndustry_c088           . 	SCC: 0.634008, 	SAM: 0.104176
449 - cIndustry_c090           . 	SCC: 0.592260, 	SAM: 0.048546
450 - cIndustry_c091           . 	SCC: 0.591088, 	SAM: 0.052349
451 - cIndustry_c093           . 	SCC: 0.583463, 	SAM: 0.082820
452 - cIndustry_c096           . 	SCC: 0.616270, 	SAM: 0.056891
453 - cIndustry_c097           . 	SCC: 0.642105, 	SAM: 0.063804
454 - cIndustry_c101           . 	SCC: 0.440881, 	SAM: 0.050912
455 - cIndustry_c103           . 	SCC: 0.620255, 	SAM: 0.073189
456 - cIndustry_c105           . 	SCC: 0.521464, 	SAM: 0.070994
457 - cIndustry_c106           . 	SCC: 0.602297, 	SAM: 0.073628
458 - cIndustry_c108           . 	SCC: 0.651619, 	SAM: 0.057175
459 - cIndustry_c110           . 	SCC: 0.612524, 	SAM: 0.057694
460 - cIndustry_c112           . 	SCC: 0.661330, 	SAM: 0.071278
461 - cIndustry_c115           . 	SCC: 0.662418, 	SAM: 0.066619
462 - cIndustry_c118           . 	SCC: 0.591183, 	SAM: 0.071985
463 - cIndustry_c121           . 	SCC: 0.645730, 	SAM: 0.076035
464 - cIndustry_c122           . 	SCC: 0.648257, 	SAM: 0.084881
465 - cIndustry_c126           . 	SCC: 0.608199, 	SAM: 0.103596
466 - cIndustry_c131           . 	SCC: 0.636087, 	SAM: 0.108148
467 - cIndustry_c132           . 	SCC: 0.625786, 	SAM: 0.106384
468 - cIndustry_c134           . 	SCC: 0.636508, 	SAM: 0.109626
469 - cIndustry_c135           . 	SCC: 0.618977, 	SAM: 0.085795
470 - cIndustry_c137           . 	SCC: 0.697338, 	SAM: 0.069216
471 - cIndustry_c138           . 	SCC: 0.675680, 	SAM: 0.088223
472 - cIndustry_c143           . 	SCC: 0.670810, 	SAM: 0.061732
473 - cIndustry_c147           . 	SCC: 0.619053, 	SAM: 0.054540
474 - cIndustry_c149           . 	SCC: 0.624652, 	SAM: 0.065731
475 - cIndustry_c158           . 	SCC: 0.644367, 	SAM: 0.070358
476 - cIndustry_c159           . 	SCC: 0.599706, 	SAM: 0.086676
477 - cIndustry_c160           . 	SCC: 0.631260, 	SAM: 0.084229
478 - cIndustry_c161           . 	SCC: 0.633403, 	SAM: 0.072485
479 - cIndustry_c163           . 	SCC: 0.577009, 	SAM: 0.152761
480 - cIndustry_c164           . 	SCC: 0.583353, 	SAM: 0.086716
481 - cIndustry_c165           . 	SCC: 0.616589, 	SAM: 0.105644
482 - cIndustry_c168           . 	SCC: 0.581502, 	SAM: 0.082696
483 - cIndustry_c169           . 	SCC: 0.594164, 	SAM: 0.057955
484 - cIndustry_c171           . 	SCC: 0.603448, 	SAM: 0.086571
485 - cIndustry_c172           . 	SCC: 0.592916, 	SAM: 0.108870
486 - cIndustry_c174           . 	SCC: 0.580411, 	SAM: 0.122681
487 - cIndustry_c176           . 	SCC: 0.625584, 	SAM: 0.096116
488 - cIndustry_c178           . 	SCC: 0.623714, 	SAM: 0.053279
489 - cIndustry_c179           . 	SCC: 0.620568, 	SAM: 0.049884
490 - cIndustry_c183           . 	SCC: 0.653725, 	SAM: 0.040881
491 - cIndustry_c184           . 	SCC: 0.637800, 	SAM: 0.043323
492 - cIndustry_c186           . 	SCC: 0.654054, 	SAM: 0.039268
493 - cIndustry_c187           . 	SCC: 0.654140, 	SAM: 0.037759
494 - cIndustry_c188           . 	SCC: 0.654070, 	SAM: 0.055119
495 - cIndustry_c190           . 	SCC: 0.685484, 	SAM: 0.050817
496 - cIndustry_c191           . 	SCC: 0.680538, 	SAM: 0.045128
497 - cIndustry_c193           . 	SCC: 0.640956, 	SAM: 0.061142
498 - cIndustry_c197           . 	SCC: 0.688324, 	SAM: 0.047944
499 - cIndustry_c198           . 	SCC: 0.701634, 	SAM: 0.048430
500 - cIndustry_c199           . 	SCC: 0.659440, 	SAM: 0.052079
501 - cIndustry_c200           . 	SCC: 0.678343, 	SAM: 0.049741
502 - cIndustry_c201           . 	SCC: 0.699432, 	SAM: 0.047305
503 - cIndustry_c202           . 	SCC: 0.705858, 	SAM: 0.044789
504 - cIndustry_c204           . 	SCC: 0.713833, 	SAM: 0.043894
505 - cIndustry_c205           . 	SCC: 0.696429, 	SAM: 0.047855
506 - cIndustry_c213           . 	SCC: 0.697704, 	SAM: 0.060244
507 - cIndustry_c215           . 	SCC: 0.689975, 	SAM: 0.061311
508 - cIndustry_c216           . 	SCC: 0.704101, 	SAM: 0.058221
509 - cIndustry_c217           . 	SCC: 0.701494, 	SAM: 0.054904
510 - cIndustry_c219           . 	SCC: 0.675472, 	SAM: 0.049194
511 - cIndustry_c221           . 	SCC: 0.703956, 	SAM: 0.042791
512 - cIndustry_c222           . 	SCC: 0.697541, 	SAM: 0.064002
513 - cIndustry_c223           . 	SCC: 0.688826, 	SAM: 0.065143
514 - cIndustry_c224           . 	SCC: 0.558326, 	SAM: 0.054904
515 - cIndustry_c225           . 	SCC: 0.605566, 	SAM: 0.063484
516 - cIndustry_c228           . 	SCC: 0.654894, 	SAM: 0.039955
517 - cIndustry_c229           . 	SCC: 0.703897, 	SAM: 0.050690
518 - cIndustry_c232           . 	SCC: 0.625934, 	SAM: 0.039243
519 - cIndustry_c235           . 	SCC: 0.628467, 	SAM: 0.083873
520 - cIndustry_c237           . 	SCC: 0.610170, 	SAM: 0.043764
521 - cIndustry_c238           . 	SCC: 0.628877, 	SAM: 0.050105
522 - cIndustry_c239           . 	SCC: 0.643077, 	SAM: 0.057495
523 - cIndustry_c240           . 	SCC: 0.654653, 	SAM: 0.060496
524 - cIndustry_c242           . 	SCC: 0.635537, 	SAM: 0.044431
525 - cIndustry_c249           . 	SCC: 0.688331, 	SAM: 0.066256
526 - cIndustry_c253           . 	SCC: 0.675738, 	SAM: 0.068540
527 - cIndustry_c255           . 	SCC: 0.643935, 	SAM: 0.057546
528 - cIndustry_c256           . 	SCC: 0.692627, 	SAM: 0.043480
529 - cIndustry_c257           . 	SCC: 0.620977, 	SAM: 0.062171
530 - cIndustry_c261           . 	SCC: 0.669947, 	SAM: 0.058403
531 - cIndustry_c263           . 	SCC: 0.643829, 	SAM: 0.067576
532 - cIndustry_c264           . 	SCC: 0.647564, 	SAM: 0.064375
533 - cIndustry_c266           . 	SCC: 0.698394, 	SAM: 0.072506
534 - cIndustry_c267           . 	SCC: 0.672651, 	SAM: 0.072884
535 - cIndustry_c270           . 	SCC: 0.700960, 	SAM: 0.072430
536 - cIndustry_c273           . 	SCC: 0.685306, 	SAM: 0.077511
537 - cIndustry_c278           . 	SCC: 0.629012, 	SAM: 0.060678
538 - cIndustry_c279           . 	SCC: 0.651595, 	SAM: 0.065076
539 - cIndustry_c280           . 	SCC: 0.654460, 	SAM: 0.054458
540 - cIndustry_c281           . 	SCC: 0.686971, 	SAM: 0.070087
541 - cIndustry_c288           . 	SCC: 0.634690, 	SAM: 0.084041
542 - cIndustry_c290           . 	SCC: 0.663249, 	SAM: 0.088492
543 - cIndustry_c291           . 	SCC: 0.601738, 	SAM: 0.048842
544 - cIndustry_c292           . 	SCC: 0.648838, 	SAM: 0.049264
545 - cIndustry_c293           . 	SCC: 0.618072, 	SAM: 0.042954
546 - cIndustry_c295           . 	SCC: 0.628078, 	SAM: 0.042185
547 - cIndustry_c299           . 	SCC: 0.629785, 	SAM: 0.050207
548 - cIndustry_c300           . 	SCC: 0.649969, 	SAM: 0.052874
549 - cIndustry_c301           . 	SCC: 0.680775, 	SAM: 0.090364
550 - cIndustry_c303           . 	SCC: 0.709313, 	SAM: 0.081615
551 - cIndustry_c305           . 	SCC: 0.715439, 	SAM: 0.079637
552 - cIndustry_c307           . 	SCC: 0.680840, 	SAM: 0.086505
553 - cIndustry_c308           . 	SCC: 0.680633, 	SAM: 0.092980
554 - cIndustry_c309           . 	SCC: 0.701672, 	SAM: 0.073660
555 - cIndustry_c310           . 	SCC: 0.690651, 	SAM: 0.067583
556 - cIndustry_c311           . 	SCC: 0.666021, 	SAM: 0.078900
557 - cIndustry_c314           . 	SCC: 0.687617, 	SAM: 0.072933
558 - cIndustry_c316           . 	SCC: 0.680372, 	SAM: 0.054117
559 - cIndustry_c320           . 	SCC: 0.680885, 	SAM: 0.057944
560 - cIndustry_c323           . 	SCC: 0.706811, 	SAM: 0.058147
561 - cIndustry_c326           . 	SCC: 0.623802, 	SAM: 0.071822
562 - cIndustry_c328           . 	SCC: 0.693774, 	SAM: 0.059425
563 - cIndustry_c329           . 	SCC: 0.700861, 	SAM: 0.058261
564 - cIndustry_c330           . 	SCC: 0.694956, 	SAM: 0.059443
565 - cIndustry_c332           . 	SCC: 0.665313, 	SAM: 0.069260
566 - cIndustry_c333           . 	SCC: 0.682054, 	SAM: 0.070037
567 - cIndustry_c335           . 	SCC: 0.685611, 	SAM: 0.070582
568 - cIndustry_c336           . 	SCC: 0.700788, 	SAM: 0.044319
569 - cIndustry_c337           . 	SCC: 0.689597, 	SAM: 0.064899
570 - cIndustry_c338           . 	SCC: 0.695362, 	SAM: 0.076385
571 - cIndustry_c341           . 	SCC: 0.662720, 	SAM: 0.065018
572 - cIndustry_c343           . 	SCC: 0.655683, 	SAM: 0.075730
573 - cIndustry_c344           . 	SCC: 0.695472, 	SAM: 0.074097
574 - cIndustry_c345           . 	SCC: 0.691473, 	SAM: 0.089579
575 - cIndustry_c353           . 	SCC: 0.652814, 	SAM: 0.057466
576 - cIndustry_c356           . 	SCC: 0.673121, 	SAM: 0.051257
577 - cIndustry_c358           . 	SCC: 0.669971, 	SAM: 0.062400
578 - cIndustry_c362           . 	SCC: 0.699394, 	SAM: 0.051817
579 - cIndustry_c367           . 	SCC: 0.672365, 	SAM: 0.057300
580 - cIndustry_c368           . 	SCC: 0.657718, 	SAM: 0.058241
581 - cIndustry_c370           . 	SCC: 0.714148, 	SAM: 0.065666
582 - cIndustry_c371           . 	SCC: 0.682390, 	SAM: 0.066760
583 - cIndustry_c372           . 	SCC: 0.679357, 	SAM: 0.058024
584 - cIndustry_c374           . 	SCC: 0.577815, 	SAM: 0.116480
585 - cIndustry_c375           . 	SCC: 0.570290, 	SAM: 0.116385
586 - cIndustry_c376           . 	SCC: 0.598238, 	SAM: 0.092703
587 - cIndustry_c377           . 	SCC: 0.630641, 	SAM: 0.095037
588 - cIndustry_c378           . 	SCC: 0.610324, 	SAM: 0.080118
589 - cIndustry_c380           . 	SCC: 0.594505, 	SAM: 0.069099
590 - cIndustry_c381           . 	SCC: 0.607305, 	SAM: 0.058330
591 - cIndustry_c385           . 	SCC: 0.593892, 	SAM: 0.109771
592 - cIndustry_c386           . 	SCC: 0.621725, 	SAM: 0.095052
593 - cIndustry_c390           . 	SCC: 0.667317, 	SAM: 0.065434
594 - cIndustry_c392           . 	SCC: 0.631923, 	SAM: 0.099881
595 - cIndustry_c394           . 	SCC: 0.642750, 	SAM: 0.081887
596 - cIndustry_c395           . 	SCC: 0.596611, 	SAM: 0.103345
597 - cIndustry_c397           . 	SCC: 0.651748, 	SAM: 0.087140
598 - cIndustry_c398           . 	SCC: 0.641231, 	SAM: 0.071745
599 - cIndustry_c399           . 	SCC: 0.677408, 	SAM: 0.095529
600 - cIndustry_c400           . 	SCC: 0.618992, 	SAM: 0.106226
601 - dRiverLake_d002          . 	SCC: 0.555021, 	SAM: 0.036752
602 - dRiverLake_d003          . 	SCC: 0.537221, 	SAM: 0.073250
603 - dRiverLake_d004          . 	SCC: 0.535718, 	SAM: 0.104177
604 - dRiverLake_d009          . 	SCC: 0.502817, 	SAM: 0.141203
605 - dRiverLake_d010          . 	SCC: 0.447837, 	SAM: 0.043358
606 - dRiverLake_d011          . 	SCC: 0.485332, 	SAM: 0.032308
607 - dRiverLake_d014          . 	SCC: 0.535502, 	SAM: 0.153237
608 - dRiverLake_d015          . 	SCC: 0.479923, 	SAM: 0.101717
609 - dRiverLake_d019          . 	SCC: 0.520897, 	SAM: 0.129188
610 - dRiverLake_d022          . 	SCC: 0.254266, 	SAM: 0.053665
611 - dRiverLake_d023          . 	SCC: 0.285307, 	SAM: 0.090990
612 - dRiverLake_d025          . 	SCC: 0.408242, 	SAM: 0.074479
613 - dRiverLake_d027          . 	SCC: 0.522208, 	SAM: 0.084257
614 - dRiverLake_d028          . 	SCC: 0.485871, 	SAM: 0.087551
615 - dRiverLake_d030          . 	SCC: 0.425759, 	SAM: 0.067663
616 - dRiverLake_d031          . 	SCC: 0.472068, 	SAM: 0.076512
617 - dRiverLake_d035          . 	SCC: 0.523432, 	SAM: 0.050527
618 - dRiverLake_d036          . 	SCC: 0.540563, 	SAM: 0.075580
619 - dRiverLake_d037          . 	SCC: 0.417756, 	SAM: 0.053199
620 - dRiverLake_d040          . 	SCC: 0.576694, 	SAM: 0.054638
621 - dRiverLake_d041          . 	SCC: 0.450963, 	SAM: 0.066505
622 - dRiverLake_d042          . 	SCC: 0.412222, 	SAM: 0.066503
623 - dRiverLake_d043          . 	SCC: 0.532208, 	SAM: 0.072277
624 - dRiverLake_d044          . 	SCC: 0.350856, 	SAM: 0.056804
625 - dRiverLake_d046          . 	SCC: 0.493204, 	SAM: 0.062000
626 - dRiverLake_d048          . 	SCC: 0.493683, 	SAM: 0.084683
627 - dRiverLake_d052          . 	SCC: 0.454604, 	SAM: 0.079138
628 - dRiverLake_d057          . 	SCC: 0.558656, 	SAM: 0.083658
629 - dRiverLake_d058          . 	SCC: 0.536257, 	SAM: 0.130411
630 - dRiverLake_d061          . 	SCC: 0.410754, 	SAM: 0.048909
631 - dRiverLake_d062          . 	SCC: 0.489394, 	SAM: 0.064623
632 - dRiverLake_d066          . 	SCC: 0.436284, 	SAM: 0.062666
633 - dRiverLake_d067          . 	SCC: 0.582910, 	SAM: 0.109446
634 - dRiverLake_d069          . 	SCC: 0.290581, 	SAM: 0.020474
635 - dRiverLake_d075          . 	SCC: 0.475062, 	SAM: 0.034579
636 - dRiverLake_d076          . 	SCC: 0.624215, 	SAM: 0.037243
637 - dRiverLake_d077          . 	SCC: 0.454019, 	SAM: 0.036472
638 - dRiverLake_d078          . 	SCC: 0.547706, 	SAM: 0.032334
639 - dRiverLake_d079          . 	SCC: 0.474328, 	SAM: 0.021545
640 - dRiverLake_d082          . 	SCC: 0.610496, 	SAM: 0.041950
641 - dRiverLake_d083          . 	SCC: 0.530735, 	SAM: 0.026027
642 - dRiverLake_d084          . 	SCC: 0.506636, 	SAM: 0.028471
643 - dRiverLake_d087          . 	SCC: 0.611643, 	SAM: 0.036668
644 - dRiverLake_d088          . 	SCC: 0.623219, 	SAM: 0.043417
645 - dRiverLake_d089          . 	SCC: 0.592150, 	SAM: 0.037264
646 - dRiverLake_d091          . 	SCC: 0.402896, 	SAM: 0.027944
647 - dRiverLake_d093          . 	SCC: 0.439044, 	SAM: 0.061953
648 - dRiverLake_d094          . 	SCC: 0.338205, 	SAM: 0.016640
649 - dRiverLake_d096          . 	SCC: 0.550619, 	SAM: 0.047180
650 - dRiverLake_d097          . 	SCC: 0.556469, 	SAM: 0.042015
651 - dRiverLake_d099          . 	SCC: 0.630699, 	SAM: 0.039384
652 - dRiverLake_d100          . 	SCC: 0.492586, 	SAM: 0.031506
653 - dRiverLake_d101          . 	SCC: 0.547506, 	SAM: 0.072347
654 - dRiverLake_d104          . 	SCC: 0.494984, 	SAM: 0.059361
655 - dRiverLake_d105          . 	SCC: 0.522483, 	SAM: 0.075661
656 - dRiverLake_d106          . 	SCC: 0.519361, 	SAM: 0.077445
657 - dRiverLake_d107          . 	SCC: 0.495836, 	SAM: 0.085134
658 - dRiverLake_d108          . 	SCC: 0.445927, 	SAM: 0.062719
659 - dRiverLake_d109          . 	SCC: 0.489990, 	SAM: 0.074969
660 - dRiverLake_d110          . 	SCC: 0.467864, 	SAM: 0.088250
661 - dRiverLake_d111          . 	SCC: 0.539723, 	SAM: 0.105987
662 - dRiverLake_d115          . 	SCC: 0.285105, 	SAM: 0.079799
663 - dRiverLake_d123          . 	SCC: 0.506178, 	SAM: 0.091036
664 - dRiverLake_d124          . 	SCC: 0.374377, 	SAM: 0.034218
665 - dRiverLake_d125          . 	SCC: 0.308337, 	SAM: 0.090822
666 - dRiverLake_d126          . 	SCC: 0.298055, 	SAM: 0.060944
667 - dRiverLake_d127          . 	SCC: 0.403969, 	SAM: 0.050718
668 - dRiverLake_d128          . 	SCC: 0.376467, 	SAM: 0.049647
669 - dRiverLake_d130          . 	SCC: 0.243103, 	SAM: 0.106279
670 - dRiverLake_d133          . 	SCC: 0.432687, 	SAM: 0.081089
671 - dRiverLake_d134          . 	SCC: 0.432120, 	SAM: 0.098557
672 - dRiverLake_d137          . 	SCC: 0.595688, 	SAM: 0.109185
673 - dRiverLake_d138          . 	SCC: 0.536761, 	SAM: 0.100405
674 - dRiverLake_d143          . 	SCC: 0.447260, 	SAM: 0.106768
675 - dRiverLake_d146          . 	SCC: 0.244278, 	SAM: 0.064047
676 - dRiverLake_d149          . 	SCC: 0.494403, 	SAM: 0.070192
677 - dRiverLake_d150          . 	SCC: 0.574421, 	SAM: 0.117751
678 - dRiverLake_d157          . 	SCC: 0.463163, 	SAM: 0.080749
679 - dRiverLake_d158          . 	SCC: 0.560889, 	SAM: 0.085021
680 - dRiverLake_d160          . 	SCC: 0.424618, 	SAM: 0.063748
681 - dRiverLake_d161          . 	SCC: 0.510937, 	SAM: 0.067977
682 - dRiverLake_d162          . 	SCC: 0.536685, 	SAM: 0.071528
683 - dRiverLake_d163          . 	SCC: 0.519270, 	SAM: 0.068721
684 - dRiverLake_d167          . 	SCC: 0.292892, 	SAM: 0.081948
685 - dRiverLake_d169          . 	SCC: 0.532806, 	SAM: 0.066034
686 - dRiverLake_d171          . 	SCC: 0.301754, 	SAM: 0.028604
687 - dRiverLake_d172          . 	SCC: 0.302148, 	SAM: 0.051761
688 - dRiverLake_d173          . 	SCC: 0.203842, 	SAM: 0.073520
689 - dRiverLake_d175          . 	SCC: 0.483887, 	SAM: 0.071209
690 - dRiverLake_d178          . 	SCC: 0.373674, 	SAM: 0.078789
691 - dRiverLake_d179          . 	SCC: 0.495736, 	SAM: 0.073795
692 - dRiverLake_d180          . 	SCC: 0.444720, 	SAM: 0.099224
693 - dRiverLake_d182          . 	SCC: 0.472834, 	SAM: 0.074694
694 - dRiverLake_d183          . 	SCC: 0.373253, 	SAM: 0.038375
695 - dRiverLake_d185          . 	SCC: 0.530714, 	SAM: 0.046504
696 - dRiverLake_d192          . 	SCC: 0.458468, 	SAM: 0.035962
697 - dRiverLake_d193          . 	SCC: 0.415433, 	SAM: 0.056629
698 - dRiverLake_d194          . 	SCC: 0.574297, 	SAM: 0.064834
699 - dRiverLake_d195          . 	SCC: 0.363512, 	SAM: 0.020952
700 - dRiverLake_d198          . 	SCC: 0.571710, 	SAM: 0.071612
701 - dRiverLake_d200          . 	SCC: 0.549558, 	SAM: 0.072781
702 - dRiverLake_d201          . 	SCC: 0.352851, 	SAM: 0.104649
703 - dRiverLake_d205          . 	SCC: 0.477008, 	SAM: 0.139919
704 - dRiverLake_d206          . 	SCC: 0.513291, 	SAM: 0.092810
705 - dRiverLake_d207          . 	SCC: 0.466301, 	SAM: 0.177516
706 - dRiverLake_d208          . 	SCC: 0.334552, 	SAM: 0.122054
707 - dRiverLake_d212          . 	SCC: 0.524889, 	SAM: 0.082064
708 - dRiverLake_d214          . 	SCC: 0.477174, 	SAM: 0.112414
709 - dRiverLake_d216          . 	SCC: 0.348558, 	SAM: 0.048659
710 - dRiverLake_d217          . 	SCC: 0.359587, 	SAM: 0.062295
711 - dRiverLake_d219          . 	SCC: 0.576367, 	SAM: 0.045711
712 - dRiverLake_d220          . 	SCC: 0.332971, 	SAM: 0.027390
713 - dRiverLake_d221          . 	SCC: 0.472266, 	SAM: 0.074314
714 - dRiverLake_d222          . 	SCC: 0.480996, 	SAM: 0.076688
715 - dRiverLake_d224          . 	SCC: 0.555477, 	SAM: 0.068165
716 - dRiverLake_d225          . 	SCC: 0.552676, 	SAM: 0.075713
717 - dRiverLake_d229          . 	SCC: 0.265082, 	SAM: 0.060625
718 - dRiverLake_d230          . 	SCC: 0.360022, 	SAM: 0.088489
719 - dRiverLake_d232          . 	SCC: 0.412775, 	SAM: 0.092426
720 - dRiverLake_d235          . 	SCC: 0.459268, 	SAM: 0.094635
721 - dRiverLake_d241          . 	SCC: 0.458456, 	SAM: 0.102325
722 - dRiverLake_d243          . 	SCC: 0.408751, 	SAM: 0.101529
723 - dRiverLake_d244          . 	SCC: 0.496617, 	SAM: 0.071823
724 - dRiverLake_d246          . 	SCC: 0.540600, 	SAM: 0.050055
725 - dRiverLake_d249          . 	SCC: 0.378996, 	SAM: 0.035635
726 - dRiverLake_d254          . 	SCC: 0.535223, 	SAM: 0.065278
727 - dRiverLake_d256          . 	SCC: 0.572462, 	SAM: 0.054385
728 - dRiverLake_d258          . 	SCC: 0.607826, 	SAM: 0.066135
729 - dRiverLake_d260          . 	SCC: 0.501733, 	SAM: 0.044437
730 - dRiverLake_d261          . 	SCC: 0.398414, 	SAM: 0.054469
731 - dRiverLake_d262          . 	SCC: 0.583476, 	SAM: 0.062081
732 - dRiverLake_d263          . 	SCC: 0.405091, 	SAM: 0.054475
733 - dRiverLake_d265          . 	SCC: 0.425964, 	SAM: 0.082899
734 - dRiverLake_d266          . 	SCC: 0.409595, 	SAM: 0.056935
735 - dRiverLake_d268          . 	SCC: 0.422297, 	SAM: 0.044569
736 - dRiverLake_d269          . 	SCC: 0.327114, 	SAM: 0.058003
737 - dRiverLake_d271          . 	SCC: 0.546189, 	SAM: 0.050247
738 - dRiverLake_d273          . 	SCC: 0.597523, 	SAM: 0.058358
739 - dRiverLake_d278          . 	SCC: 0.573733, 	SAM: 0.068838
740 - dRiverLake_d279          . 	SCC: 0.569466, 	SAM: 0.055337
741 - dRiverLake_d281          . 	SCC: 0.379528, 	SAM: 0.085260
742 - dRiverLake_d283          . 	SCC: 0.528621, 	SAM: 0.072737
743 - dRiverLake_d284          . 	SCC: 0.496120, 	SAM: 0.054173
744 - dRiverLake_d287          . 	SCC: 0.439665, 	SAM: 0.110079
745 - dRiverLake_d289          . 	SCC: 0.519000, 	SAM: 0.034920
746 - dRiverLake_d291          . 	SCC: 0.386531, 	SAM: 0.113874
747 - dRiverLake_d292          . 	SCC: 0.497872, 	SAM: 0.071877
748 - dRiverLake_d294          . 	SCC: 0.631876, 	SAM: 0.085965
749 - dRiverLake_d296          . 	SCC: 0.488076, 	SAM: 0.075078
750 - dRiverLake_d300          . 	SCC: 0.467440, 	SAM: 0.144192
751 - dRiverLake_d302          . 	SCC: 0.575117, 	SAM: 0.059608
752 - dRiverLake_d303          . 	SCC: 0.479015, 	SAM: 0.058357
753 - dRiverLake_d304          . 	SCC: 0.565758, 	SAM: 0.048252
754 - dRiverLake_d305          . 	SCC: 0.525731, 	SAM: 0.057511
755 - dRiverLake_d307          . 	SCC: 0.478709, 	SAM: 0.049057
756 - dRiverLake_d308          . 	SCC: 0.553254, 	SAM: 0.075921
757 - dRiverLake_d309          . 	SCC: 0.470436, 	SAM: 0.072567
758 - dRiverLake_d310          . 	SCC: 0.554594, 	SAM: 0.093449
759 - dRiverLake_d312          . 	SCC: 0.585034, 	SAM: 0.098770
760 - dRiverLake_d313          . 	SCC: 0.560939, 	SAM: 0.078247
761 - dRiverLake_d314          . 	SCC: 0.575254, 	SAM: 0.076739
762 - dRiverLake_d315          . 	SCC: 0.305669, 	SAM: 0.020211
763 - dRiverLake_d316          . 	SCC: 0.341513, 	SAM: 0.043107
764 - dRiverLake_d319          . 	SCC: 0.602338, 	SAM: 0.059924
765 - dRiverLake_d323          . 	SCC: 0.634411, 	SAM: 0.067221
766 - dRiverLake_d324          . 	SCC: 0.580857, 	SAM: 0.072279
767 - dRiverLake_d325          . 	SCC: 0.567537, 	SAM: 0.067887
768 - dRiverLake_d332          . 	SCC: 0.569866, 	SAM: 0.081891
769 - dRiverLake_d334          . 	SCC: 0.589066, 	SAM: 0.073922
770 - dRiverLake_d335          . 	SCC: 0.595438, 	SAM: 0.086870
771 - dRiverLake_d336          . 	SCC: 0.580534, 	SAM: 0.091579
772 - dRiverLake_d337          . 	SCC: 0.299993, 	SAM: 0.031005
773 - dRiverLake_d343          . 	SCC: 0.497663, 	SAM: 0.076105
774 - dRiverLake_d345          . 	SCC: 0.432133, 	SAM: 0.039359
775 - dRiverLake_d348          . 	SCC: 0.479001, 	SAM: 0.032511
776 - dRiverLake_d349          . 	SCC: 0.387410, 	SAM: 0.050241
777 - dRiverLake_d350          . 	SCC: 0.321418, 	SAM: 0.026163
778 - dRiverLake_d351          . 	SCC: 0.478963, 	SAM: 0.064112
779 - dRiverLake_d355          . 	SCC: 0.603075, 	SAM: 0.079342
780 - dRiverLake_d357          . 	SCC: 0.566079, 	SAM: 0.030601
781 - dRiverLake_d358          . 	SCC: 0.408066, 	SAM: 0.035090
782 - dRiverLake_d361          . 	SCC: 0.393087, 	SAM: 0.065975
783 - dRiverLake_d366          . 	SCC: 0.545173, 	SAM: 0.046652
784 - dRiverLake_d369          . 	SCC: 0.516360, 	SAM: 0.065432
785 - dRiverLake_d371          . 	SCC: 0.616231, 	SAM: 0.055594
786 - dRiverLake_d372          . 	SCC: 0.563922, 	SAM: 0.070198
787 - dRiverLake_d380          . 	SCC: 0.614863, 	SAM: 0.064147
788 - dRiverLake_d381          . 	SCC: 0.628769, 	SAM: 0.074347
789 - dRiverLake_d382          . 	SCC: 0.500200, 	SAM: 0.047307
790 - dRiverLake_d385          . 	SCC: 0.581748, 	SAM: 0.059929
791 - dRiverLake_d387          . 	SCC: 0.456595, 	SAM: 0.092222
792 - dRiverLake_d388          . 	SCC: 0.471593, 	SAM: 0.075526
793 - dRiverLake_d389          . 	SCC: 0.488876, 	SAM: 0.074057
794 - dRiverLake_d391          . 	SCC: 0.588385, 	SAM: 0.042040
795 - dRiverLake_d392          . 	SCC: 0.570002, 	SAM: 0.034326
796 - dRiverLake_d393          . 	SCC: 0.555410, 	SAM: 0.034438
797 - dRiverLake_d396          . 	SCC: 0.586184, 	SAM: 0.037156
798 - dRiverLake_d397          . 	SCC: 0.493156, 	SAM: 0.033739
799 - dRiverLake_d398          . 	SCC: 0.570003, 	SAM: 0.075501
800 - dRiverLake_d399          . 	SCC: 0.591192, 	SAM: 0.027622
801 - eForest_e001             . 	SCC: 0.586944, 	SAM: 0.138195
802 - eForest_e002             . 	SCC: 0.539408, 	SAM: 0.100147
803 - eForest_e003             . 	SCC: 0.610871, 	SAM: 0.090889
804 - eForest_e006             . 	SCC: 0.603249, 	SAM: 0.124395
805 - eForest_e007             . 	SCC: 0.612503, 	SAM: 0.110763
806 - eForest_e008             . 	SCC: 0.639276, 	SAM: 0.097841
807 - eForest_e009             . 	SCC: 0.606229, 	SAM: 0.121140
808 - eForest_e012             . 	SCC: 0.611417, 	SAM: 0.115103
809 - eForest_e013             . 	SCC: 0.543083, 	SAM: 0.201161
810 - eForest_e014             . 	SCC: 0.554386, 	SAM: 0.180730
811 - eForest_e015             . 	SCC: 0.564559, 	SAM: 0.193475
812 - eForest_e016             . 	SCC: 0.553969, 	SAM: 0.154143
813 - eForest_e017             . 	SCC: 0.593115, 	SAM: 0.128612
814 - eForest_e018             . 	SCC: 0.557302, 	SAM: 0.172894
815 - eForest_e019             . 	SCC: 0.579439, 	SAM: 0.142317
816 - eForest_e023             . 	SCC: 0.535290, 	SAM: 0.153829
817 - eForest_e025             . 	SCC: 0.550200, 	SAM: 0.172820
818 - eForest_e026             . 	SCC: 0.542662, 	SAM: 0.149989
819 - eForest_e028             . 	SCC: 0.567807, 	SAM: 0.148843
820 - eForest_e031             . 	SCC: 0.622852, 	SAM: 0.063035
821 - eForest_e036             . 	SCC: 0.617527, 	SAM: 0.110495
822 - eForest_e042             . 	SCC: 0.624207, 	SAM: 0.094201
823 - eForest_e043             . 	SCC: 0.599849, 	SAM: 0.147827
824 - eForest_e045             . 	SCC: 0.571984, 	SAM: 0.168016
825 - eForest_e048             . 	SCC: 0.627185, 	SAM: 0.071888
826 - eForest_e051             . 	SCC: 0.569110, 	SAM: 0.153161
827 - eForest_e052             . 	SCC: 0.528877, 	SAM: 0.165182
828 - eForest_e054             . 	SCC: 0.686685, 	SAM: 0.083654
829 - eForest_e056             . 	SCC: 0.560494, 	SAM: 0.112129
830 - eForest_e057             . 	SCC: 0.513162, 	SAM: 0.136149
831 - eForest_e058             . 	SCC: 0.689282, 	SAM: 0.073876
832 - eForest_e060             . 	SCC: 0.629526, 	SAM: 0.095930
833 - eForest_e061             . 	SCC: 0.564347, 	SAM: 0.170598
834 - eForest_e063             . 	SCC: 0.605450, 	SAM: 0.086317
835 - eForest_e064             . 	SCC: 0.588102, 	SAM: 0.096818
836 - eForest_e066             . 	SCC: 0.571860, 	SAM: 0.090852
837 - eForest_e068             . 	SCC: 0.661394, 	SAM: 0.053075
838 - eForest_e069             . 	SCC: 0.656016, 	SAM: 0.051854
839 - eForest_e070             . 	SCC: 0.666354, 	SAM: 0.042279
840 - eForest_e071             . 	SCC: 0.683991, 	SAM: 0.050616
841 - eForest_e072             . 	SCC: 0.678379, 	SAM: 0.060192
842 - eForest_e074             . 	SCC: 0.618145, 	SAM: 0.078469
843 - eForest_e077             . 	SCC: 0.582910, 	SAM: 0.114396
844 - eForest_e081             . 	SCC: 0.670884, 	SAM: 0.064303
845 - eForest_e083             . 	SCC: 0.625709, 	SAM: 0.099110
846 - eForest_e084             . 	SCC: 0.635871, 	SAM: 0.057669
847 - eForest_e092             . 	SCC: 0.645421, 	SAM: 0.054237
848 - eForest_e094             . 	SCC: 0.662814, 	SAM: 0.081321
849 - eForest_e095             . 	SCC: 0.620898, 	SAM: 0.076713
850 - eForest_e096             . 	SCC: 0.698972, 	SAM: 0.065681
851 - eForest_e098             . 	SCC: 0.564794, 	SAM: 0.091974
852 - eForest_e099             . 	SCC: 0.580031, 	SAM: 0.130043
853 - eForest_e103             . 	SCC: 0.568462, 	SAM: 0.131170
854 - eForest_e104             . 	SCC: 0.581523, 	SAM: 0.108759
855 - eForest_e105             . 	SCC: 0.558394, 	SAM: 0.126755
856 - eForest_e106             . 	SCC: 0.501110, 	SAM: 0.138994
857 - eForest_e107             . 	SCC: 0.483092, 	SAM: 0.140025
858 - eForest_e108             . 	SCC: 0.475522, 	SAM: 0.143899
859 - eForest_e110             . 	SCC: 0.502222, 	SAM: 0.110540
860 - eForest_e111             . 	SCC: 0.518072, 	SAM: 0.133622
861 - eForest_e112             . 	SCC: 0.508206, 	SAM: 0.158116
862 - eForest_e113             . 	SCC: 0.601866, 	SAM: 0.088651
863 - eForest_e115             . 	SCC: 0.492472, 	SAM: 0.111972
864 - eForest_e116             . 	SCC: 0.316058, 	SAM: 0.091554
865 - eForest_e117             . 	SCC: 0.566130, 	SAM: 0.118438
866 - eForest_e119             . 	SCC: 0.462389, 	SAM: 0.145256
867 - eForest_e120             . 	SCC: 0.543612, 	SAM: 0.137173
868 - eForest_e122             . 	SCC: 0.575011, 	SAM: 0.104346
869 - eForest_e123             . 	SCC: 0.565957, 	SAM: 0.103890
870 - eForest_e124             . 	SCC: 0.561547, 	SAM: 0.086989
871 - eForest_e126             . 	SCC: 0.508220, 	SAM: 0.087548
872 - eForest_e128             . 	SCC: 0.511454, 	SAM: 0.105024
873 - eForest_e129             . 	SCC: 0.547105, 	SAM: 0.077160
874 - eForest_e130             . 	SCC: 0.537246, 	SAM: 0.074974
875 - eForest_e133             . 	SCC: 0.522996, 	SAM: 0.099661
876 - eForest_e134             . 	SCC: 0.524710, 	SAM: 0.081246
877 - eForest_e136             . 	SCC: 0.560609, 	SAM: 0.080493
878 - eForest_e137             . 	SCC: 0.554234, 	SAM: 0.088563
879 - eForest_e138             . 	SCC: 0.569019, 	SAM: 0.120433
880 - eForest_e139             . 	SCC: 0.534293, 	SAM: 0.137317
881 - eForest_e140             . 	SCC: 0.570689, 	SAM: 0.122999
882 - eForest_e142             . 	SCC: 0.461541, 	SAM: 0.111229
883 - eForest_e143             . 	SCC: 0.452547, 	SAM: 0.121838
884 - eForest_e146             . 	SCC: 0.565172, 	SAM: 0.086626
885 - eForest_e148             . 	SCC: 0.494528, 	SAM: 0.123827
886 - eForest_e151             . 	SCC: 0.545650, 	SAM: 0.099147
887 - eForest_e152             . 	SCC: 0.497205, 	SAM: 0.106510
888 - eForest_e154             . 	SCC: 0.569781, 	SAM: 0.151950
889 - eForest_e157             . 	SCC: 0.458740, 	SAM: 0.097887
890 - eForest_e158             . 	SCC: 0.470159, 	SAM: 0.104044
891 - eForest_e160             . 	SCC: 0.504485, 	SAM: 0.106663
892 - eForest_e163             . 	SCC: 0.562807, 	SAM: 0.120880
893 - eForest_e164             . 	SCC: 0.528637, 	SAM: 0.148008
894 - eForest_e173             . 	SCC: 0.514481, 	SAM: 0.129304
895 - eForest_e175             . 	SCC: 0.500833, 	SAM: 0.132466
896 - eForest_e177             . 	SCC: 0.462706, 	SAM: 0.117657
897 - eForest_e178             . 	SCC: 0.482414, 	SAM: 0.091329
898 - eForest_e183             . 	SCC: 0.593349, 	SAM: 0.100635
899 - eForest_e184             . 	SCC: 0.555733, 	SAM: 0.114435
900 - eForest_e185             . 	SCC: 0.557116, 	SAM: 0.111897
901 - eForest_e188             . 	SCC: 0.618444, 	SAM: 0.091900
902 - eForest_e192             . 	SCC: 0.592252, 	SAM: 0.092677
903 - eForest_e193             . 	SCC: 0.627118, 	SAM: 0.074038
904 - eForest_e194             . 	SCC: 0.594729, 	SAM: 0.071475
905 - eForest_e196             . 	SCC: 0.581377, 	SAM: 0.088397
906 - eForest_e200             . 	SCC: 0.513132, 	SAM: 0.092861
907 - eForest_e201             . 	SCC: 0.596039, 	SAM: 0.092163
908 - eForest_e202             . 	SCC: 0.624471, 	SAM: 0.077537
909 - eForest_e205             . 	SCC: 0.484563, 	SAM: 0.158470
910 - eForest_e207             . 	SCC: 0.499953, 	SAM: 0.190631
911 - eForest_e211             . 	SCC: 0.505769, 	SAM: 0.164067
912 - eForest_e212             . 	SCC: 0.448870, 	SAM: 0.187031
913 - eForest_e215             . 	SCC: 0.454116, 	SAM: 0.174668
914 - eForest_e216             . 	SCC: 0.502241, 	SAM: 0.171236
915 - eForest_e217             . 	SCC: 0.505659, 	SAM: 0.124514
916 - eForest_e218             . 	SCC: 0.488957, 	SAM: 0.175850
917 - eForest_e222             . 	SCC: 0.654518, 	SAM: 0.079782
918 - eForest_e223             . 	SCC: 0.633034, 	SAM: 0.085449
919 - eForest_e228             . 	SCC: 0.610229, 	SAM: 0.110407
920 - eForest_e234             . 	SCC: 0.628863, 	SAM: 0.089836
921 - eForest_e239             . 	SCC: 0.617879, 	SAM: 0.085630
922 - eForest_e240             . 	SCC: 0.622387, 	SAM: 0.078442
923 - eForest_e243             . 	SCC: 0.625867, 	SAM: 0.097818
924 - eForest_e245             . 	SCC: 0.612822, 	SAM: 0.110421
925 - eForest_e246             . 	SCC: 0.624205, 	SAM: 0.070671
926 - eForest_e248             . 	SCC: 0.639225, 	SAM: 0.109605
927 - eForest_e249             . 	SCC: 0.622670, 	SAM: 0.097648
928 - eForest_e250             . 	SCC: 0.636852, 	SAM: 0.109424
929 - eForest_e251             . 	SCC: 0.640877, 	SAM: 0.113720
930 - eForest_e252             . 	SCC: 0.645725, 	SAM: 0.090939
931 - eForest_e254             . 	SCC: 0.615772, 	SAM: 0.076104
932 - eForest_e256             . 	SCC: 0.649388, 	SAM: 0.074883
933 - eForest_e261             . 	SCC: 0.600061, 	SAM: 0.094155
934 - eForest_e264             . 	SCC: 0.625575, 	SAM: 0.090917
935 - eForest_e265             . 	SCC: 0.604937, 	SAM: 0.097327
936 - eForest_e266             . 	SCC: 0.586801, 	SAM: 0.143099
937 - eForest_e267             . 	SCC: 0.611529, 	SAM: 0.112875
938 - eForest_e270             . 	SCC: 0.578004, 	SAM: 0.137808
939 - eForest_e271             . 	SCC: 0.611820, 	SAM: 0.156615
940 - eForest_e275             . 	SCC: 0.580676, 	SAM: 0.090761
941 - eForest_e277             . 	SCC: 0.617621, 	SAM: 0.082911
942 - eForest_e279             . 	SCC: 0.621644, 	SAM: 0.074920
943 - eForest_e280             . 	SCC: 0.617737, 	SAM: 0.096411
944 - eForest_e281             . 	SCC: 0.607596, 	SAM: 0.091085
945 - eForest_e282             . 	SCC: 0.620619, 	SAM: 0.095587
946 - eForest_e283             . 	SCC: 0.635824, 	SAM: 0.084495
947 - eForest_e296             . 	SCC: 0.557507, 	SAM: 0.119939
948 - eForest_e298             . 	SCC: 0.475769, 	SAM: 0.166757
949 - eForest_e299             . 	SCC: 0.481637, 	SAM: 0.158606
950 - eForest_e301             . 	SCC: 0.646519, 	SAM: 0.057965
951 - eForest_e304             . 	SCC: 0.586360, 	SAM: 0.074151
952 - eForest_e305             . 	SCC: 0.561604, 	SAM: 0.079019
953 - eForest_e307             . 	SCC: 0.580756, 	SAM: 0.098841
954 - eForest_e308             . 	SCC: 0.627207, 	SAM: 0.086928
955 - eForest_e310             . 	SCC: 0.634836, 	SAM: 0.084151
956 - eForest_e311             . 	SCC: 0.660399, 	SAM: 0.079339
957 - eForest_e312             . 	SCC: 0.645683, 	SAM: 0.065554
958 - eForest_e314             . 	SCC: 0.519222, 	SAM: 0.124555
959 - eForest_e316             . 	SCC: 0.688180, 	SAM: 0.082043
960 - eForest_e318             . 	SCC: 0.623516, 	SAM: 0.085864
961 - eForest_e319             . 	SCC: 0.622367, 	SAM: 0.086851
962 - eForest_e321             . 	SCC: 0.625468, 	SAM: 0.083095
963 - eForest_e323             . 	SCC: 0.634363, 	SAM: 0.089808
964 - eForest_e326             . 	SCC: 0.629052, 	SAM: 0.072108
965 - eForest_e329             . 	SCC: 0.653351, 	SAM: 0.072931
966 - eForest_e330             . 	SCC: 0.652237, 	SAM: 0.063268
967 - eForest_e332             . 	SCC: 0.613603, 	SAM: 0.091308
968 - eForest_e333             . 	SCC: 0.636008, 	SAM: 0.058379
969 - eForest_e337             . 	SCC: 0.566622, 	SAM: 0.068988
970 - eForest_e338             . 	SCC: 0.598582, 	SAM: 0.064888
971 - eForest_e340             . 	SCC: 0.633959, 	SAM: 0.075340
972 - eForest_e341             . 	SCC: 0.623920, 	SAM: 0.076588
973 - eForest_e344             . 	SCC: 0.633847, 	SAM: 0.081573
974 - eForest_e345             . 	SCC: 0.609336, 	SAM: 0.067782
975 - eForest_e346             . 	SCC: 0.630933, 	SAM: 0.096227
976 - eForest_e350             . 	SCC: 0.614276, 	SAM: 0.076812
977 - eForest_e352             . 	SCC: 0.623952, 	SAM: 0.066454
978 - eForest_e353             . 	SCC: 0.610408, 	SAM: 0.066888
979 - eForest_e358             . 	SCC: 0.663431, 	SAM: 0.071404
980 - eForest_e362             . 	SCC: 0.607008, 	SAM: 0.077831
981 - eForest_e365             . 	SCC: 0.609126, 	SAM: 0.095234
982 - eForest_e366             . 	SCC: 0.619940, 	SAM: 0.095440
983 - eForest_e368             . 	SCC: 0.571216, 	SAM: 0.108391
984 - eForest_e369             . 	SCC: 0.585910, 	SAM: 0.158173
985 - eForest_e370             . 	SCC: 0.627231, 	SAM: 0.085251
986 - eForest_e371             . 	SCC: 0.628982, 	SAM: 0.067475
987 - eForest_e373             . 	SCC: 0.618133, 	SAM: 0.067376
988 - eForest_e374             . 	SCC: 0.604696, 	SAM: 0.075668
989 - eForest_e375             . 	SCC: 0.627872, 	SAM: 0.070273
990 - eForest_e376             . 	SCC: 0.603157, 	SAM: 0.073978
991 - eForest_e379             . 	SCC: 0.598987, 	SAM: 0.078855
992 - eForest_e389             . 	SCC: 0.594921, 	SAM: 0.109794
993 - eForest_e390             . 	SCC: 0.598671, 	SAM: 0.123003
994 - eForest_e391             . 	SCC: 0.605530, 	SAM: 0.128195
995 - eForest_e392             . 	SCC: 0.571284, 	SAM: 0.127517
996 - eForest_e393             . 	SCC: 0.570923, 	SAM: 0.130850
997 - eForest_e396             . 	SCC: 0.546373, 	SAM: 0.158006
998 - eForest_e397             . 	SCC: 0.492960, 	SAM: 0.175915
999 - eForest_e398             . 	SCC: 0.505050, 	SAM: 0.148306
1000 - eForest_e399             . 	SCC: 0.499196, 	SAM: 0.140794
1001 - fResident_f001           . 	SCC: 0.598618, 	SAM: 0.074482
1002 - fResident_f002           . 	SCC: 0.594083, 	SAM: 0.071993
1003 - fResident_f003           . 	SCC: 0.597896, 	SAM: 0.073987
1004 - fResident_f004           . 	SCC: 0.599681, 	SAM: 0.072261
1005 - fResident_f005           . 	SCC: 0.561798, 	SAM: 0.073844
1006 - fResident_f006           . 	SCC: 0.629250, 	SAM: 0.099829
1007 - fResident_f007           . 	SCC: 0.628710, 	SAM: 0.091653
1008 - fResident_f009           . 	SCC: 0.567647, 	SAM: 0.089297
1009 - fResident_f010           . 	SCC: 0.700939, 	SAM: 0.044328
1010 - fResident_f013           . 	SCC: 0.657262, 	SAM: 0.091688
1011 - fResident_f019           . 	SCC: 0.634256, 	SAM: 0.069664
1012 - fResident_f020           . 	SCC: 0.684869, 	SAM: 0.047273
1013 - fResident_f023           . 	SCC: 0.693868, 	SAM: 0.046406
1014 - fResident_f025           . 	SCC: 0.686859, 	SAM: 0.054527
1015 - fResident_f026           . 	SCC: 0.708616, 	SAM: 0.038299
1016 - fResident_f027           . 	SCC: 0.696818, 	SAM: 0.042681
1017 - fResident_f028           . 	SCC: 0.715048, 	SAM: 0.036997
1018 - fResident_f029           . 	SCC: 0.691937, 	SAM: 0.051109
1019 - fResident_f031           . 	SCC: 0.692654, 	SAM: 0.037860
1020 - fResident_f036           . 	SCC: 0.659497, 	SAM: 0.042657
1021 - fResident_f037           . 	SCC: 0.635636, 	SAM: 0.043395
1022 - fResident_f046           . 	SCC: 0.689965, 	SAM: 0.033222
1023 - fResident_f047           . 	SCC: 0.654853, 	SAM: 0.054547
1024 - fResident_f048           . 	SCC: 0.699526, 	SAM: 0.042799
1025 - fResident_f049           . 	SCC: 0.690669, 	SAM: 0.047164
1026 - fResident_f050           . 	SCC: 0.695255, 	SAM: 0.050805
1027 - fResident_f052           . 	SCC: 0.728157, 	SAM: 0.040570
1028 - fResident_f054           . 	SCC: 0.692273, 	SAM: 0.043212
1029 - fResident_f055           . 	SCC: 0.664965, 	SAM: 0.046634
1030 - fResident_f056           . 	SCC: 0.697243, 	SAM: 0.040380
1031 - fResident_f057           . 	SCC: 0.695661, 	SAM: 0.059296
1032 - fResident_f060           . 	SCC: 0.670469, 	SAM: 0.068081
1033 - fResident_f062           . 	SCC: 0.675194, 	SAM: 0.064140
1034 - fResident_f068           . 	SCC: 0.640436, 	SAM: 0.043792
1035 - fResident_f069           . 	SCC: 0.648603, 	SAM: 0.044189
1036 - fResident_f075           . 	SCC: 0.697106, 	SAM: 0.045087
1037 - fResident_f076           . 	SCC: 0.663869, 	SAM: 0.055508
1038 - fResident_f077           . 	SCC: 0.683491, 	SAM: 0.045526
1039 - fResident_f080           . 	SCC: 0.670789, 	SAM: 0.063992
1040 - fResident_f084           . 	SCC: 0.682115, 	SAM: 0.034215
1041 - fResident_f085           . 	SCC: 0.671318, 	SAM: 0.079936
1042 - fResident_f088           . 	SCC: 0.681478, 	SAM: 0.087618
1043 - fResident_f091           . 	SCC: 0.707371, 	SAM: 0.063020
1044 - fResident_f092           . 	SCC: 0.681805, 	SAM: 0.064502
1045 - fResident_f095           . 	SCC: 0.630568, 	SAM: 0.120889
1046 - fResident_f097           . 	SCC: 0.654778, 	SAM: 0.040559
1047 - fResident_f098           . 	SCC: 0.693596, 	SAM: 0.095942
1048 - fResident_f099           . 	SCC: 0.720779, 	SAM: 0.050199
1049 - fResident_f100           . 	SCC: 0.703364, 	SAM: 0.061825
1050 - fResident_f101           . 	SCC: 0.594118, 	SAM: 0.086343
1051 - fResident_f102           . 	SCC: 0.573497, 	SAM: 0.087485
1052 - fResident_f104           . 	SCC: 0.535342, 	SAM: 0.107307
1053 - fResident_f105           . 	SCC: 0.601482, 	SAM: 0.099072
1054 - fResident_f106           . 	SCC: 0.547892, 	SAM: 0.112150
1055 - fResident_f107           . 	SCC: 0.581197, 	SAM: 0.093400
1056 - fResident_f108           . 	SCC: 0.535717, 	SAM: 0.093775
1057 - fResident_f109           . 	SCC: 0.542202, 	SAM: 0.093003
1058 - fResident_f112           . 	SCC: 0.612232, 	SAM: 0.106651
1059 - fResident_f113           . 	SCC: 0.612254, 	SAM: 0.108491
1060 - fResident_f114           . 	SCC: 0.602990, 	SAM: 0.074662
1061 - fResident_f116           . 	SCC: 0.608191, 	SAM: 0.091976
1062 - fResident_f117           . 	SCC: 0.594786, 	SAM: 0.092396
1063 - fResident_f118           . 	SCC: 0.609686, 	SAM: 0.092023
1064 - fResident_f119           . 	SCC: 0.610445, 	SAM: 0.091043
1065 - fResident_f120           . 	SCC: 0.614751, 	SAM: 0.106831
1066 - fResident_f123           . 	SCC: 0.677945, 	SAM: 0.089221
1067 - fResident_f124           . 	SCC: 0.596819, 	SAM: 0.095905
1068 - fResident_f125           . 	SCC: 0.659026, 	SAM: 0.085970
1069 - fResident_f126           . 	SCC: 0.650730, 	SAM: 0.089729
1070 - fResident_f127           . 	SCC: 0.688617, 	SAM: 0.066973
1071 - fResident_f130           . 	SCC: 0.628608, 	SAM: 0.095848
1072 - fResident_f131           . 	SCC: 0.618878, 	SAM: 0.062184
1073 - fResident_f132           . 	SCC: 0.604946, 	SAM: 0.107294
1074 - fResident_f136           . 	SCC: 0.649331, 	SAM: 0.084966
1075 - fResident_f138           . 	SCC: 0.650363, 	SAM: 0.071499
1076 - fResident_f139           . 	SCC: 0.666395, 	SAM: 0.067975
1077 - fResident_f144           . 	SCC: 0.641246, 	SAM: 0.071347
1078 - fResident_f146           . 	SCC: 0.598734, 	SAM: 0.094138
1079 - fResident_f150           . 	SCC: 0.623317, 	SAM: 0.082575
1080 - fResident_f153           . 	SCC: 0.606305, 	SAM: 0.080238
1081 - fResident_f156           . 	SCC: 0.601947, 	SAM: 0.104826
1082 - fResident_f162           . 	SCC: 0.616468, 	SAM: 0.126905
1083 - fResident_f166           . 	SCC: 0.585462, 	SAM: 0.136753
1084 - fResident_f167           . 	SCC: 0.574617, 	SAM: 0.137967
1085 - fResident_f171           . 	SCC: 0.596077, 	SAM: 0.073171
1086 - fResident_f172           . 	SCC: 0.620643, 	SAM: 0.090976
1087 - fResident_f173           . 	SCC: 0.612402, 	SAM: 0.097112
1088 - fResident_f175           . 	SCC: 0.541075, 	SAM: 0.077832
1089 - fResident_f176           . 	SCC: 0.570960, 	SAM: 0.085657
1090 - fResident_f179           . 	SCC: 0.684366, 	SAM: 0.077492
1091 - fResident_f183           . 	SCC: 0.663396, 	SAM: 0.058325
1092 - fResident_f184           . 	SCC: 0.662462, 	SAM: 0.057670
1093 - fResident_f192           . 	SCC: 0.639958, 	SAM: 0.076714
1094 - fResident_f193           . 	SCC: 0.640615, 	SAM: 0.077370
1095 - fResident_f194           . 	SCC: 0.674751, 	SAM: 0.067714
1096 - fResident_f195           . 	SCC: 0.624048, 	SAM: 0.100768
1097 - fResident_f196           . 	SCC: 0.591833, 	SAM: 0.077892
1098 - fResident_f200           . 	SCC: 0.711994, 	SAM: 0.067061
1099 - fResident_f201           . 	SCC: 0.539691, 	SAM: 0.124023
1100 - fResident_f202           . 	SCC: 0.647381, 	SAM: 0.089271
1101 - fResident_f203           . 	SCC: 0.660226, 	SAM: 0.094648
1102 - fResident_f206           . 	SCC: 0.706246, 	SAM: 0.071457
1103 - fResident_f207           . 	SCC: 0.671949, 	SAM: 0.090214
1104 - fResident_f209           . 	SCC: 0.673101, 	SAM: 0.092280
1105 - fResident_f212           . 	SCC: 0.783465, 	SAM: 0.075669
1106 - fResident_f214           . 	SCC: 0.750670, 	SAM: 0.075085
1107 - fResident_f215           . 	SCC: 0.681603, 	SAM: 0.094685
1108 - fResident_f216           . 	SCC: 0.687872, 	SAM: 0.082827
1109 - fResident_f220           . 	SCC: 0.654838, 	SAM: 0.093695
1110 - fResident_f222           . 	SCC: 0.692174, 	SAM: 0.081763
1111 - fResident_f227           . 	SCC: 0.720070, 	SAM: 0.085715
1112 - fResident_f233           . 	SCC: 0.724823, 	SAM: 0.079309
1113 - fResident_f235           . 	SCC: 0.714400, 	SAM: 0.069448
1114 - fResident_f236           . 	SCC: 0.706983, 	SAM: 0.073762
1115 - fResident_f237           . 	SCC: 0.666279, 	SAM: 0.054123
1116 - fResident_f238           . 	SCC: 0.754873, 	SAM: 0.065712
1117 - fResident_f241           . 	SCC: 0.676182, 	SAM: 0.090471
1118 - fResident_f242           . 	SCC: 0.632167, 	SAM: 0.114514
1119 - fResident_f247           . 	SCC: 0.658797, 	SAM: 0.100421
1120 - fResident_f249           . 	SCC: 0.699632, 	SAM: 0.069697
1121 - fResident_f250           . 	SCC: 0.652983, 	SAM: 0.069911
1122 - fResident_f254           . 	SCC: 0.699752, 	SAM: 0.070162
1123 - fResident_f257           . 	SCC: 0.661466, 	SAM: 0.075005
1124 - fResident_f258           . 	SCC: 0.649256, 	SAM: 0.072950
1125 - fResident_f259           . 	SCC: 0.656397, 	SAM: 0.073647
1126 - fResident_f260           . 	SCC: 0.654671, 	SAM: 0.071052
1127 - fResident_f265           . 	SCC: 0.647969, 	SAM: 0.082417
1128 - fResident_f267           . 	SCC: 0.734737, 	SAM: 0.076334
1129 - fResident_f268           . 	SCC: 0.721876, 	SAM: 0.090159
1130 - fResident_f269           . 	SCC: 0.712956, 	SAM: 0.087318
1131 - fResident_f271           . 	SCC: 0.735765, 	SAM: 0.087754
1132 - fResident_f273           . 	SCC: 0.712113, 	SAM: 0.094927
1133 - fResident_f274           . 	SCC: 0.680695, 	SAM: 0.096285
1134 - fResident_f276           . 	SCC: 0.701261, 	SAM: 0.096646
1135 - fResident_f277           . 	SCC: 0.681470, 	SAM: 0.097204
1136 - fResident_f279           . 	SCC: 0.685560, 	SAM: 0.079469
1137 - fResident_f281           . 	SCC: 0.670008, 	SAM: 0.079870
1138 - fResident_f283           . 	SCC: 0.687333, 	SAM: 0.090276
1139 - fResident_f284           . 	SCC: 0.669191, 	SAM: 0.085246
1140 - fResident_f285           . 	SCC: 0.664163, 	SAM: 0.100533
1141 - fResident_f286           . 	SCC: 0.679517, 	SAM: 0.090696
1142 - fResident_f287           . 	SCC: 0.679542, 	SAM: 0.073928
1143 - fResident_f289           . 	SCC: 0.681272, 	SAM: 0.083497
1144 - fResident_f290           . 	SCC: 0.693761, 	SAM: 0.078572
1145 - fResident_f292           . 	SCC: 0.688156, 	SAM: 0.079548
1146 - fResident_f293           . 	SCC: 0.679790, 	SAM: 0.060800
1147 - fResident_f295           . 	SCC: 0.672036, 	SAM: 0.087022
1148 - fResident_f299           . 	SCC: 0.664515, 	SAM: 0.083336
1149 - fResident_f302           . 	SCC: 0.632330, 	SAM: 0.102915
1150 - fResident_f303           . 	SCC: 0.608543, 	SAM: 0.106827
1151 - fResident_f304           . 	SCC: 0.576496, 	SAM: 0.121068
1152 - fResident_f305           . 	SCC: 0.562485, 	SAM: 0.126739
1153 - fResident_f306           . 	SCC: 0.587954, 	SAM: 0.102064
1154 - fResident_f307           . 	SCC: 0.577636, 	SAM: 0.109101
1155 - fResident_f308           . 	SCC: 0.615239, 	SAM: 0.114014
1156 - fResident_f311           . 	SCC: 0.601829, 	SAM: 0.108994
1157 - fResident_f313           . 	SCC: 0.538205, 	SAM: 0.147113
1158 - fResident_f316           . 	SCC: 0.602095, 	SAM: 0.139206
1159 - fResident_f317           . 	SCC: 0.595904, 	SAM: 0.131153
1160 - fResident_f320           . 	SCC: 0.606103, 	SAM: 0.133727
1161 - fResident_f321           . 	SCC: 0.619463, 	SAM: 0.132755
1162 - fResident_f326           . 	SCC: 0.556061, 	SAM: 0.120081
1163 - fResident_f329           . 	SCC: 0.587015, 	SAM: 0.112927
1164 - fResident_f330           . 	SCC: 0.590439, 	SAM: 0.112725
1165 - fResident_f337           . 	SCC: 0.581089, 	SAM: 0.133263
1166 - fResident_f338           . 	SCC: 0.567191, 	SAM: 0.124729
1167 - fResident_f340           . 	SCC: 0.589285, 	SAM: 0.091599
1168 - fResident_f341           . 	SCC: 0.574626, 	SAM: 0.097921
1169 - fResident_f342           . 	SCC: 0.607107, 	SAM: 0.091175
1170 - fResident_f343           . 	SCC: 0.620128, 	SAM: 0.072086
1171 - fResident_f345           . 	SCC: 0.623356, 	SAM: 0.077568
1172 - fResident_f347           . 	SCC: 0.609366, 	SAM: 0.082569
1173 - fResident_f348           . 	SCC: 0.604964, 	SAM: 0.068138
1174 - fResident_f349           . 	SCC: 0.616705, 	SAM: 0.072367
1175 - fResident_f350           . 	SCC: 0.674774, 	SAM: 0.065104
1176 - fResident_f351           . 	SCC: 0.664696, 	SAM: 0.080756
1177 - fResident_f352           . 	SCC: 0.629656, 	SAM: 0.081349
1178 - fResident_f356           . 	SCC: 0.621656, 	SAM: 0.076961
1179 - fResident_f357           . 	SCC: 0.580955, 	SAM: 0.101266
1180 - fResident_f358           . 	SCC: 0.576571, 	SAM: 0.115258
1181 - fResident_f360           . 	SCC: 0.562692, 	SAM: 0.105843
1182 - fResident_f362           . 	SCC: 0.555962, 	SAM: 0.096273
1183 - fResident_f363           . 	SCC: 0.638928, 	SAM: 0.093648
1184 - fResident_f367           . 	SCC: 0.673496, 	SAM: 0.065127
1185 - fResident_f370           . 	SCC: 0.674923, 	SAM: 0.084199
1186 - fResident_f371           . 	SCC: 0.647720, 	SAM: 0.071051
1187 - fResident_f372           . 	SCC: 0.620188, 	SAM: 0.074465
1188 - fResident_f374           . 	SCC: 0.639212, 	SAM: 0.070559
1189 - fResident_f375           . 	SCC: 0.661317, 	SAM: 0.074021
1190 - fResident_f376           . 	SCC: 0.645472, 	SAM: 0.076718
1191 - fResident_f378           . 	SCC: 0.674588, 	SAM: 0.076334
1192 - fResident_f386           . 	SCC: 0.582385, 	SAM: 0.107005
1193 - fResident_f390           . 	SCC: 0.660771, 	SAM: 0.093387
1194 - fResident_f392           . 	SCC: 0.659097, 	SAM: 0.101925
1195 - fResident_f394           . 	SCC: 0.643467, 	SAM: 0.100174
1196 - fResident_f395           . 	SCC: 0.652099, 	SAM: 0.084845
1197 - fResident_f397           . 	SCC: 0.655083, 	SAM: 0.098063
1198 - fResident_f398           . 	SCC: 0.653025, 	SAM: 0.092078
1199 - fResident_f399           . 	SCC: 0.655851, 	SAM: 0.095890
1200 - fResident_f400           . 	SCC: 0.682290, 	SAM: 0.085458
1201 - gParking_g001            . 	SCC: 0.700835, 	SAM: 0.066910
1202 - gParking_g002            . 	SCC: 0.777266, 	SAM: 0.088278
1203 - gParking_g006            . 	SCC: 0.604953, 	SAM: 0.083906
1204 - gParking_g007            . 	SCC: 0.622778, 	SAM: 0.073683
1205 - gParking_g009            . 	SCC: 0.602684, 	SAM: 0.075152
1206 - gParking_g010            . 	SCC: 0.644505, 	SAM: 0.075501
1207 - gParking_g011            . 	SCC: 0.662803, 	SAM: 0.065483
1208 - gParking_g012            . 	SCC: 0.624961, 	SAM: 0.082562
1209 - gParking_g013            . 	SCC: 0.610051, 	SAM: 0.112808
1210 - gParking_g014            . 	SCC: 0.620803, 	SAM: 0.089787
1211 - gParking_g015            . 	SCC: 0.663298, 	SAM: 0.104486
1212 - gParking_g017            . 	SCC: 0.623386, 	SAM: 0.106492
1213 - gParking_g018            . 	SCC: 0.611902, 	SAM: 0.089417
1214 - gParking_g021            . 	SCC: 0.580855, 	SAM: 0.076897
1215 - gParking_g023            . 	SCC: 0.552266, 	SAM: 0.033748
1216 - gParking_g024            . 	SCC: 0.604326, 	SAM: 0.034111
1217 - gParking_g025            . 	SCC: 0.703958, 	SAM: 0.066774
1218 - gParking_g028            . 	SCC: 0.566172, 	SAM: 0.065403
1219 - gParking_g029            . 	SCC: 0.606072, 	SAM: 0.027947
1220 - gParking_g030            . 	SCC: 0.569988, 	SAM: 0.049020
1221 - gParking_g032            . 	SCC: 0.569006, 	SAM: 0.060548
1222 - gParking_g033            . 	SCC: 0.595425, 	SAM: 0.069685
1223 - gParking_g034            . 	SCC: 0.612258, 	SAM: 0.073682
1224 - gParking_g036            . 	SCC: 0.597898, 	SAM: 0.078249
1225 - gParking_g037            . 	SCC: 0.602342, 	SAM: 0.072137
1226 - gParking_g038            . 	SCC: 0.649330, 	SAM: 0.057679
1227 - gParking_g039            . 	SCC: 0.689166, 	SAM: 0.046637
1228 - gParking_g042            . 	SCC: 0.675045, 	SAM: 0.086491
1229 - gParking_g043            . 	SCC: 0.700852, 	SAM: 0.064662
1230 - gParking_g044            . 	SCC: 0.629966, 	SAM: 0.051378
1231 - gParking_g047            . 	SCC: 0.623264, 	SAM: 0.067937
1232 - gParking_g048            . 	SCC: 0.640539, 	SAM: 0.058346
1233 - gParking_g050            . 	SCC: 0.636187, 	SAM: 0.048986
1234 - gParking_g051            . 	SCC: 0.671698, 	SAM: 0.051176
1235 - gParking_g053            . 	SCC: 0.621772, 	SAM: 0.045345
1236 - gParking_g054            . 	SCC: 0.587343, 	SAM: 0.109449
1237 - gParking_g059            . 	SCC: 0.607117, 	SAM: 0.055799
1238 - gParking_g060            . 	SCC: 0.695294, 	SAM: 0.099384
1239 - gParking_g062            . 	SCC: 0.644797, 	SAM: 0.091685
1240 - gParking_g064            . 	SCC: 0.685122, 	SAM: 0.084114
1241 - gParking_g065            . 	SCC: 0.681188, 	SAM: 0.057841
1242 - gParking_g066            . 	SCC: 0.668230, 	SAM: 0.065501
1243 - gParking_g068            . 	SCC: 0.592858, 	SAM: 0.075991
1244 - gParking_g070            . 	SCC: 0.575433, 	SAM: 0.084806
1245 - gParking_g073            . 	SCC: 0.675751, 	SAM: 0.084024
1246 - gParking_g074            . 	SCC: 0.596827, 	SAM: 0.070631
1247 - gParking_g077            . 	SCC: 0.672996, 	SAM: 0.070962
1248 - gParking_g082            . 	SCC: 0.673635, 	SAM: 0.065852
1249 - gParking_g083            . 	SCC: 0.682681, 	SAM: 0.069237
1250 - gParking_g086            . 	SCC: 0.607045, 	SAM: 0.042094
1251 - gParking_g087            . 	SCC: 0.648969, 	SAM: 0.033578
1252 - gParking_g088            . 	SCC: 0.634370, 	SAM: 0.092096
1253 - gParking_g092            . 	SCC: 0.695224, 	SAM: 0.067282
1254 - gParking_g094            . 	SCC: 0.702170, 	SAM: 0.074105
1255 - gParking_g097            . 	SCC: 0.673158, 	SAM: 0.045423
1256 - gParking_g098            . 	SCC: 0.653880, 	SAM: 0.062835
1257 - gParking_g100            . 	SCC: 0.656321, 	SAM: 0.036372
1258 - gParking_g101            . 	SCC: 0.540785, 	SAM: 0.072142
1259 - gParking_g102            . 	SCC: 0.621935, 	SAM: 0.063804
1260 - gParking_g105            . 	SCC: 0.508597, 	SAM: 0.061265
1261 - gParking_g106            . 	SCC: 0.541571, 	SAM: 0.074463
1262 - gParking_g108            . 	SCC: 0.575633, 	SAM: 0.080156
1263 - gParking_g109            . 	SCC: 0.615230, 	SAM: 0.077593
1264 - gParking_g111            . 	SCC: 0.553147, 	SAM: 0.053484
1265 - gParking_g112            . 	SCC: 0.580704, 	SAM: 0.061323
1266 - gParking_g113            . 	SCC: 0.577488, 	SAM: 0.044499
1267 - gParking_g114            . 	SCC: 0.557341, 	SAM: 0.073983
1268 - gParking_g118            . 	SCC: 0.580531, 	SAM: 0.059736
1269 - gParking_g122            . 	SCC: 0.599250, 	SAM: 0.060083
1270 - gParking_g124            . 	SCC: 0.605382, 	SAM: 0.077624
1271 - gParking_g126            . 	SCC: 0.622278, 	SAM: 0.064758
1272 - gParking_g130            . 	SCC: 0.662600, 	SAM: 0.070765
1273 - gParking_g131            . 	SCC: 0.618786, 	SAM: 0.090548
1274 - gParking_g133            . 	SCC: 0.637395, 	SAM: 0.075065
1275 - gParking_g134            . 	SCC: 0.602587, 	SAM: 0.095459
1276 - gParking_g135            . 	SCC: 0.605305, 	SAM: 0.098346
1277 - gParking_g137            . 	SCC: 0.604531, 	SAM: 0.073997
1278 - gParking_g142            . 	SCC: 0.607611, 	SAM: 0.082757
1279 - gParking_g144            . 	SCC: 0.581848, 	SAM: 0.072529
1280 - gParking_g145            . 	SCC: 0.657390, 	SAM: 0.112922
1281 - gParking_g151            . 	SCC: 0.588708, 	SAM: 0.075072
1282 - gParking_g154            . 	SCC: 0.563457, 	SAM: 0.112310
1283 - gParking_g155            . 	SCC: 0.546823, 	SAM: 0.096593
1284 - gParking_g157            . 	SCC: 0.572216, 	SAM: 0.050157
1285 - gParking_g159            . 	SCC: 0.578491, 	SAM: 0.087045
1286 - gParking_g160            . 	SCC: 0.621644, 	SAM: 0.066335
1287 - gParking_g162            . 	SCC: 0.622719, 	SAM: 0.072551
1288 - gParking_g169            . 	SCC: 0.604132, 	SAM: 0.096089
1289 - gParking_g174            . 	SCC: 0.620988, 	SAM: 0.090012
1290 - gParking_g175            . 	SCC: 0.618190, 	SAM: 0.083614
1291 - gParking_g183            . 	SCC: 0.668673, 	SAM: 0.074314
1292 - gParking_g184            . 	SCC: 0.598104, 	SAM: 0.077207
1293 - gParking_g185            . 	SCC: 0.645111, 	SAM: 0.089708
1294 - gParking_g187            . 	SCC: 0.680353, 	SAM: 0.067649
1295 - gParking_g188            . 	SCC: 0.658263, 	SAM: 0.054242
1296 - gParking_g189            . 	SCC: 0.614253, 	SAM: 0.073439
1297 - gParking_g190            . 	SCC: 0.603218, 	SAM: 0.065236
1298 - gParking_g191            . 	SCC: 0.587135, 	SAM: 0.046765
1299 - gParking_g197            . 	SCC: 0.572965, 	SAM: 0.105615
1300 - gParking_g199            . 	SCC: 0.586388, 	SAM: 0.126052
1301 - gParking_g200            . 	SCC: 0.637963, 	SAM: 0.068917
1302 - gParking_g201            . 	SCC: 0.517298, 	SAM: 0.085567
1303 - gParking_g202            . 	SCC: 0.621864, 	SAM: 0.106375
1304 - gParking_g205            . 	SCC: 0.653548, 	SAM: 0.057336
1305 - gParking_g207            . 	SCC: 0.549069, 	SAM: 0.082848
1306 - gParking_g210            . 	SCC: 0.663871, 	SAM: 0.075910
1307 - gParking_g211            . 	SCC: 0.580796, 	SAM: 0.083103
1308 - gParking_g213            . 	SCC: 0.625032, 	SAM: 0.092359
1309 - gParking_g215            . 	SCC: 0.565351, 	SAM: 0.111818
1310 - gParking_g216            . 	SCC: 0.534570, 	SAM: 0.115234
1311 - gParking_g217            . 	SCC: 0.494283, 	SAM: 0.111206
1312 - gParking_g220            . 	SCC: 0.582115, 	SAM: 0.084070
1313 - gParking_g221            . 	SCC: 0.584554, 	SAM: 0.082188
1314 - gParking_g222            . 	SCC: 0.529971, 	SAM: 0.111412
1315 - gParking_g223            . 	SCC: 0.510395, 	SAM: 0.106697
1316 - gParking_g224            . 	SCC: 0.570767, 	SAM: 0.125088
1317 - gParking_g225            . 	SCC: 0.533009, 	SAM: 0.114592
1318 - gParking_g226            . 	SCC: 0.520484, 	SAM: 0.131462
1319 - gParking_g229            . 	SCC: 0.600952, 	SAM: 0.074235
1320 - gParking_g230            . 	SCC: 0.671071, 	SAM: 0.062849
1321 - gParking_g231            . 	SCC: 0.601401, 	SAM: 0.068754
1322 - gParking_g232            . 	SCC: 0.637337, 	SAM: 0.066151
1323 - gParking_g234            . 	SCC: 0.665261, 	SAM: 0.088477
1324 - gParking_g237            . 	SCC: 0.601295, 	SAM: 0.077728
1325 - gParking_g238            . 	SCC: 0.570948, 	SAM: 0.058766
1326 - gParking_g239            . 	SCC: 0.582867, 	SAM: 0.057760
1327 - gParking_g241            . 	SCC: 0.654394, 	SAM: 0.071532
1328 - gParking_g243            . 	SCC: 0.628584, 	SAM: 0.063890
1329 - gParking_g247            . 	SCC: 0.616233, 	SAM: 0.084266
1330 - gParking_g249            . 	SCC: 0.495926, 	SAM: 0.042838
1331 - gParking_g250            . 	SCC: 0.514282, 	SAM: 0.044213
1332 - gParking_g252            . 	SCC: 0.604801, 	SAM: 0.033971
1333 - gParking_g256            . 	SCC: 0.627016, 	SAM: 0.059915
1334 - gParking_g257            . 	SCC: 0.636407, 	SAM: 0.048166
1335 - gParking_g258            . 	SCC: 0.678290, 	SAM: 0.078685
1336 - gParking_g260            . 	SCC: 0.650231, 	SAM: 0.076033
1337 - gParking_g262            . 	SCC: 0.638943, 	SAM: 0.075617
1338 - gParking_g263            . 	SCC: 0.630387, 	SAM: 0.080878
1339 - gParking_g266            . 	SCC: 0.653006, 	SAM: 0.082638
1340 - gParking_g267            . 	SCC: 0.596285, 	SAM: 0.103553
1341 - gParking_g268            . 	SCC: 0.626423, 	SAM: 0.100263
1342 - gParking_g271            . 	SCC: 0.618815, 	SAM: 0.076062
1343 - gParking_g275            . 	SCC: 0.599034, 	SAM: 0.086267
1344 - gParking_g277            . 	SCC: 0.622633, 	SAM: 0.079814
1345 - gParking_g278            . 	SCC: 0.595969, 	SAM: 0.098666
1346 - gParking_g281            . 	SCC: 0.665064, 	SAM: 0.071940
1347 - gParking_g289            . 	SCC: 0.688659, 	SAM: 0.047005
1348 - gParking_g290            . 	SCC: 0.587482, 	SAM: 0.084276
1349 - gParking_g292            . 	SCC: 0.543570, 	SAM: 0.064621
1350 - gParking_g293            . 	SCC: 0.556965, 	SAM: 0.087373
1351 - gParking_g295            . 	SCC: 0.515959, 	SAM: 0.099238
1352 - gParking_g296            . 	SCC: 0.495790, 	SAM: 0.077527
1353 - gParking_g298            . 	SCC: 0.526543, 	SAM: 0.111174
1354 - gParking_g299            . 	SCC: 0.556048, 	SAM: 0.110545
1355 - gParking_g300            . 	SCC: 0.567270, 	SAM: 0.069284
1356 - gParking_g302            . 	SCC: 0.648585, 	SAM: 0.062510
1357 - gParking_g306            . 	SCC: 0.657396, 	SAM: 0.073003
1358 - gParking_g307            . 	SCC: 0.635003, 	SAM: 0.062471
1359 - gParking_g308            . 	SCC: 0.680005, 	SAM: 0.071227
1360 - gParking_g311            . 	SCC: 0.676267, 	SAM: 0.058193
1361 - gParking_g312            . 	SCC: 0.678103, 	SAM: 0.052216
1362 - gParking_g315            . 	SCC: 0.681535, 	SAM: 0.057850
1363 - gParking_g317            . 	SCC: 0.642392, 	SAM: 0.074454
1364 - gParking_g318            . 	SCC: 0.677768, 	SAM: 0.069965
1365 - gParking_g320            . 	SCC: 0.621665, 	SAM: 0.086906
1366 - gParking_g321            . 	SCC: 0.659340, 	SAM: 0.059969
1367 - gParking_g322            . 	SCC: 0.662115, 	SAM: 0.064436
1368 - gParking_g324            . 	SCC: 0.677424, 	SAM: 0.071065
1369 - gParking_g326            . 	SCC: 0.607658, 	SAM: 0.048171
1370 - gParking_g329            . 	SCC: 0.558496, 	SAM: 0.094784
1371 - gParking_g331            . 	SCC: 0.704182, 	SAM: 0.052234
1372 - gParking_g332            . 	SCC: 0.678309, 	SAM: 0.059628
1373 - gParking_g334            . 	SCC: 0.571088, 	SAM: 0.062895
1374 - gParking_g335            . 	SCC: 0.704450, 	SAM: 0.063843
1375 - gParking_g339            . 	SCC: 0.675530, 	SAM: 0.059230
1376 - gParking_g343            . 	SCC: 0.628124, 	SAM: 0.063148
1377 - gParking_g344            . 	SCC: 0.632583, 	SAM: 0.064164
1378 - gParking_g351            . 	SCC: 0.607658, 	SAM: 0.076195
1379 - gParking_g353            . 	SCC: 0.619360, 	SAM: 0.078658
1380 - gParking_g356            . 	SCC: 0.620658, 	SAM: 0.068783
1381 - gParking_g358            . 	SCC: 0.543408, 	SAM: 0.089906
1382 - gParking_g360            . 	SCC: 0.571949, 	SAM: 0.098422
1383 - gParking_g363            . 	SCC: 0.571406, 	SAM: 0.092046
1384 - gParking_g364            . 	SCC: 0.593726, 	SAM: 0.091306
1385 - gParking_g366            . 	SCC: 0.561294, 	SAM: 0.080180
1386 - gParking_g367            . 	SCC: 0.583124, 	SAM: 0.080691
1387 - gParking_g376            . 	SCC: 0.722957, 	SAM: 0.061632
1388 - gParking_g377            . 	SCC: 0.704687, 	SAM: 0.052205
1389 - gParking_g378            . 	SCC: 0.698086, 	SAM: 0.067985
1390 - gParking_g380            . 	SCC: 0.679351, 	SAM: 0.056256
1391 - gParking_g381            . 	SCC: 0.680221, 	SAM: 0.071601
1392 - gParking_g382            . 	SCC: 0.661127, 	SAM: 0.055191
1393 - gParking_g383            . 	SCC: 0.654215, 	SAM: 0.072798
1394 - gParking_g384            . 	SCC: 0.661235, 	SAM: 0.063138
1395 - gParking_g388            . 	SCC: 0.633076, 	SAM: 0.043848
1396 - gParking_g391            . 	SCC: 0.611011, 	SAM: 0.074361
1397 - gParking_g393            . 	SCC: 0.656431, 	SAM: 0.076078
1398 - gParking_g394            . 	SCC: 0.574874, 	SAM: 0.085066
1399 - gParking_g398            . 	SCC: 0.589781, 	SAM: 0.080472
1400 - gParking_g399            . 	SCC: 0.620492, 	SAM: 0.071871
Average: SCC: 0.579316, SAM: 0.071405
