GT folder: datasets/RSSCN7-dataset/test/HR
Gen folder: /root/autodl-tmp/TransENet_base/experiment/results/COMSNET_RSSCN7_x4_w32_20260717_035733/x4
Image extension: .png
Crop border: 4
Workers: 1
Found 1400 images
  1 - aGrass_a003              . 	SCC: 0.242213, 	SAM: 0.060836
  2 - aGrass_a007              . 	SCC: 0.202487, 	SAM: 0.082796
  3 - aGrass_a008              . 	SCC: 0.253512, 	SAM: 0.055886
  4 - aGrass_a009              . 	SCC: 0.237784, 	SAM: 0.059240
  5 - aGrass_a010              . 	SCC: 0.222758, 	SAM: 0.086975
  6 - aGrass_a011              . 	SCC: 0.245274, 	SAM: 0.062700
  7 - aGrass_a012              . 	SCC: 0.214084, 	SAM: 0.051509
  8 - aGrass_a019              . 	SCC: 0.177104, 	SAM: 0.051471
  9 - aGrass_a020              . 	SCC: 0.144332, 	SAM: 0.052653
 10 - aGrass_a026              . 	SCC: 0.183318, 	SAM: 0.054211
 11 - aGrass_a027              . 	SCC: 0.129976, 	SAM: 0.108109
 12 - aGrass_a030              . 	SCC: 0.132303, 	SAM: 0.100904
 13 - aGrass_a031              . 	SCC: 0.193156, 	SAM: 0.101093
 14 - aGrass_a032              . 	SCC: 0.190901, 	SAM: 0.080140
 15 - aGrass_a035              . 	SCC: 0.254331, 	SAM: 0.055471
 16 - aGrass_a038              . 	SCC: 0.189057, 	SAM: 0.060005
 17 - aGrass_a039              . 	SCC: 0.207396, 	SAM: 0.061506
 18 - aGrass_a044              . 	SCC: 0.210798, 	SAM: 0.061472
 19 - aGrass_a046              . 	SCC: 0.185682, 	SAM: 0.059725
 20 - aGrass_a049              . 	SCC: 0.187917, 	SAM: 0.047623
 21 - aGrass_a054              . 	SCC: 0.188787, 	SAM: 0.058318
 22 - aGrass_a056              . 	SCC: 0.179272, 	SAM: 0.058680
 23 - aGrass_a060              . 	SCC: 0.225971, 	SAM: 0.155632
 24 - aGrass_a061              . 	SCC: 0.115665, 	SAM: 0.081270
 25 - aGrass_a063              . 	SCC: 0.107911, 	SAM: 0.112814
 26 - aGrass_a065              . 	SCC: 0.178848, 	SAM: 0.101180
 27 - aGrass_a066              . 	SCC: 0.179022, 	SAM: 0.091823
 28 - aGrass_a067              . 	SCC: 0.190650, 	SAM: 0.094862
 29 - aGrass_a069              . 	SCC: 0.150044, 	SAM: 0.094942
 30 - aGrass_a070              . 	SCC: 0.209623, 	SAM: 0.039599
 31 - aGrass_a073              . 	SCC: 0.132584, 	SAM: 0.120978
 32 - aGrass_a075              . 	SCC: 0.139406, 	SAM: 0.051862
 33 - aGrass_a076              . 	SCC: 0.107086, 	SAM: 0.082737
 34 - aGrass_a078              . 	SCC: 0.068484, 	SAM: 0.197789
 35 - aGrass_a085              . 	SCC: 0.152875, 	SAM: 0.112466
 36 - aGrass_a086              . 	SCC: 0.202903, 	SAM: 0.112366
 37 - aGrass_a087              . 	SCC: 0.152553, 	SAM: 0.130652
 38 - aGrass_a089              . 	SCC: 0.208959, 	SAM: 0.134290
 39 - aGrass_a090              . 	SCC: 0.142447, 	SAM: 0.078967
 40 - aGrass_a091              . 	SCC: 0.156382, 	SAM: 0.079017
 41 - aGrass_a094              . 	SCC: 0.150184, 	SAM: 0.091976
 42 - aGrass_a095              . 	SCC: 0.152629, 	SAM: 0.139163
 43 - aGrass_a097              . 	SCC: 0.137538, 	SAM: 0.089200
 44 - aGrass_a098              . 	SCC: 0.177440, 	SAM: 0.082135
 45 - aGrass_a100              . 	SCC: 0.203362, 	SAM: 0.076368
 46 - aGrass_a101              . 	SCC: 0.220357, 	SAM: 0.098979
 47 - aGrass_a103              . 	SCC: 0.121208, 	SAM: 0.072007
 48 - aGrass_a104              . 	SCC: 0.130461, 	SAM: 0.076533
 49 - aGrass_a105              . 	SCC: 0.126538, 	SAM: 0.079388
 50 - aGrass_a106              . 	SCC: 0.125978, 	SAM: 0.059036
 51 - aGrass_a107              . 	SCC: 0.103502, 	SAM: 0.072925
 52 - aGrass_a110              . 	SCC: 0.093381, 	SAM: 0.091149
 53 - aGrass_a114              . 	SCC: 0.127126, 	SAM: 0.089484
 54 - aGrass_a116              . 	SCC: 0.089972, 	SAM: 0.058995
 55 - aGrass_a119              . 	SCC: 0.098774, 	SAM: 0.089930
 56 - aGrass_a121              . 	SCC: 0.106757, 	SAM: 0.060036
 57 - aGrass_a123              . 	SCC: 0.109823, 	SAM: 0.075492
 58 - aGrass_a124              . 	SCC: 0.079096, 	SAM: 0.089988
 59 - aGrass_a128              . 	SCC: 0.115381, 	SAM: 0.079717
 60 - aGrass_a131              . 	SCC: 0.061954, 	SAM: 0.120505
 61 - aGrass_a132              . 	SCC: 0.118880, 	SAM: 0.141151
 62 - aGrass_a133              . 	SCC: 0.115917, 	SAM: 0.140677
 63 - aGrass_a134              . 	SCC: 0.121775, 	SAM: 0.091534
 64 - aGrass_a140              . 	SCC: 0.186618, 	SAM: 0.135202
 65 - aGrass_a142              . 	SCC: 0.218613, 	SAM: 0.084265
 66 - aGrass_a144              . 	SCC: 0.234443, 	SAM: 0.057404
 67 - aGrass_a145              . 	SCC: 0.242771, 	SAM: 0.110876
 68 - aGrass_a147              . 	SCC: 0.211252, 	SAM: 0.130197
 69 - aGrass_a148              . 	SCC: 0.249181, 	SAM: 0.108574
 70 - aGrass_a150              . 	SCC: 0.217072, 	SAM: 0.092291
 71 - aGrass_a152              . 	SCC: 0.256869, 	SAM: 0.083599
 72 - aGrass_a153              . 	SCC: 0.084313, 	SAM: 0.046968
 73 - aGrass_a155              . 	SCC: 0.084733, 	SAM: 0.055490
 74 - aGrass_a157              . 	SCC: 0.310916, 	SAM: 0.058521
 75 - aGrass_a158              . 	SCC: 0.236953, 	SAM: 0.062608
 76 - aGrass_a159              . 	SCC: 0.248345, 	SAM: 0.070604
 77 - aGrass_a160              . 	SCC: 0.154962, 	SAM: 0.046977
 78 - aGrass_a163              . 	SCC: 0.190939, 	SAM: 0.058906
 79 - aGrass_a165              . 	SCC: 0.152384, 	SAM: 0.037163
 80 - aGrass_a166              . 	SCC: 0.182823, 	SAM: 0.068364
 81 - aGrass_a168              . 	SCC: 0.156703, 	SAM: 0.059260
 82 - aGrass_a170              . 	SCC: 0.180468, 	SAM: 0.042814
 83 - aGrass_a171              . 	SCC: 0.219328, 	SAM: 0.063845
 84 - aGrass_a172              . 	SCC: 0.170749, 	SAM: 0.088140
 85 - aGrass_a174              . 	SCC: 0.225315, 	SAM: 0.098399
 86 - aGrass_a176              . 	SCC: 0.286346, 	SAM: 0.101853
 87 - aGrass_a178              . 	SCC: 0.266276, 	SAM: 0.087645
 88 - aGrass_a179              . 	SCC: 0.224697, 	SAM: 0.131893
 89 - aGrass_a180              . 	SCC: 0.221056, 	SAM: 0.071418
 90 - aGrass_a181              . 	SCC: 0.204907, 	SAM: 0.085207
 91 - aGrass_a183              . 	SCC: 0.202492, 	SAM: 0.078536
 92 - aGrass_a185              . 	SCC: 0.162684, 	SAM: 0.082065
 93 - aGrass_a189              . 	SCC: 0.232097, 	SAM: 0.055104
 94 - aGrass_a191              . 	SCC: 0.154836, 	SAM: 0.047440
 95 - aGrass_a192              . 	SCC: 0.212259, 	SAM: 0.069209
 96 - aGrass_a193              . 	SCC: 0.152396, 	SAM: 0.026036
 97 - aGrass_a199              . 	SCC: 0.199854, 	SAM: 0.061084
 98 - aGrass_a201              . 	SCC: 0.115181, 	SAM: 0.071099
 99 - aGrass_a202              . 	SCC: 0.147482, 	SAM: 0.049355
100 - aGrass_a204              . 	SCC: 0.150150, 	SAM: 0.081855
101 - aGrass_a208              . 	SCC: 0.152763, 	SAM: 0.047558
102 - aGrass_a210              . 	SCC: 0.178548, 	SAM: 0.053196
103 - aGrass_a212              . 	SCC: 0.154655, 	SAM: 0.046615
104 - aGrass_a214              . 	SCC: 0.179125, 	SAM: 0.053509
105 - aGrass_a218              . 	SCC: 0.188835, 	SAM: 0.042280
106 - aGrass_a219              . 	SCC: 0.171544, 	SAM: 0.054763
107 - aGrass_a221              . 	SCC: 0.180901, 	SAM: 0.058022
108 - aGrass_a222              . 	SCC: 0.174267, 	SAM: 0.047256
109 - aGrass_a226              . 	SCC: 0.130630, 	SAM: 0.040023
110 - aGrass_a227              . 	SCC: 0.165906, 	SAM: 0.054586
111 - aGrass_a228              . 	SCC: 0.158591, 	SAM: 0.052750
112 - aGrass_a229              . 	SCC: 0.170612, 	SAM: 0.061787
113 - aGrass_a231              . 	SCC: 0.155509, 	SAM: 0.050215
114 - aGrass_a232              . 	SCC: 0.143590, 	SAM: 0.046225
115 - aGrass_a239              . 	SCC: 0.121050, 	SAM: 0.044458
116 - aGrass_a241              . 	SCC: 0.159972, 	SAM: 0.046021
117 - aGrass_a242              . 	SCC: 0.144297, 	SAM: 0.052705
118 - aGrass_a243              . 	SCC: 0.137060, 	SAM: 0.034028
119 - aGrass_a244              . 	SCC: 0.164481, 	SAM: 0.051185
120 - aGrass_a245              . 	SCC: 0.178016, 	SAM: 0.048414
121 - aGrass_a247              . 	SCC: 0.149804, 	SAM: 0.043632
122 - aGrass_a248              . 	SCC: 0.155624, 	SAM: 0.051937
123 - aGrass_a249              . 	SCC: 0.143192, 	SAM: 0.051244
124 - aGrass_a250              . 	SCC: 0.136812, 	SAM: 0.065894
125 - aGrass_a251              . 	SCC: 0.117536, 	SAM: 0.049821
126 - aGrass_a252              . 	SCC: 0.158753, 	SAM: 0.035899
127 - aGrass_a254              . 	SCC: 0.173771, 	SAM: 0.060462
128 - aGrass_a258              . 	SCC: 0.160363, 	SAM: 0.050367
129 - aGrass_a260              . 	SCC: 0.121856, 	SAM: 0.046196
130 - aGrass_a263              . 	SCC: 0.144368, 	SAM: 0.047924
131 - aGrass_a264              . 	SCC: 0.150821, 	SAM: 0.056832
132 - aGrass_a265              . 	SCC: 0.171955, 	SAM: 0.060137
133 - aGrass_a267              . 	SCC: 0.153727, 	SAM: 0.042436
134 - aGrass_a268              . 	SCC: 0.156623, 	SAM: 0.049272
135 - aGrass_a269              . 	SCC: 0.167993, 	SAM: 0.046658
136 - aGrass_a270              . 	SCC: 0.152233, 	SAM: 0.071537
137 - aGrass_a272              . 	SCC: 0.156056, 	SAM: 0.085585
138 - aGrass_a277              . 	SCC: 0.160981, 	SAM: 0.070840
139 - aGrass_a278              . 	SCC: 0.188758, 	SAM: 0.066711
140 - aGrass_a279              . 	SCC: 0.178155, 	SAM: 0.050856
141 - aGrass_a281              . 	SCC: 0.200142, 	SAM: 0.056983
142 - aGrass_a282              . 	SCC: 0.131277, 	SAM: 0.034197
143 - aGrass_a284              . 	SCC: 0.179305, 	SAM: 0.073634
144 - aGrass_a285              . 	SCC: 0.162148, 	SAM: 0.050432
145 - aGrass_a290              . 	SCC: 0.142532, 	SAM: 0.052014
146 - aGrass_a293              . 	SCC: 0.177446, 	SAM: 0.056959
147 - aGrass_a294              . 	SCC: 0.204675, 	SAM: 0.079357
148 - aGrass_a295              . 	SCC: 0.142651, 	SAM: 0.059026
149 - aGrass_a298              . 	SCC: 0.180502, 	SAM: 0.060964
150 - aGrass_a299              . 	SCC: 0.166322, 	SAM: 0.076088
151 - aGrass_a301              . 	SCC: 0.197204, 	SAM: 0.071098
152 - aGrass_a305              . 	SCC: 0.214429, 	SAM: 0.069678
153 - aGrass_a306              . 	SCC: 0.241765, 	SAM: 0.063379
154 - aGrass_a308              . 	SCC: 0.148579, 	SAM: 0.061794
155 - aGrass_a314              . 	SCC: 0.129724, 	SAM: 0.062010
156 - aGrass_a316              . 	SCC: 0.146634, 	SAM: 0.061063
157 - aGrass_a319              . 	SCC: 0.162102, 	SAM: 0.066598
158 - aGrass_a321              . 	SCC: 0.204789, 	SAM: 0.085593
159 - aGrass_a323              . 	SCC: 0.138554, 	SAM: 0.050486
160 - aGrass_a325              . 	SCC: 0.202186, 	SAM: 0.057578
161 - aGrass_a327              . 	SCC: 0.193747, 	SAM: 0.076688
162 - aGrass_a329              . 	SCC: 0.144354, 	SAM: 0.051196
163 - aGrass_a330              . 	SCC: 0.158438, 	SAM: 0.066718
164 - aGrass_a331              . 	SCC: 0.177767, 	SAM: 0.071695
165 - aGrass_a332              . 	SCC: 0.149961, 	SAM: 0.038410
166 - aGrass_a334              . 	SCC: 0.240049, 	SAM: 0.091217
167 - aGrass_a335              . 	SCC: 0.208945, 	SAM: 0.071474
168 - aGrass_a336              . 	SCC: 0.201687, 	SAM: 0.063674
169 - aGrass_a337              . 	SCC: 0.184665, 	SAM: 0.070010
170 - aGrass_a339              . 	SCC: 0.216566, 	SAM: 0.061326
171 - aGrass_a340              . 	SCC: 0.184991, 	SAM: 0.054191
172 - aGrass_a342              . 	SCC: 0.166826, 	SAM: 0.045906
173 - aGrass_a344              . 	SCC: 0.165488, 	SAM: 0.043360
174 - aGrass_a345              . 	SCC: 0.188696, 	SAM: 0.062658
175 - aGrass_a346              . 	SCC: 0.179251, 	SAM: 0.036615
176 - aGrass_a348              . 	SCC: 0.209987, 	SAM: 0.054186
177 - aGrass_a350              . 	SCC: 0.212915, 	SAM: 0.047801
178 - aGrass_a351              . 	SCC: 0.164565, 	SAM: 0.043831
179 - aGrass_a352              . 	SCC: 0.211255, 	SAM: 0.054756
180 - aGrass_a353              . 	SCC: 0.191876, 	SAM: 0.063860
181 - aGrass_a355              . 	SCC: 0.162720, 	SAM: 0.040190
182 - aGrass_a356              . 	SCC: 0.214210, 	SAM: 0.066355
183 - aGrass_a357              . 	SCC: 0.184270, 	SAM: 0.044673
184 - aGrass_a359              . 	SCC: 0.201944, 	SAM: 0.099935
185 - aGrass_a363              . 	SCC: 0.211873, 	SAM: 0.049146
186 - aGrass_a365              . 	SCC: 0.205257, 	SAM: 0.068781
187 - aGrass_a368              . 	SCC: 0.231650, 	SAM: 0.098474
188 - aGrass_a370              . 	SCC: 0.201434, 	SAM: 0.047591
189 - aGrass_a371              . 	SCC: 0.214696, 	SAM: 0.093916
190 - aGrass_a373              . 	SCC: 0.139123, 	SAM: 0.037879
191 - aGrass_a374              . 	SCC: 0.151441, 	SAM: 0.048048
192 - aGrass_a375              . 	SCC: 0.174240, 	SAM: 0.070214
193 - aGrass_a377              . 	SCC: 0.208465, 	SAM: 0.052719
194 - aGrass_a379              . 	SCC: 0.197960, 	SAM: 0.050195
195 - aGrass_a381              . 	SCC: 0.188360, 	SAM: 0.057317
196 - aGrass_a383              . 	SCC: 0.207933, 	SAM: 0.058611
197 - aGrass_a386              . 	SCC: 0.183211, 	SAM: 0.057126
198 - aGrass_a387              . 	SCC: 0.171243, 	SAM: 0.067277
199 - aGrass_a394              . 	SCC: 0.143834, 	SAM: 0.039455
200 - aGrass_a398              . 	SCC: 0.200424, 	SAM: 0.061913
201 - bField_b003              . 	SCC: 0.124615, 	SAM: 0.056233
202 - bField_b004              . 	SCC: 0.118974, 	SAM: 0.041468
203 - bField_b006              . 	SCC: 0.164377, 	SAM: 0.045775
204 - bField_b008              . 	SCC: 0.143399, 	SAM: 0.062395
205 - bField_b009              . 	SCC: 0.117894, 	SAM: 0.074792
206 - bField_b010              . 	SCC: 0.132535, 	SAM: 0.059707
207 - bField_b011              . 	SCC: 0.184659, 	SAM: 0.087673
208 - bField_b014              . 	SCC: 0.164827, 	SAM: 0.045138
209 - bField_b016              . 	SCC: 0.106407, 	SAM: 0.082090
210 - bField_b017              . 	SCC: 0.130461, 	SAM: 0.078732
211 - bField_b018              . 	SCC: 0.084703, 	SAM: 0.062186
212 - bField_b024              . 	SCC: 0.082432, 	SAM: 0.059828
213 - bField_b025              . 	SCC: 0.061736, 	SAM: 0.239611
214 - bField_b026              . 	SCC: 0.121879, 	SAM: 0.131589
215 - bField_b029              . 	SCC: 0.032549, 	SAM: 0.058141
216 - bField_b030              . 	SCC: 0.034324, 	SAM: 0.073295
217 - bField_b031              . 	SCC: 0.033403, 	SAM: 0.103283
218 - bField_b033              . 	SCC: 0.071377, 	SAM: 0.043818
219 - bField_b034              . 	SCC: 0.113332, 	SAM: 0.054556
220 - bField_b037              . 	SCC: 0.021967, 	SAM: 0.117398
221 - bField_b040              . 	SCC: 0.102596, 	SAM: 0.059854
222 - bField_b041              . 	SCC: 0.096938, 	SAM: 0.044272
223 - bField_b042              . 	SCC: 0.102819, 	SAM: 0.046591
224 - bField_b043              . 	SCC: 0.087036, 	SAM: 0.072766
225 - bField_b045              . 	SCC: 0.103698, 	SAM: 0.053269
226 - bField_b047              . 	SCC: 0.097654, 	SAM: 0.062468
227 - bField_b049              . 	SCC: 0.161450, 	SAM: 0.059549
228 - bField_b052              . 	SCC: 0.140804, 	SAM: 0.143966
229 - bField_b054              . 	SCC: 0.128120, 	SAM: 0.071619
230 - bField_b055              . 	SCC: 0.182824, 	SAM: 0.116872
231 - bField_b059              . 	SCC: 0.124749, 	SAM: 0.053591
232 - bField_b062              . 	SCC: 0.234263, 	SAM: 0.118859
233 - bField_b065              . 	SCC: 0.097046, 	SAM: 0.068442
234 - bField_b068              . 	SCC: 0.116264, 	SAM: 0.066555
235 - bField_b069              . 	SCC: 0.123648, 	SAM: 0.074799
236 - bField_b070              . 	SCC: 0.105432, 	SAM: 0.168664
237 - bField_b071              . 	SCC: 0.205831, 	SAM: 0.066045
238 - bField_b072              . 	SCC: 0.139503, 	SAM: 0.049751
239 - bField_b073              . 	SCC: 0.097858, 	SAM: 0.079518
240 - bField_b074              . 	SCC: 0.146219, 	SAM: 0.147793
241 - bField_b075              . 	SCC: 0.151916, 	SAM: 0.157472
242 - bField_b078              . 	SCC: 0.114975, 	SAM: 0.092894
243 - bField_b079              . 	SCC: 0.090873, 	SAM: 0.116599
244 - bField_b081              . 	SCC: 0.118453, 	SAM: 0.123951
245 - bField_b085              . 	SCC: 0.118469, 	SAM: 0.153145
246 - bField_b086              . 	SCC: 0.121079, 	SAM: 0.064643
247 - bField_b088              . 	SCC: 0.111066, 	SAM: 0.070540
248 - bField_b089              . 	SCC: 0.098957, 	SAM: 0.038405
249 - bField_b093              . 	SCC: 0.156216, 	SAM: 0.071730
250 - bField_b094              . 	SCC: 0.116958, 	SAM: 0.059385
251 - bField_b095              . 	SCC: 0.110567, 	SAM: 0.049605
252 - bField_b096              . 	SCC: 0.137334, 	SAM: 0.077311
253 - bField_b097              . 	SCC: 0.114595, 	SAM: 0.038169
254 - bField_b100              . 	SCC: 0.097014, 	SAM: 0.044738
255 - bField_b102              . 	SCC: 0.159281, 	SAM: 0.069546
256 - bField_b104              . 	SCC: 0.043671, 	SAM: 0.090645
257 - bField_b105              . 	SCC: 0.031957, 	SAM: 0.154773
258 - bField_b106              . 	SCC: 0.102444, 	SAM: 0.088899
259 - bField_b111              . 	SCC: 0.152134, 	SAM: 0.081034
260 - bField_b112              . 	SCC: 0.155907, 	SAM: 0.125805
261 - bField_b113              . 	SCC: 0.114517, 	SAM: 0.106478
262 - bField_b116              . 	SCC: 0.102262, 	SAM: 0.044397
263 - bField_b118              . 	SCC: 0.112589, 	SAM: 0.062313
264 - bField_b120              . 	SCC: 0.101832, 	SAM: 0.083587
265 - bField_b121              . 	SCC: 0.054125, 	SAM: 0.176050
266 - bField_b123              . 	SCC: 0.019546, 	SAM: 0.208307
267 - bField_b124              . 	SCC: 0.055812, 	SAM: 0.136311
268 - bField_b125              . 	SCC: 0.042835, 	SAM: 0.185356
269 - bField_b126              . 	SCC: 0.048555, 	SAM: 0.312598
270 - bField_b130              . 	SCC: 0.050761, 	SAM: 0.290863
271 - bField_b132              . 	SCC: 0.053648, 	SAM: 0.085958
272 - bField_b138              . 	SCC: 0.064016, 	SAM: 0.192205
273 - bField_b139              . 	SCC: 0.081597, 	SAM: 0.167101
274 - bField_b140              . 	SCC: 0.054520, 	SAM: 0.267266
275 - bField_b141              . 	SCC: 0.037413, 	SAM: 0.202353
276 - bField_b145              . 	SCC: 0.039828, 	SAM: 0.330044
277 - bField_b149              . 	SCC: 0.039491, 	SAM: 0.147898
278 - bField_b150              . 	SCC: 0.046989, 	SAM: 0.152724
279 - bField_b151              . 	SCC: 0.160944, 	SAM: 0.053536
280 - bField_b153              . 	SCC: 0.107598, 	SAM: 0.064909
281 - bField_b160              . 	SCC: 0.065580, 	SAM: 0.154270
282 - bField_b163              . 	SCC: 0.088030, 	SAM: 0.040496
283 - bField_b164              . 	SCC: 0.118271, 	SAM: 0.080550
284 - bField_b166              . 	SCC: 0.064007, 	SAM: 0.196378
285 - bField_b167              . 	SCC: 0.083740, 	SAM: 0.077235
286 - bField_b174              . 	SCC: 0.061697, 	SAM: 0.139295
287 - bField_b175              . 	SCC: 0.047932, 	SAM: 0.124591
288 - bField_b176              . 	SCC: 0.058228, 	SAM: 0.158690
289 - bField_b178              . 	SCC: 0.089805, 	SAM: 0.149181
290 - bField_b181              . 	SCC: 0.044508, 	SAM: 0.118340
291 - bField_b183              . 	SCC: 0.093824, 	SAM: 0.043763
292 - bField_b185              . 	SCC: 0.058116, 	SAM: 0.154282
293 - bField_b186              . 	SCC: 0.068089, 	SAM: 0.129081
294 - bField_b188              . 	SCC: 0.080362, 	SAM: 0.111313
295 - bField_b189              . 	SCC: 0.135133, 	SAM: 0.069508
296 - bField_b191              . 	SCC: 0.091989, 	SAM: 0.202168
297 - bField_b192              . 	SCC: 0.086171, 	SAM: 0.187355
298 - bField_b194              . 	SCC: 0.058746, 	SAM: 0.061539
299 - bField_b199              . 	SCC: 0.146907, 	SAM: 0.078486
300 - bField_b201              . 	SCC: 0.148567, 	SAM: 0.069904
301 - bField_b202              . 	SCC: 0.078165, 	SAM: 0.035932
302 - bField_b203              . 	SCC: 0.094666, 	SAM: 0.023115
303 - bField_b204              . 	SCC: 0.102199, 	SAM: 0.042998
304 - bField_b213              . 	SCC: 0.085933, 	SAM: 0.077992
305 - bField_b214              . 	SCC: 0.145682, 	SAM: 0.065037
306 - bField_b215              . 	SCC: 0.135069, 	SAM: 0.063016
307 - bField_b220              . 	SCC: 0.133655, 	SAM: 0.036719
308 - bField_b222              . 	SCC: 0.159985, 	SAM: 0.073769
309 - bField_b225              . 	SCC: 0.098530, 	SAM: 0.062341
310 - bField_b226              . 	SCC: 0.163874, 	SAM: 0.102868
311 - bField_b228              . 	SCC: 0.145006, 	SAM: 0.061204
312 - bField_b229              . 	SCC: 0.126852, 	SAM: 0.089043
313 - bField_b231              . 	SCC: 0.104785, 	SAM: 0.066805
314 - bField_b232              . 	SCC: 0.084205, 	SAM: 0.059416
315 - bField_b233              . 	SCC: 0.099131, 	SAM: 0.039976
316 - bField_b234              . 	SCC: 0.153592, 	SAM: 0.048500
317 - bField_b235              . 	SCC: 0.110784, 	SAM: 0.042948
318 - bField_b238              . 	SCC: 0.057366, 	SAM: 0.075497
319 - bField_b240              . 	SCC: 0.099532, 	SAM: 0.058000
320 - bField_b242              . 	SCC: 0.077203, 	SAM: 0.084522
321 - bField_b245              . 	SCC: 0.041073, 	SAM: 0.159735
322 - bField_b247              . 	SCC: 0.066777, 	SAM: 0.129333
323 - bField_b248              . 	SCC: 0.096663, 	SAM: 0.057904
324 - bField_b249              . 	SCC: 0.089047, 	SAM: 0.103405
325 - bField_b250              . 	SCC: 0.044922, 	SAM: 0.150049
326 - bField_b252              . 	SCC: 0.061200, 	SAM: 0.102712
327 - bField_b254              . 	SCC: 0.110723, 	SAM: 0.095441
328 - bField_b255              . 	SCC: 0.155718, 	SAM: 0.094810
329 - bField_b256              . 	SCC: 0.083236, 	SAM: 0.079752
330 - bField_b257              . 	SCC: 0.130719, 	SAM: 0.080926
331 - bField_b258              . 	SCC: 0.075786, 	SAM: 0.081609
332 - bField_b265              . 	SCC: 0.095406, 	SAM: 0.030225
333 - bField_b266              . 	SCC: 0.069205, 	SAM: 0.050236
334 - bField_b268              . 	SCC: 0.060764, 	SAM: 0.070696
335 - bField_b269              . 	SCC: 0.052629, 	SAM: 0.065961
336 - bField_b270              . 	SCC: 0.121665, 	SAM: 0.041395
337 - bField_b271              . 	SCC: 0.152491, 	SAM: 0.038943
338 - bField_b272              . 	SCC: 0.128250, 	SAM: 0.042259
339 - bField_b273              . 	SCC: 0.058596, 	SAM: 0.150871
340 - bField_b274              . 	SCC: 0.080168, 	SAM: 0.054673
341 - bField_b278              . 	SCC: 0.067009, 	SAM: 0.070257
342 - bField_b279              . 	SCC: 0.103374, 	SAM: 0.063770
343 - bField_b284              . 	SCC: 0.064439, 	SAM: 0.146220
344 - bField_b285              . 	SCC: 0.118888, 	SAM: 0.049331
345 - bField_b289              . 	SCC: 0.111098, 	SAM: 0.049254
346 - bField_b291              . 	SCC: 0.124430, 	SAM: 0.050846
347 - bField_b292              . 	SCC: 0.087411, 	SAM: 0.082463
348 - bField_b293              . 	SCC: 0.086948, 	SAM: 0.111883
349 - bField_b294              . 	SCC: 0.131224, 	SAM: 0.070218
350 - bField_b297              . 	SCC: 0.082306, 	SAM: 0.084426
351 - bField_b300              . 	SCC: 0.024891, 	SAM: 0.094928
352 - bField_b302              . 	SCC: 0.167969, 	SAM: 0.073573
353 - bField_b303              . 	SCC: 0.133318, 	SAM: 0.046370
354 - bField_b307              . 	SCC: 0.208594, 	SAM: 0.067862
355 - bField_b309              . 	SCC: 0.151842, 	SAM: 0.053435
356 - bField_b310              . 	SCC: 0.152971, 	SAM: 0.052142
357 - bField_b312              . 	SCC: 0.272947, 	SAM: 0.077008
358 - bField_b313              . 	SCC: 0.272548, 	SAM: 0.089794
359 - bField_b314              . 	SCC: 0.112643, 	SAM: 0.080809
360 - bField_b316              . 	SCC: 0.160033, 	SAM: 0.055173
361 - bField_b319              . 	SCC: 0.195527, 	SAM: 0.083186
362 - bField_b321              . 	SCC: 0.107006, 	SAM: 0.050012
363 - bField_b329              . 	SCC: 0.198264, 	SAM: 0.081181
364 - bField_b333              . 	SCC: 0.149671, 	SAM: 0.037263
365 - bField_b335              . 	SCC: 0.185536, 	SAM: 0.065379
366 - bField_b336              . 	SCC: 0.191587, 	SAM: 0.051817
367 - bField_b338              . 	SCC: 0.188398, 	SAM: 0.067183
368 - bField_b340              . 	SCC: 0.197971, 	SAM: 0.068214
369 - bField_b341              . 	SCC: 0.145293, 	SAM: 0.065695
370 - bField_b348              . 	SCC: 0.223917, 	SAM: 0.053997
371 - bField_b349              . 	SCC: 0.194462, 	SAM: 0.085202
372 - bField_b353              . 	SCC: 0.157562, 	SAM: 0.087241
373 - bField_b355              . 	SCC: 0.164685, 	SAM: 0.051168
374 - bField_b356              . 	SCC: 0.261426, 	SAM: 0.075460
375 - bField_b357              . 	SCC: 0.184745, 	SAM: 0.081102
376 - bField_b358              . 	SCC: 0.228735, 	SAM: 0.079019
377 - bField_b360              . 	SCC: 0.177268, 	SAM: 0.049629
378 - bField_b363              . 	SCC: 0.170600, 	SAM: 0.033542
379 - bField_b365              . 	SCC: 0.178043, 	SAM: 0.035407
380 - bField_b366              . 	SCC: 0.232413, 	SAM: 0.052812
381 - bField_b369              . 	SCC: 0.250703, 	SAM: 0.047123
382 - bField_b370              . 	SCC: 0.177501, 	SAM: 0.059025
383 - bField_b371              . 	SCC: 0.287363, 	SAM: 0.040401
384 - bField_b372              . 	SCC: 0.213038, 	SAM: 0.032121
385 - bField_b375              . 	SCC: 0.293308, 	SAM: 0.061298
386 - bField_b376              . 	SCC: 0.421142, 	SAM: 0.049737
387 - bField_b377              . 	SCC: 0.334134, 	SAM: 0.047455
388 - bField_b379              . 	SCC: 0.221857, 	SAM: 0.054398
389 - bField_b381              . 	SCC: 0.355273, 	SAM: 0.048687
390 - bField_b385              . 	SCC: 0.401504, 	SAM: 0.041945
391 - bField_b386              . 	SCC: 0.326120, 	SAM: 0.045672
392 - bField_b387              . 	SCC: 0.253909, 	SAM: 0.048633
393 - bField_b389              . 	SCC: 0.357291, 	SAM: 0.052720
394 - bField_b393              . 	SCC: 0.278495, 	SAM: 0.056641
395 - bField_b394              . 	SCC: 0.251104, 	SAM: 0.054531
396 - bField_b395              . 	SCC: 0.194081, 	SAM: 0.052033
397 - bField_b397              . 	SCC: 0.153769, 	SAM: 0.051098
398 - bField_b398              . 	SCC: 0.163393, 	SAM: 0.046069
399 - bField_b399              . 	SCC: 0.147936, 	SAM: 0.047115
400 - bField_b400              . 	SCC: 0.166406, 	SAM: 0.046452
401 - cIndustry_c001           . 	SCC: 0.310691, 	SAM: 0.122156
402 - cIndustry_c003           . 	SCC: 0.294781, 	SAM: 0.104073
403 - cIndustry_c004           . 	SCC: 0.280549, 	SAM: 0.139684
404 - cIndustry_c005           . 	SCC: 0.302473, 	SAM: 0.121478
405 - cIndustry_c010           . 	SCC: 0.258715, 	SAM: 0.137180
406 - cIndustry_c012           . 	SCC: 0.252659, 	SAM: 0.130882
407 - cIndustry_c013           . 	SCC: 0.303123, 	SAM: 0.129320
408 - cIndustry_c014           . 	SCC: 0.303016, 	SAM: 0.138775
409 - cIndustry_c015           . 	SCC: 0.272381, 	SAM: 0.138701
410 - cIndustry_c018           . 	SCC: 0.244570, 	SAM: 0.192018
411 - cIndustry_c020           . 	SCC: 0.238534, 	SAM: 0.208525
412 - cIndustry_c022           . 	SCC: 0.327955, 	SAM: 0.113522
413 - cIndustry_c023           . 	SCC: 0.316755, 	SAM: 0.076393
414 - cIndustry_c025           . 	SCC: 0.323793, 	SAM: 0.130762
415 - cIndustry_c026           . 	SCC: 0.332260, 	SAM: 0.126129
416 - cIndustry_c029           . 	SCC: 0.327232, 	SAM: 0.160752
417 - cIndustry_c033           . 	SCC: 0.354635, 	SAM: 0.082194
418 - cIndustry_c035           . 	SCC: 0.247581, 	SAM: 0.141211
419 - cIndustry_c036           . 	SCC: 0.229901, 	SAM: 0.158829
420 - cIndustry_c040           . 	SCC: 0.167173, 	SAM: 0.069122
421 - cIndustry_c041           . 	SCC: 0.263420, 	SAM: 0.139080
422 - cIndustry_c045           . 	SCC: 0.252918, 	SAM: 0.118404
423 - cIndustry_c046           . 	SCC: 0.237533, 	SAM: 0.157638
424 - cIndustry_c047           . 	SCC: 0.317559, 	SAM: 0.074607
425 - cIndustry_c049           . 	SCC: 0.288341, 	SAM: 0.079843
426 - cIndustry_c050           . 	SCC: 0.276734, 	SAM: 0.081123
427 - cIndustry_c054           . 	SCC: 0.234466, 	SAM: 0.048444
428 - cIndustry_c055           . 	SCC: 0.384655, 	SAM: 0.109147
429 - cIndustry_c056           . 	SCC: 0.352303, 	SAM: 0.069233
430 - cIndustry_c057           . 	SCC: 0.253674, 	SAM: 0.084865
431 - cIndustry_c060           . 	SCC: 0.220847, 	SAM: 0.046207
432 - cIndustry_c063           . 	SCC: 0.276439, 	SAM: 0.046860
433 - cIndustry_c064           . 	SCC: 0.251320, 	SAM: 0.050138
434 - cIndustry_c066           . 	SCC: 0.204775, 	SAM: 0.072986
435 - cIndustry_c067           . 	SCC: 0.227070, 	SAM: 0.057648
436 - cIndustry_c068           . 	SCC: 0.217232, 	SAM: 0.061887
437 - cIndustry_c071           . 	SCC: 0.170089, 	SAM: 0.033451
438 - cIndustry_c072           . 	SCC: 0.218184, 	SAM: 0.048202
439 - cIndustry_c073           . 	SCC: 0.273008, 	SAM: 0.186174
440 - cIndustry_c075           . 	SCC: 0.215524, 	SAM: 0.179304
441 - cIndustry_c076           . 	SCC: 0.307773, 	SAM: 0.134843
442 - cIndustry_c080           . 	SCC: 0.227004, 	SAM: 0.133392
443 - cIndustry_c082           . 	SCC: 0.268318, 	SAM: 0.181418
444 - cIndustry_c084           . 	SCC: 0.204868, 	SAM: 0.215241
445 - cIndustry_c085           . 	SCC: 0.217466, 	SAM: 0.190976
446 - cIndustry_c086           . 	SCC: 0.233896, 	SAM: 0.222396
447 - cIndustry_c087           . 	SCC: 0.228448, 	SAM: 0.208780
448 - cIndustry_c088           . 	SCC: 0.206256, 	SAM: 0.199565
449 - cIndustry_c090           . 	SCC: 0.253489, 	SAM: 0.090512
450 - cIndustry_c091           . 	SCC: 0.238775, 	SAM: 0.096237
451 - cIndustry_c093           . 	SCC: 0.225335, 	SAM: 0.131708
452 - cIndustry_c096           . 	SCC: 0.267919, 	SAM: 0.100402
453 - cIndustry_c097           . 	SCC: 0.293162, 	SAM: 0.117730
454 - cIndustry_c101           . 	SCC: 0.180864, 	SAM: 0.088094
455 - cIndustry_c103           . 	SCC: 0.272931, 	SAM: 0.125822
456 - cIndustry_c105           . 	SCC: 0.251245, 	SAM: 0.112160
457 - cIndustry_c106           . 	SCC: 0.249709, 	SAM: 0.124858
458 - cIndustry_c108           . 	SCC: 0.277397, 	SAM: 0.104862
459 - cIndustry_c110           . 	SCC: 0.255185, 	SAM: 0.102040
460 - cIndustry_c112           . 	SCC: 0.290741, 	SAM: 0.142702
461 - cIndustry_c115           . 	SCC: 0.304091, 	SAM: 0.127797
462 - cIndustry_c118           . 	SCC: 0.244137, 	SAM: 0.115578
463 - cIndustry_c121           . 	SCC: 0.274681, 	SAM: 0.136356
464 - cIndustry_c122           . 	SCC: 0.288991, 	SAM: 0.142452
465 - cIndustry_c126           . 	SCC: 0.259399, 	SAM: 0.166495
466 - cIndustry_c131           . 	SCC: 0.286649, 	SAM: 0.185992
467 - cIndustry_c132           . 	SCC: 0.282067, 	SAM: 0.182089
468 - cIndustry_c134           . 	SCC: 0.256096, 	SAM: 0.196694
469 - cIndustry_c135           . 	SCC: 0.279335, 	SAM: 0.149032
470 - cIndustry_c137           . 	SCC: 0.352376, 	SAM: 0.132150
471 - cIndustry_c138           . 	SCC: 0.303040, 	SAM: 0.176987
472 - cIndustry_c143           . 	SCC: 0.311720, 	SAM: 0.114724
473 - cIndustry_c147           . 	SCC: 0.257059, 	SAM: 0.088344
474 - cIndustry_c149           . 	SCC: 0.257083, 	SAM: 0.110963
475 - cIndustry_c158           . 	SCC: 0.298398, 	SAM: 0.123948
476 - cIndustry_c159           . 	SCC: 0.255921, 	SAM: 0.136725
477 - cIndustry_c160           . 	SCC: 0.249085, 	SAM: 0.178917
478 - cIndustry_c161           . 	SCC: 0.290224, 	SAM: 0.125143
479 - cIndustry_c163           . 	SCC: 0.176663, 	SAM: 0.212872
480 - cIndustry_c164           . 	SCC: 0.221862, 	SAM: 0.149270
481 - cIndustry_c165           . 	SCC: 0.183394, 	SAM: 0.180607
482 - cIndustry_c168           . 	SCC: 0.229904, 	SAM: 0.132057
483 - cIndustry_c169           . 	SCC: 0.275021, 	SAM: 0.097978
484 - cIndustry_c171           . 	SCC: 0.238728, 	SAM: 0.156147
485 - cIndustry_c172           . 	SCC: 0.220255, 	SAM: 0.219424
486 - cIndustry_c174           . 	SCC: 0.255844, 	SAM: 0.188441
487 - cIndustry_c176           . 	SCC: 0.239260, 	SAM: 0.167169
488 - cIndustry_c178           . 	SCC: 0.274662, 	SAM: 0.088440
489 - cIndustry_c179           . 	SCC: 0.303848, 	SAM: 0.082689
490 - cIndustry_c183           . 	SCC: 0.298188, 	SAM: 0.085394
491 - cIndustry_c184           . 	SCC: 0.289256, 	SAM: 0.085326
492 - cIndustry_c186           . 	SCC: 0.305143, 	SAM: 0.078475
493 - cIndustry_c187           . 	SCC: 0.250362, 	SAM: 0.075415
494 - cIndustry_c188           . 	SCC: 0.321020, 	SAM: 0.103465
495 - cIndustry_c190           . 	SCC: 0.344318, 	SAM: 0.106122
496 - cIndustry_c191           . 	SCC: 0.358861, 	SAM: 0.089894
497 - cIndustry_c193           . 	SCC: 0.283403, 	SAM: 0.113913
498 - cIndustry_c197           . 	SCC: 0.317044, 	SAM: 0.095807
499 - cIndustry_c198           . 	SCC: 0.365073, 	SAM: 0.103961
500 - cIndustry_c199           . 	SCC: 0.318794, 	SAM: 0.099941
501 - cIndustry_c200           . 	SCC: 0.325629, 	SAM: 0.105664
502 - cIndustry_c201           . 	SCC: 0.336391, 	SAM: 0.102393
503 - cIndustry_c202           . 	SCC: 0.382028, 	SAM: 0.096282
504 - cIndustry_c204           . 	SCC: 0.338229, 	SAM: 0.102424
505 - cIndustry_c205           . 	SCC: 0.337360, 	SAM: 0.101379
506 - cIndustry_c213           . 	SCC: 0.378914, 	SAM: 0.124772
507 - cIndustry_c215           . 	SCC: 0.337956, 	SAM: 0.121618
508 - cIndustry_c216           . 	SCC: 0.375690, 	SAM: 0.118996
509 - cIndustry_c217           . 	SCC: 0.348618, 	SAM: 0.110591
510 - cIndustry_c219           . 	SCC: 0.309075, 	SAM: 0.098536
511 - cIndustry_c221           . 	SCC: 0.333872, 	SAM: 0.091403
512 - cIndustry_c222           . 	SCC: 0.291792, 	SAM: 0.134441
513 - cIndustry_c223           . 	SCC: 0.320662, 	SAM: 0.131959
514 - cIndustry_c224           . 	SCC: 0.234468, 	SAM: 0.113090
515 - cIndustry_c225           . 	SCC: 0.246058, 	SAM: 0.130505
516 - cIndustry_c228           . 	SCC: 0.338181, 	SAM: 0.078310
517 - cIndustry_c229           . 	SCC: 0.358295, 	SAM: 0.102574
518 - cIndustry_c232           . 	SCC: 0.284227, 	SAM: 0.076718
519 - cIndustry_c235           . 	SCC: 0.279819, 	SAM: 0.145483
520 - cIndustry_c237           . 	SCC: 0.231201, 	SAM: 0.076268
521 - cIndustry_c238           . 	SCC: 0.224065, 	SAM: 0.082756
522 - cIndustry_c239           . 	SCC: 0.280715, 	SAM: 0.097634
523 - cIndustry_c240           . 	SCC: 0.299244, 	SAM: 0.119342
524 - cIndustry_c242           . 	SCC: 0.268199, 	SAM: 0.076540
525 - cIndustry_c249           . 	SCC: 0.353378, 	SAM: 0.119696
526 - cIndustry_c253           . 	SCC: 0.349507, 	SAM: 0.126846
527 - cIndustry_c255           . 	SCC: 0.284453, 	SAM: 0.100546
528 - cIndustry_c256           . 	SCC: 0.338986, 	SAM: 0.080955
529 - cIndustry_c257           . 	SCC: 0.238543, 	SAM: 0.107882
530 - cIndustry_c261           . 	SCC: 0.322972, 	SAM: 0.108995
531 - cIndustry_c263           . 	SCC: 0.271154, 	SAM: 0.128190
532 - cIndustry_c264           . 	SCC: 0.276259, 	SAM: 0.125781
533 - cIndustry_c266           . 	SCC: 0.330307, 	SAM: 0.135911
534 - cIndustry_c267           . 	SCC: 0.295301, 	SAM: 0.134378
535 - cIndustry_c270           . 	SCC: 0.361160, 	SAM: 0.129255
536 - cIndustry_c273           . 	SCC: 0.324433, 	SAM: 0.141819
537 - cIndustry_c278           . 	SCC: 0.295826, 	SAM: 0.105519
538 - cIndustry_c279           . 	SCC: 0.312621, 	SAM: 0.110626
539 - cIndustry_c280           . 	SCC: 0.311352, 	SAM: 0.100579
540 - cIndustry_c281           . 	SCC: 0.360775, 	SAM: 0.123880
541 - cIndustry_c288           . 	SCC: 0.302411, 	SAM: 0.146137
542 - cIndustry_c290           . 	SCC: 0.322241, 	SAM: 0.152636
543 - cIndustry_c291           . 	SCC: 0.276584, 	SAM: 0.081472
544 - cIndustry_c292           . 	SCC: 0.316963, 	SAM: 0.084505
545 - cIndustry_c293           . 	SCC: 0.306180, 	SAM: 0.071158
546 - cIndustry_c295           . 	SCC: 0.302875, 	SAM: 0.071861
547 - cIndustry_c299           . 	SCC: 0.287823, 	SAM: 0.086992
548 - cIndustry_c300           . 	SCC: 0.323678, 	SAM: 0.091883
549 - cIndustry_c301           . 	SCC: 0.305124, 	SAM: 0.170648
550 - cIndustry_c303           . 	SCC: 0.331089, 	SAM: 0.173731
551 - cIndustry_c305           . 	SCC: 0.339178, 	SAM: 0.163425
552 - cIndustry_c307           . 	SCC: 0.303631, 	SAM: 0.168772
553 - cIndustry_c308           . 	SCC: 0.348627, 	SAM: 0.172194
554 - cIndustry_c309           . 	SCC: 0.340519, 	SAM: 0.136772
555 - cIndustry_c310           . 	SCC: 0.317300, 	SAM: 0.123324
556 - cIndustry_c311           . 	SCC: 0.305898, 	SAM: 0.147634
557 - cIndustry_c314           . 	SCC: 0.328539, 	SAM: 0.130553
558 - cIndustry_c316           . 	SCC: 0.364551, 	SAM: 0.094685
559 - cIndustry_c320           . 	SCC: 0.325242, 	SAM: 0.107669
560 - cIndustry_c323           . 	SCC: 0.352304, 	SAM: 0.108018
561 - cIndustry_c326           . 	SCC: 0.274225, 	SAM: 0.133791
562 - cIndustry_c328           . 	SCC: 0.352603, 	SAM: 0.107043
563 - cIndustry_c329           . 	SCC: 0.365521, 	SAM: 0.106189
564 - cIndustry_c330           . 	SCC: 0.314454, 	SAM: 0.108781
565 - cIndustry_c332           . 	SCC: 0.292916, 	SAM: 0.124183
566 - cIndustry_c333           . 	SCC: 0.303981, 	SAM: 0.130371
567 - cIndustry_c335           . 	SCC: 0.302890, 	SAM: 0.135704
568 - cIndustry_c336           . 	SCC: 0.369438, 	SAM: 0.092031
569 - cIndustry_c337           . 	SCC: 0.330427, 	SAM: 0.121225
570 - cIndustry_c338           . 	SCC: 0.326829, 	SAM: 0.146790
571 - cIndustry_c341           . 	SCC: 0.293690, 	SAM: 0.119966
572 - cIndustry_c343           . 	SCC: 0.274725, 	SAM: 0.144198
573 - cIndustry_c344           . 	SCC: 0.345704, 	SAM: 0.135802
574 - cIndustry_c345           . 	SCC: 0.290677, 	SAM: 0.182067
575 - cIndustry_c353           . 	SCC: 0.307790, 	SAM: 0.106219
576 - cIndustry_c356           . 	SCC: 0.315422, 	SAM: 0.100247
577 - cIndustry_c358           . 	SCC: 0.317190, 	SAM: 0.118595
578 - cIndustry_c362           . 	SCC: 0.354477, 	SAM: 0.106251
579 - cIndustry_c367           . 	SCC: 0.334912, 	SAM: 0.106572
580 - cIndustry_c368           . 	SCC: 0.268633, 	SAM: 0.110742
581 - cIndustry_c370           . 	SCC: 0.375043, 	SAM: 0.129207
582 - cIndustry_c371           . 	SCC: 0.303165, 	SAM: 0.128790
583 - cIndustry_c372           . 	SCC: 0.323659, 	SAM: 0.099201
584 - cIndustry_c374           . 	SCC: 0.226557, 	SAM: 0.189927
585 - cIndustry_c375           . 	SCC: 0.210363, 	SAM: 0.190712
586 - cIndustry_c376           . 	SCC: 0.227756, 	SAM: 0.153184
587 - cIndustry_c377           . 	SCC: 0.267098, 	SAM: 0.162367
588 - cIndustry_c378           . 	SCC: 0.250018, 	SAM: 0.132942
589 - cIndustry_c380           . 	SCC: 0.231657, 	SAM: 0.110667
590 - cIndustry_c381           . 	SCC: 0.247468, 	SAM: 0.095546
591 - cIndustry_c385           . 	SCC: 0.230440, 	SAM: 0.184475
592 - cIndustry_c386           . 	SCC: 0.263285, 	SAM: 0.167010
593 - cIndustry_c390           . 	SCC: 0.368510, 	SAM: 0.114970
594 - cIndustry_c392           . 	SCC: 0.318072, 	SAM: 0.162461
595 - cIndustry_c394           . 	SCC: 0.311783, 	SAM: 0.133482
596 - cIndustry_c395           . 	SCC: 0.248216, 	SAM: 0.164287
597 - cIndustry_c397           . 	SCC: 0.306687, 	SAM: 0.153105
598 - cIndustry_c398           . 	SCC: 0.305174, 	SAM: 0.120797
599 - cIndustry_c399           . 	SCC: 0.361287, 	SAM: 0.159814
600 - cIndustry_c400           . 	SCC: 0.283855, 	SAM: 0.169188
601 - dRiverLake_d002          . 	SCC: 0.144067, 	SAM: 0.067938
602 - dRiverLake_d003          . 	SCC: 0.146986, 	SAM: 0.125459
603 - dRiverLake_d004          . 	SCC: 0.118473, 	SAM: 0.169768
604 - dRiverLake_d009          . 	SCC: 0.116819, 	SAM: 0.215023
605 - dRiverLake_d010          . 	SCC: 0.109014, 	SAM: 0.065235
606 - dRiverLake_d011          . 	SCC: 0.135776, 	SAM: 0.054289
607 - dRiverLake_d014          . 	SCC: 0.146777, 	SAM: 0.238255
608 - dRiverLake_d015          . 	SCC: 0.113227, 	SAM: 0.155935
609 - dRiverLake_d019          . 	SCC: 0.128921, 	SAM: 0.201998
610 - dRiverLake_d022          . 	SCC: 0.110121, 	SAM: 0.093163
611 - dRiverLake_d023          . 	SCC: 0.106710, 	SAM: 0.140340
612 - dRiverLake_d025          . 	SCC: 0.130553, 	SAM: 0.120267
613 - dRiverLake_d027          . 	SCC: 0.156180, 	SAM: 0.138333
614 - dRiverLake_d028          . 	SCC: 0.125506, 	SAM: 0.137828
615 - dRiverLake_d030          . 	SCC: 0.125122, 	SAM: 0.114362
616 - dRiverLake_d031          . 	SCC: 0.176676, 	SAM: 0.131285
617 - dRiverLake_d035          . 	SCC: 0.184592, 	SAM: 0.088155
618 - dRiverLake_d036          . 	SCC: 0.172766, 	SAM: 0.117490
619 - dRiverLake_d037          . 	SCC: 0.141588, 	SAM: 0.090267
620 - dRiverLake_d040          . 	SCC: 0.207886, 	SAM: 0.100880
621 - dRiverLake_d041          . 	SCC: 0.127374, 	SAM: 0.108169
622 - dRiverLake_d042          . 	SCC: 0.127022, 	SAM: 0.107596
623 - dRiverLake_d043          . 	SCC: 0.154316, 	SAM: 0.121952
624 - dRiverLake_d044          . 	SCC: 0.080602, 	SAM: 0.094570
625 - dRiverLake_d046          . 	SCC: 0.122196, 	SAM: 0.099459
626 - dRiverLake_d048          . 	SCC: 0.190942, 	SAM: 0.144960
627 - dRiverLake_d052          . 	SCC: 0.129972, 	SAM: 0.142595
628 - dRiverLake_d057          . 	SCC: 0.166601, 	SAM: 0.156352
629 - dRiverLake_d058          . 	SCC: 0.287642, 	SAM: 0.221754
630 - dRiverLake_d061          . 	SCC: 0.179448, 	SAM: 0.090006
631 - dRiverLake_d062          . 	SCC: 0.159240, 	SAM: 0.111744
632 - dRiverLake_d066          . 	SCC: 0.178395, 	SAM: 0.100805
633 - dRiverLake_d067          . 	SCC: 0.226817, 	SAM: 0.183924
634 - dRiverLake_d069          . 	SCC: 0.082003, 	SAM: 0.032300
635 - dRiverLake_d075          . 	SCC: 0.118691, 	SAM: 0.061853
636 - dRiverLake_d076          . 	SCC: 0.190452, 	SAM: 0.070990
637 - dRiverLake_d077          . 	SCC: 0.115742, 	SAM: 0.072226
638 - dRiverLake_d078          . 	SCC: 0.167113, 	SAM: 0.060889
639 - dRiverLake_d079          . 	SCC: 0.171231, 	SAM: 0.039828
640 - dRiverLake_d082          . 	SCC: 0.232313, 	SAM: 0.077853
641 - dRiverLake_d083          . 	SCC: 0.185993, 	SAM: 0.047395
642 - dRiverLake_d084          . 	SCC: 0.158252, 	SAM: 0.056075
643 - dRiverLake_d087          . 	SCC: 0.268476, 	SAM: 0.064567
644 - dRiverLake_d088          . 	SCC: 0.215789, 	SAM: 0.086930
645 - dRiverLake_d089          . 	SCC: 0.251226, 	SAM: 0.080241
646 - dRiverLake_d091          . 	SCC: 0.160618, 	SAM: 0.056886
647 - dRiverLake_d093          . 	SCC: 0.156649, 	SAM: 0.104060
648 - dRiverLake_d094          . 	SCC: 0.145481, 	SAM: 0.030177
649 - dRiverLake_d096          . 	SCC: 0.186342, 	SAM: 0.079716
650 - dRiverLake_d097          . 	SCC: 0.213553, 	SAM: 0.082463
651 - dRiverLake_d099          . 	SCC: 0.285104, 	SAM: 0.078152
652 - dRiverLake_d100          . 	SCC: 0.156738, 	SAM: 0.061078
653 - dRiverLake_d101          . 	SCC: 0.149536, 	SAM: 0.111481
654 - dRiverLake_d104          . 	SCC: 0.224211, 	SAM: 0.096245
655 - dRiverLake_d105          . 	SCC: 0.212373, 	SAM: 0.117511
656 - dRiverLake_d106          . 	SCC: 0.193805, 	SAM: 0.124823
657 - dRiverLake_d107          . 	SCC: 0.199637, 	SAM: 0.139226
658 - dRiverLake_d108          . 	SCC: 0.144523, 	SAM: 0.097140
659 - dRiverLake_d109          . 	SCC: 0.185329, 	SAM: 0.117988
660 - dRiverLake_d110          . 	SCC: 0.194145, 	SAM: 0.138394
661 - dRiverLake_d111          . 	SCC: 0.206981, 	SAM: 0.171515
662 - dRiverLake_d115          . 	SCC: 0.167567, 	SAM: 0.128832
663 - dRiverLake_d123          . 	SCC: 0.172662, 	SAM: 0.138674
664 - dRiverLake_d124          . 	SCC: 0.143130, 	SAM: 0.055234
665 - dRiverLake_d125          . 	SCC: 0.114310, 	SAM: 0.164935
666 - dRiverLake_d126          . 	SCC: 0.101949, 	SAM: 0.107904
667 - dRiverLake_d127          . 	SCC: 0.138439, 	SAM: 0.077105
668 - dRiverLake_d128          . 	SCC: 0.167089, 	SAM: 0.089098
669 - dRiverLake_d130          . 	SCC: 0.144257, 	SAM: 0.193354
670 - dRiverLake_d133          . 	SCC: 0.138951, 	SAM: 0.131402
671 - dRiverLake_d134          . 	SCC: 0.215646, 	SAM: 0.172720
672 - dRiverLake_d137          . 	SCC: 0.247388, 	SAM: 0.189367
673 - dRiverLake_d138          . 	SCC: 0.241137, 	SAM: 0.180944
674 - dRiverLake_d143          . 	SCC: 0.153550, 	SAM: 0.169291
675 - dRiverLake_d146          . 	SCC: 0.030279, 	SAM: 0.098995
676 - dRiverLake_d149          . 	SCC: 0.182624, 	SAM: 0.109252
677 - dRiverLake_d150          . 	SCC: 0.224307, 	SAM: 0.198164
678 - dRiverLake_d157          . 	SCC: 0.163486, 	SAM: 0.123999
679 - dRiverLake_d158          . 	SCC: 0.200321, 	SAM: 0.136424
680 - dRiverLake_d160          . 	SCC: 0.140425, 	SAM: 0.108221
681 - dRiverLake_d161          . 	SCC: 0.203832, 	SAM: 0.108507
682 - dRiverLake_d162          . 	SCC: 0.196537, 	SAM: 0.111450
683 - dRiverLake_d163          . 	SCC: 0.194428, 	SAM: 0.108280
684 - dRiverLake_d167          . 	SCC: 0.117197, 	SAM: 0.136860
685 - dRiverLake_d169          . 	SCC: 0.144450, 	SAM: 0.092824
686 - dRiverLake_d171          . 	SCC: 0.078039, 	SAM: 0.045142
687 - dRiverLake_d172          . 	SCC: 0.110716, 	SAM: 0.086036
688 - dRiverLake_d173          . 	SCC: 0.068020, 	SAM: 0.126938
689 - dRiverLake_d175          . 	SCC: 0.116892, 	SAM: 0.104081
690 - dRiverLake_d178          . 	SCC: 0.142603, 	SAM: 0.115573
691 - dRiverLake_d179          . 	SCC: 0.190618, 	SAM: 0.114850
692 - dRiverLake_d180          . 	SCC: 0.166259, 	SAM: 0.145700
693 - dRiverLake_d182          . 	SCC: 0.147383, 	SAM: 0.114458
694 - dRiverLake_d183          . 	SCC: 0.090975, 	SAM: 0.055582
695 - dRiverLake_d185          . 	SCC: 0.205396, 	SAM: 0.070118
696 - dRiverLake_d192          . 	SCC: 0.202740, 	SAM: 0.062098
697 - dRiverLake_d193          . 	SCC: 0.180046, 	SAM: 0.094962
698 - dRiverLake_d194          . 	SCC: 0.267733, 	SAM: 0.109115
699 - dRiverLake_d195          . 	SCC: 0.139101, 	SAM: 0.032316
700 - dRiverLake_d198          . 	SCC: 0.243305, 	SAM: 0.134698
701 - dRiverLake_d200          . 	SCC: 0.171030, 	SAM: 0.117399
702 - dRiverLake_d201          . 	SCC: 0.099844, 	SAM: 0.155350
703 - dRiverLake_d205          . 	SCC: 0.155723, 	SAM: 0.199252
704 - dRiverLake_d206          . 	SCC: 0.173000, 	SAM: 0.131924
705 - dRiverLake_d207          . 	SCC: 0.143609, 	SAM: 0.249262
706 - dRiverLake_d208          . 	SCC: 0.114985, 	SAM: 0.175705
707 - dRiverLake_d212          . 	SCC: 0.206243, 	SAM: 0.129118
708 - dRiverLake_d214          . 	SCC: 0.181652, 	SAM: 0.164043
709 - dRiverLake_d216          . 	SCC: 0.144286, 	SAM: 0.091167
710 - dRiverLake_d217          . 	SCC: 0.099144, 	SAM: 0.113260
711 - dRiverLake_d219          . 	SCC: 0.233068, 	SAM: 0.080419
712 - dRiverLake_d220          . 	SCC: 0.110790, 	SAM: 0.048524
713 - dRiverLake_d221          . 	SCC: 0.154062, 	SAM: 0.130573
714 - dRiverLake_d222          . 	SCC: 0.138272, 	SAM: 0.132981
715 - dRiverLake_d224          . 	SCC: 0.231604, 	SAM: 0.123404
716 - dRiverLake_d225          . 	SCC: 0.206619, 	SAM: 0.138645
717 - dRiverLake_d229          . 	SCC: 0.054977, 	SAM: 0.083253
718 - dRiverLake_d230          . 	SCC: 0.102387, 	SAM: 0.128178
719 - dRiverLake_d232          . 	SCC: 0.121195, 	SAM: 0.134008
720 - dRiverLake_d235          . 	SCC: 0.135541, 	SAM: 0.130795
721 - dRiverLake_d241          . 	SCC: 0.131086, 	SAM: 0.129716
722 - dRiverLake_d243          . 	SCC: 0.114807, 	SAM: 0.128380
723 - dRiverLake_d244          . 	SCC: 0.149024, 	SAM: 0.095045
724 - dRiverLake_d246          . 	SCC: 0.167563, 	SAM: 0.073828
725 - dRiverLake_d249          . 	SCC: 0.163812, 	SAM: 0.053774
726 - dRiverLake_d254          . 	SCC: 0.156316, 	SAM: 0.115504
727 - dRiverLake_d256          . 	SCC: 0.221621, 	SAM: 0.104740
728 - dRiverLake_d258          . 	SCC: 0.274230, 	SAM: 0.121519
729 - dRiverLake_d260          . 	SCC: 0.201020, 	SAM: 0.078181
730 - dRiverLake_d261          . 	SCC: 0.155395, 	SAM: 0.095440
731 - dRiverLake_d262          . 	SCC: 0.269839, 	SAM: 0.112368
732 - dRiverLake_d263          . 	SCC: 0.161165, 	SAM: 0.099106
733 - dRiverLake_d265          . 	SCC: 0.146726, 	SAM: 0.133763
734 - dRiverLake_d266          . 	SCC: 0.164652, 	SAM: 0.104745
735 - dRiverLake_d268          . 	SCC: 0.141028, 	SAM: 0.075806
736 - dRiverLake_d269          . 	SCC: 0.108284, 	SAM: 0.086861
737 - dRiverLake_d271          . 	SCC: 0.171812, 	SAM: 0.088593
738 - dRiverLake_d273          . 	SCC: 0.214244, 	SAM: 0.104881
739 - dRiverLake_d278          . 	SCC: 0.212168, 	SAM: 0.128912
740 - dRiverLake_d279          . 	SCC: 0.196274, 	SAM: 0.114938
741 - dRiverLake_d281          . 	SCC: 0.162011, 	SAM: 0.147629
742 - dRiverLake_d283          . 	SCC: 0.165068, 	SAM: 0.130690
743 - dRiverLake_d284          . 	SCC: 0.154989, 	SAM: 0.094062
744 - dRiverLake_d287          . 	SCC: 0.110034, 	SAM: 0.159341
745 - dRiverLake_d289          . 	SCC: 0.112549, 	SAM: 0.058225
746 - dRiverLake_d291          . 	SCC: 0.095062, 	SAM: 0.142640
747 - dRiverLake_d292          . 	SCC: 0.156451, 	SAM: 0.121984
748 - dRiverLake_d294          . 	SCC: 0.290450, 	SAM: 0.170445
749 - dRiverLake_d296          . 	SCC: 0.229649, 	SAM: 0.141887
750 - dRiverLake_d300          . 	SCC: 0.154114, 	SAM: 0.202415
751 - dRiverLake_d302          . 	SCC: 0.192969, 	SAM: 0.107039
752 - dRiverLake_d303          . 	SCC: 0.156595, 	SAM: 0.098066
753 - dRiverLake_d304          . 	SCC: 0.192538, 	SAM: 0.085206
754 - dRiverLake_d305          . 	SCC: 0.199816, 	SAM: 0.099007
755 - dRiverLake_d307          . 	SCC: 0.151888, 	SAM: 0.084508
756 - dRiverLake_d308          . 	SCC: 0.174314, 	SAM: 0.131382
757 - dRiverLake_d309          . 	SCC: 0.131515, 	SAM: 0.117835
758 - dRiverLake_d310          . 	SCC: 0.165284, 	SAM: 0.153395
759 - dRiverLake_d312          . 	SCC: 0.183813, 	SAM: 0.169397
760 - dRiverLake_d313          . 	SCC: 0.193755, 	SAM: 0.130628
761 - dRiverLake_d314          . 	SCC: 0.190196, 	SAM: 0.136772
762 - dRiverLake_d315          . 	SCC: 0.108637, 	SAM: 0.036350
763 - dRiverLake_d316          . 	SCC: 0.135469, 	SAM: 0.075645
764 - dRiverLake_d319          . 	SCC: 0.193468, 	SAM: 0.109842
765 - dRiverLake_d323          . 	SCC: 0.221225, 	SAM: 0.124252
766 - dRiverLake_d324          . 	SCC: 0.188856, 	SAM: 0.112721
767 - dRiverLake_d325          . 	SCC: 0.186875, 	SAM: 0.110039
768 - dRiverLake_d332          . 	SCC: 0.186037, 	SAM: 0.139010
769 - dRiverLake_d334          . 	SCC: 0.201512, 	SAM: 0.121652
770 - dRiverLake_d335          . 	SCC: 0.224607, 	SAM: 0.147341
771 - dRiverLake_d336          . 	SCC: 0.187673, 	SAM: 0.149019
772 - dRiverLake_d337          . 	SCC: 0.106902, 	SAM: 0.055690
773 - dRiverLake_d343          . 	SCC: 0.177906, 	SAM: 0.122867
774 - dRiverLake_d345          . 	SCC: 0.123214, 	SAM: 0.059416
775 - dRiverLake_d348          . 	SCC: 0.151682, 	SAM: 0.048512
776 - dRiverLake_d349          . 	SCC: 0.138621, 	SAM: 0.070480
777 - dRiverLake_d350          . 	SCC: 0.096591, 	SAM: 0.043918
778 - dRiverLake_d351          . 	SCC: 0.159643, 	SAM: 0.085445
779 - dRiverLake_d355          . 	SCC: 0.230518, 	SAM: 0.148713
780 - dRiverLake_d357          . 	SCC: 0.162481, 	SAM: 0.053540
781 - dRiverLake_d358          . 	SCC: 0.140472, 	SAM: 0.061993
782 - dRiverLake_d361          . 	SCC: 0.123356, 	SAM: 0.116276
783 - dRiverLake_d366          . 	SCC: 0.219785, 	SAM: 0.092178
784 - dRiverLake_d369          . 	SCC: 0.202263, 	SAM: 0.126202
785 - dRiverLake_d371          . 	SCC: 0.253140, 	SAM: 0.102477
786 - dRiverLake_d372          . 	SCC: 0.237414, 	SAM: 0.111041
787 - dRiverLake_d380          . 	SCC: 0.222161, 	SAM: 0.129847
788 - dRiverLake_d381          . 	SCC: 0.242526, 	SAM: 0.146941
789 - dRiverLake_d382          . 	SCC: 0.157474, 	SAM: 0.083995
790 - dRiverLake_d385          . 	SCC: 0.227497, 	SAM: 0.114307
791 - dRiverLake_d387          . 	SCC: 0.171448, 	SAM: 0.148518
792 - dRiverLake_d388          . 	SCC: 0.249911, 	SAM: 0.128883
793 - dRiverLake_d389          . 	SCC: 0.042160, 	SAM: 0.096614
794 - dRiverLake_d391          . 	SCC: 0.226268, 	SAM: 0.078523
795 - dRiverLake_d392          . 	SCC: 0.128192, 	SAM: 0.061395
796 - dRiverLake_d393          . 	SCC: 0.119969, 	SAM: 0.062770
797 - dRiverLake_d396          . 	SCC: 0.168696, 	SAM: 0.070827
798 - dRiverLake_d397          . 	SCC: 0.147176, 	SAM: 0.060542
799 - dRiverLake_d398          . 	SCC: 0.231994, 	SAM: 0.144475
800 - dRiverLake_d399          . 	SCC: 0.190868, 	SAM: 0.048693
801 - eForest_e001             . 	SCC: 0.183435, 	SAM: 0.229948
802 - eForest_e002             . 	SCC: 0.160516, 	SAM: 0.156023
803 - eForest_e003             . 	SCC: 0.197436, 	SAM: 0.155951
804 - eForest_e006             . 	SCC: 0.175849, 	SAM: 0.213702
805 - eForest_e007             . 	SCC: 0.182186, 	SAM: 0.194338
806 - eForest_e008             . 	SCC: 0.200333, 	SAM: 0.182643
807 - eForest_e009             . 	SCC: 0.167636, 	SAM: 0.209879
808 - eForest_e012             . 	SCC: 0.171567, 	SAM: 0.201789
809 - eForest_e013             . 	SCC: 0.139941, 	SAM: 0.314396
810 - eForest_e014             . 	SCC: 0.145259, 	SAM: 0.292556
811 - eForest_e015             . 	SCC: 0.146681, 	SAM: 0.317985
812 - eForest_e016             . 	SCC: 0.135020, 	SAM: 0.247375
813 - eForest_e017             . 	SCC: 0.155675, 	SAM: 0.215624
814 - eForest_e018             . 	SCC: 0.139575, 	SAM: 0.271969
815 - eForest_e019             . 	SCC: 0.159543, 	SAM: 0.237418
816 - eForest_e023             . 	SCC: 0.144020, 	SAM: 0.237564
817 - eForest_e025             . 	SCC: 0.136872, 	SAM: 0.273233
818 - eForest_e026             . 	SCC: 0.139139, 	SAM: 0.235425
819 - eForest_e028             . 	SCC: 0.150887, 	SAM: 0.243118
820 - eForest_e031             . 	SCC: 0.183894, 	SAM: 0.111824
821 - eForest_e036             . 	SCC: 0.174842, 	SAM: 0.193931
822 - eForest_e042             . 	SCC: 0.188453, 	SAM: 0.167200
823 - eForest_e043             . 	SCC: 0.168327, 	SAM: 0.252509
824 - eForest_e045             . 	SCC: 0.128728, 	SAM: 0.246127
825 - eForest_e048             . 	SCC: 0.178162, 	SAM: 0.129346
826 - eForest_e051             . 	SCC: 0.155364, 	SAM: 0.254230
827 - eForest_e052             . 	SCC: 0.139278, 	SAM: 0.258250
828 - eForest_e054             . 	SCC: 0.235526, 	SAM: 0.172550
829 - eForest_e056             . 	SCC: 0.187348, 	SAM: 0.177475
830 - eForest_e057             . 	SCC: 0.155616, 	SAM: 0.201977
831 - eForest_e058             . 	SCC: 0.232787, 	SAM: 0.149517
832 - eForest_e060             . 	SCC: 0.186827, 	SAM: 0.169236
833 - eForest_e061             . 	SCC: 0.157955, 	SAM: 0.269829
834 - eForest_e063             . 	SCC: 0.180959, 	SAM: 0.146557
835 - eForest_e064             . 	SCC: 0.167800, 	SAM: 0.163599
836 - eForest_e066             . 	SCC: 0.151281, 	SAM: 0.149891
837 - eForest_e068             . 	SCC: 0.224691, 	SAM: 0.103418
838 - eForest_e069             . 	SCC: 0.212662, 	SAM: 0.099745
839 - eForest_e070             . 	SCC: 0.239738, 	SAM: 0.083597
840 - eForest_e071             . 	SCC: 0.212174, 	SAM: 0.105329
841 - eForest_e072             . 	SCC: 0.229597, 	SAM: 0.123855
842 - eForest_e074             . 	SCC: 0.189703, 	SAM: 0.137451
843 - eForest_e077             . 	SCC: 0.162269, 	SAM: 0.193285
844 - eForest_e081             . 	SCC: 0.212502, 	SAM: 0.126509
845 - eForest_e083             . 	SCC: 0.198576, 	SAM: 0.173584
846 - eForest_e084             . 	SCC: 0.183753, 	SAM: 0.108284
847 - eForest_e092             . 	SCC: 0.189185, 	SAM: 0.099972
848 - eForest_e094             . 	SCC: 0.213107, 	SAM: 0.153948
849 - eForest_e095             . 	SCC: 0.182289, 	SAM: 0.135769
850 - eForest_e096             . 	SCC: 0.251162, 	SAM: 0.142504
851 - eForest_e098             . 	SCC: 0.153814, 	SAM: 0.150448
852 - eForest_e099             . 	SCC: 0.179058, 	SAM: 0.214969
853 - eForest_e103             . 	SCC: 0.172404, 	SAM: 0.213978
854 - eForest_e104             . 	SCC: 0.163386, 	SAM: 0.179597
855 - eForest_e105             . 	SCC: 0.222101, 	SAM: 0.197340
856 - eForest_e106             . 	SCC: 0.146483, 	SAM: 0.200566
857 - eForest_e107             . 	SCC: 0.159077, 	SAM: 0.197501
858 - eForest_e108             . 	SCC: 0.146855, 	SAM: 0.202208
859 - eForest_e110             . 	SCC: 0.138490, 	SAM: 0.160410
860 - eForest_e111             . 	SCC: 0.173126, 	SAM: 0.200762
861 - eForest_e112             . 	SCC: 0.149030, 	SAM: 0.231565
862 - eForest_e113             . 	SCC: 0.222284, 	SAM: 0.149431
863 - eForest_e115             . 	SCC: 0.140519, 	SAM: 0.164012
864 - eForest_e116             . 	SCC: 0.052039, 	SAM: 0.107905
865 - eForest_e117             . 	SCC: 0.214843, 	SAM: 0.189811
866 - eForest_e119             . 	SCC: 0.093328, 	SAM: 0.192769
867 - eForest_e120             . 	SCC: 0.160761, 	SAM: 0.212418
868 - eForest_e122             . 	SCC: 0.170619, 	SAM: 0.171340
869 - eForest_e123             . 	SCC: 0.179835, 	SAM: 0.167976
870 - eForest_e124             . 	SCC: 0.196064, 	SAM: 0.138915
871 - eForest_e126             . 	SCC: 0.153394, 	SAM: 0.131510
872 - eForest_e128             . 	SCC: 0.160422, 	SAM: 0.157864
873 - eForest_e129             . 	SCC: 0.168749, 	SAM: 0.122216
874 - eForest_e130             . 	SCC: 0.178628, 	SAM: 0.118108
875 - eForest_e133             . 	SCC: 0.166132, 	SAM: 0.152471
876 - eForest_e134             . 	SCC: 0.150080, 	SAM: 0.126034
877 - eForest_e136             . 	SCC: 0.177314, 	SAM: 0.128085
878 - eForest_e137             . 	SCC: 0.188886, 	SAM: 0.144652
879 - eForest_e138             . 	SCC: 0.210643, 	SAM: 0.193248
880 - eForest_e139             . 	SCC: 0.194377, 	SAM: 0.210596
881 - eForest_e140             . 	SCC: 0.211545, 	SAM: 0.203340
882 - eForest_e142             . 	SCC: 0.117006, 	SAM: 0.151863
883 - eForest_e143             . 	SCC: 0.107043, 	SAM: 0.166279
884 - eForest_e146             . 	SCC: 0.158937, 	SAM: 0.139852
885 - eForest_e148             . 	SCC: 0.151494, 	SAM: 0.180885
886 - eForest_e151             . 	SCC: 0.147749, 	SAM: 0.149871
887 - eForest_e152             . 	SCC: 0.131644, 	SAM: 0.153013
888 - eForest_e154             . 	SCC: 0.199703, 	SAM: 0.245560
889 - eForest_e157             . 	SCC: 0.118844, 	SAM: 0.135854
890 - eForest_e158             . 	SCC: 0.116537, 	SAM: 0.145415
891 - eForest_e160             . 	SCC: 0.150343, 	SAM: 0.153262
892 - eForest_e163             . 	SCC: 0.203176, 	SAM: 0.192666
893 - eForest_e164             . 	SCC: 0.192098, 	SAM: 0.224328
894 - eForest_e173             . 	SCC: 0.163855, 	SAM: 0.195089
895 - eForest_e175             . 	SCC: 0.149088, 	SAM: 0.192461
896 - eForest_e177             . 	SCC: 0.113609, 	SAM: 0.163818
897 - eForest_e178             . 	SCC: 0.126205, 	SAM: 0.129630
898 - eForest_e183             . 	SCC: 0.198174, 	SAM: 0.165725
899 - eForest_e184             . 	SCC: 0.186739, 	SAM: 0.181580
900 - eForest_e185             . 	SCC: 0.186191, 	SAM: 0.176167
901 - eForest_e188             . 	SCC: 0.238208, 	SAM: 0.160527
902 - eForest_e192             . 	SCC: 0.209211, 	SAM: 0.154856
903 - eForest_e193             . 	SCC: 0.209311, 	SAM: 0.129239
904 - eForest_e194             . 	SCC: 0.184018, 	SAM: 0.118482
905 - eForest_e196             . 	SCC: 0.194823, 	SAM: 0.146532
906 - eForest_e200             . 	SCC: 0.153369, 	SAM: 0.143284
907 - eForest_e201             . 	SCC: 0.190725, 	SAM: 0.158733
908 - eForest_e202             . 	SCC: 0.231010, 	SAM: 0.137347
909 - eForest_e205             . 	SCC: 0.178779, 	SAM: 0.229364
910 - eForest_e207             . 	SCC: 0.174887, 	SAM: 0.280720
911 - eForest_e211             . 	SCC: 0.180922, 	SAM: 0.243752
912 - eForest_e212             . 	SCC: 0.144986, 	SAM: 0.261605
913 - eForest_e215             . 	SCC: 0.149533, 	SAM: 0.239067
914 - eForest_e216             . 	SCC: 0.172880, 	SAM: 0.257366
915 - eForest_e217             . 	SCC: 0.172953, 	SAM: 0.188730
916 - eForest_e218             . 	SCC: 0.151938, 	SAM: 0.259899
917 - eForest_e222             . 	SCC: 0.239780, 	SAM: 0.149495
918 - eForest_e223             . 	SCC: 0.239082, 	SAM: 0.155820
919 - eForest_e228             . 	SCC: 0.190491, 	SAM: 0.192429
920 - eForest_e234             . 	SCC: 0.202998, 	SAM: 0.161184
921 - eForest_e239             . 	SCC: 0.196606, 	SAM: 0.152418
922 - eForest_e240             . 	SCC: 0.244725, 	SAM: 0.138389
923 - eForest_e243             . 	SCC: 0.193880, 	SAM: 0.175245
924 - eForest_e245             . 	SCC: 0.190376, 	SAM: 0.188128
925 - eForest_e246             . 	SCC: 0.195847, 	SAM: 0.130519
926 - eForest_e248             . 	SCC: 0.182928, 	SAM: 0.204666
927 - eForest_e249             . 	SCC: 0.209994, 	SAM: 0.176467
928 - eForest_e250             . 	SCC: 0.210105, 	SAM: 0.198479
929 - eForest_e251             . 	SCC: 0.207704, 	SAM: 0.208917
930 - eForest_e252             . 	SCC: 0.193703, 	SAM: 0.175638
931 - eForest_e254             . 	SCC: 0.207225, 	SAM: 0.137804
932 - eForest_e256             . 	SCC: 0.214135, 	SAM: 0.141889
933 - eForest_e261             . 	SCC: 0.188829, 	SAM: 0.167060
934 - eForest_e264             . 	SCC: 0.221177, 	SAM: 0.170018
935 - eForest_e265             . 	SCC: 0.208845, 	SAM: 0.171153
936 - eForest_e266             . 	SCC: 0.190489, 	SAM: 0.244339
937 - eForest_e267             . 	SCC: 0.227659, 	SAM: 0.201030
938 - eForest_e270             . 	SCC: 0.185703, 	SAM: 0.233726
939 - eForest_e271             . 	SCC: 0.194801, 	SAM: 0.281256
940 - eForest_e275             . 	SCC: 0.169762, 	SAM: 0.155322
941 - eForest_e277             . 	SCC: 0.205695, 	SAM: 0.152857
942 - eForest_e279             . 	SCC: 0.199020, 	SAM: 0.136466
943 - eForest_e280             . 	SCC: 0.179960, 	SAM: 0.167334
944 - eForest_e281             . 	SCC: 0.195025, 	SAM: 0.159549
945 - eForest_e282             . 	SCC: 0.206030, 	SAM: 0.170275
946 - eForest_e283             . 	SCC: 0.204041, 	SAM: 0.152291
947 - eForest_e296             . 	SCC: 0.197963, 	SAM: 0.194490
948 - eForest_e298             . 	SCC: 0.153810, 	SAM: 0.242943
949 - eForest_e299             . 	SCC: 0.151959, 	SAM: 0.233728
950 - eForest_e301             . 	SCC: 0.221735, 	SAM: 0.112859
951 - eForest_e304             . 	SCC: 0.168927, 	SAM: 0.125716
952 - eForest_e305             . 	SCC: 0.159395, 	SAM: 0.128780
953 - eForest_e307             . 	SCC: 0.178802, 	SAM: 0.164765
954 - eForest_e308             . 	SCC: 0.193535, 	SAM: 0.158238
955 - eForest_e310             . 	SCC: 0.187085, 	SAM: 0.155267
956 - eForest_e311             . 	SCC: 0.223811, 	SAM: 0.151704
957 - eForest_e312             . 	SCC: 0.153394, 	SAM: 0.121641
958 - eForest_e314             . 	SCC: 0.148949, 	SAM: 0.185844
959 - eForest_e316             . 	SCC: 0.235251, 	SAM: 0.168916
960 - eForest_e318             . 	SCC: 0.179038, 	SAM: 0.155256
961 - eForest_e319             . 	SCC: 0.157655, 	SAM: 0.153178
962 - eForest_e321             . 	SCC: 0.199188, 	SAM: 0.150141
963 - eForest_e323             . 	SCC: 0.193350, 	SAM: 0.168538
964 - eForest_e326             . 	SCC: 0.186860, 	SAM: 0.132419
965 - eForest_e329             . 	SCC: 0.206602, 	SAM: 0.141584
966 - eForest_e330             . 	SCC: 0.218472, 	SAM: 0.120655
967 - eForest_e332             . 	SCC: 0.163848, 	SAM: 0.160917
968 - eForest_e333             . 	SCC: 0.193160, 	SAM: 0.113956
969 - eForest_e337             . 	SCC: 0.146631, 	SAM: 0.114464
970 - eForest_e338             . 	SCC: 0.175503, 	SAM: 0.113163
971 - eForest_e340             . 	SCC: 0.179607, 	SAM: 0.138606
972 - eForest_e341             . 	SCC: 0.160008, 	SAM: 0.136084
973 - eForest_e344             . 	SCC: 0.194767, 	SAM: 0.154272
974 - eForest_e345             . 	SCC: 0.182386, 	SAM: 0.119805
975 - eForest_e346             . 	SCC: 0.185837, 	SAM: 0.175088
976 - eForest_e350             . 	SCC: 0.176406, 	SAM: 0.138428
977 - eForest_e352             . 	SCC: 0.204394, 	SAM: 0.124653
978 - eForest_e353             . 	SCC: 0.196188, 	SAM: 0.123176
979 - eForest_e358             . 	SCC: 0.203937, 	SAM: 0.141479
980 - eForest_e362             . 	SCC: 0.205373, 	SAM: 0.137011
981 - eForest_e365             . 	SCC: 0.239719, 	SAM: 0.162085
982 - eForest_e366             . 	SCC: 0.208686, 	SAM: 0.173760
983 - eForest_e368             . 	SCC: 0.185938, 	SAM: 0.176595
984 - eForest_e369             . 	SCC: 0.185401, 	SAM: 0.265373
985 - eForest_e370             . 	SCC: 0.194178, 	SAM: 0.153240
986 - eForest_e371             . 	SCC: 0.224072, 	SAM: 0.123122
987 - eForest_e373             . 	SCC: 0.205948, 	SAM: 0.122906
988 - eForest_e374             . 	SCC: 0.178597, 	SAM: 0.136222
989 - eForest_e375             . 	SCC: 0.181033, 	SAM: 0.128597
990 - eForest_e376             . 	SCC: 0.172610, 	SAM: 0.128613
991 - eForest_e379             . 	SCC: 0.172277, 	SAM: 0.133185
992 - eForest_e389             . 	SCC: 0.190289, 	SAM: 0.189068
993 - eForest_e390             . 	SCC: 0.168144, 	SAM: 0.209887
994 - eForest_e391             . 	SCC: 0.181567, 	SAM: 0.219761
995 - eForest_e392             . 	SCC: 0.156956, 	SAM: 0.213123
996 - eForest_e393             . 	SCC: 0.164019, 	SAM: 0.211289
997 - eForest_e396             . 	SCC: 0.138288, 	SAM: 0.252967
998 - eForest_e397             . 	SCC: 0.107168, 	SAM: 0.254947
999 - eForest_e398             . 	SCC: 0.143340, 	SAM: 0.226905
1000 - eForest_e399             . 	SCC: 0.122535, 	SAM: 0.209375
1001 - fResident_f001           . 	SCC: 0.281700, 	SAM: 0.126486
1002 - fResident_f002           . 	SCC: 0.253663, 	SAM: 0.121019
1003 - fResident_f003           . 	SCC: 0.248797, 	SAM: 0.122998
1004 - fResident_f004           . 	SCC: 0.269110, 	SAM: 0.126817
1005 - fResident_f005           . 	SCC: 0.231823, 	SAM: 0.118020
1006 - fResident_f006           . 	SCC: 0.277944, 	SAM: 0.174597
1007 - fResident_f007           . 	SCC: 0.269052, 	SAM: 0.159019
1008 - fResident_f009           . 	SCC: 0.213382, 	SAM: 0.144729
1009 - fResident_f010           . 	SCC: 0.455541, 	SAM: 0.077052
1010 - fResident_f013           . 	SCC: 0.317114, 	SAM: 0.164672
1011 - fResident_f019           . 	SCC: 0.291475, 	SAM: 0.124093
1012 - fResident_f020           . 	SCC: 0.406957, 	SAM: 0.087795
1013 - fResident_f023           . 	SCC: 0.379224, 	SAM: 0.093389
1014 - fResident_f025           . 	SCC: 0.338597, 	SAM: 0.105123
1015 - fResident_f026           . 	SCC: 0.355041, 	SAM: 0.084345
1016 - fResident_f027           . 	SCC: 0.390919, 	SAM: 0.083510
1017 - fResident_f028           . 	SCC: 0.411739, 	SAM: 0.076378
1018 - fResident_f029           . 	SCC: 0.353688, 	SAM: 0.097111
1019 - fResident_f031           . 	SCC: 0.400115, 	SAM: 0.076928
1020 - fResident_f036           . 	SCC: 0.288215, 	SAM: 0.086242
1021 - fResident_f037           . 	SCC: 0.291646, 	SAM: 0.081234
1022 - fResident_f046           . 	SCC: 0.392226, 	SAM: 0.075930
1023 - fResident_f047           . 	SCC: 0.369418, 	SAM: 0.095292
1024 - fResident_f048           . 	SCC: 0.398950, 	SAM: 0.087570
1025 - fResident_f049           . 	SCC: 0.362814, 	SAM: 0.097784
1026 - fResident_f050           . 	SCC: 0.342707, 	SAM: 0.105585
1027 - fResident_f052           . 	SCC: 0.351192, 	SAM: 0.094668
1028 - fResident_f054           . 	SCC: 0.375641, 	SAM: 0.090385
1029 - fResident_f055           . 	SCC: 0.303206, 	SAM: 0.091502
1030 - fResident_f056           . 	SCC: 0.337800, 	SAM: 0.096191
1031 - fResident_f057           . 	SCC: 0.323527, 	SAM: 0.121161
1032 - fResident_f060           . 	SCC: 0.310741, 	SAM: 0.131018
1033 - fResident_f062           . 	SCC: 0.355170, 	SAM: 0.117871
1034 - fResident_f068           . 	SCC: 0.314908, 	SAM: 0.081142
1035 - fResident_f069           . 	SCC: 0.325431, 	SAM: 0.082157
1036 - fResident_f075           . 	SCC: 0.343714, 	SAM: 0.095477
1037 - fResident_f076           . 	SCC: 0.289441, 	SAM: 0.103942
1038 - fResident_f077           . 	SCC: 0.323808, 	SAM: 0.088712
1039 - fResident_f080           . 	SCC: 0.334902, 	SAM: 0.119319
1040 - fResident_f084           . 	SCC: 0.360889, 	SAM: 0.066377
1041 - fResident_f085           . 	SCC: 0.332318, 	SAM: 0.144928
1042 - fResident_f088           . 	SCC: 0.315979, 	SAM: 0.166221
1043 - fResident_f091           . 	SCC: 0.352295, 	SAM: 0.129834
1044 - fResident_f092           . 	SCC: 0.274842, 	SAM: 0.128204
1045 - fResident_f095           . 	SCC: 0.221478, 	SAM: 0.229482
1046 - fResident_f097           . 	SCC: 0.314857, 	SAM: 0.084162
1047 - fResident_f098           . 	SCC: 0.288745, 	SAM: 0.196315
1048 - fResident_f099           . 	SCC: 0.370448, 	SAM: 0.107405
1049 - fResident_f100           . 	SCC: 0.383390, 	SAM: 0.121963
1050 - fResident_f101           . 	SCC: 0.260734, 	SAM: 0.138727
1051 - fResident_f102           . 	SCC: 0.249989, 	SAM: 0.139625
1052 - fResident_f104           . 	SCC: 0.225515, 	SAM: 0.160464
1053 - fResident_f105           . 	SCC: 0.259323, 	SAM: 0.161288
1054 - fResident_f106           . 	SCC: 0.211555, 	SAM: 0.167288
1055 - fResident_f107           . 	SCC: 0.242910, 	SAM: 0.152382
1056 - fResident_f108           . 	SCC: 0.228388, 	SAM: 0.142313
1057 - fResident_f109           . 	SCC: 0.195323, 	SAM: 0.143424
1058 - fResident_f112           . 	SCC: 0.276304, 	SAM: 0.184150
1059 - fResident_f113           . 	SCC: 0.282354, 	SAM: 0.182843
1060 - fResident_f114           . 	SCC: 0.278384, 	SAM: 0.125765
1061 - fResident_f116           . 	SCC: 0.286067, 	SAM: 0.150785
1062 - fResident_f117           . 	SCC: 0.272245, 	SAM: 0.152615
1063 - fResident_f118           . 	SCC: 0.286274, 	SAM: 0.155417
1064 - fResident_f119           . 	SCC: 0.294979, 	SAM: 0.151669
1065 - fResident_f120           . 	SCC: 0.291815, 	SAM: 0.176975
1066 - fResident_f123           . 	SCC: 0.393296, 	SAM: 0.152200
1067 - fResident_f124           . 	SCC: 0.245428, 	SAM: 0.162546
1068 - fResident_f125           . 	SCC: 0.344164, 	SAM: 0.154023
1069 - fResident_f126           . 	SCC: 0.330111, 	SAM: 0.156910
1070 - fResident_f127           . 	SCC: 0.380620, 	SAM: 0.125377
1071 - fResident_f130           . 	SCC: 0.299262, 	SAM: 0.170529
1072 - fResident_f131           . 	SCC: 0.275819, 	SAM: 0.106098
1073 - fResident_f132           . 	SCC: 0.275945, 	SAM: 0.179236
1074 - fResident_f136           . 	SCC: 0.330197, 	SAM: 0.150296
1075 - fResident_f138           . 	SCC: 0.339237, 	SAM: 0.123604
1076 - fResident_f139           . 	SCC: 0.370625, 	SAM: 0.118684
1077 - fResident_f144           . 	SCC: 0.342198, 	SAM: 0.125558
1078 - fResident_f146           . 	SCC: 0.255527, 	SAM: 0.163505
1079 - fResident_f150           . 	SCC: 0.298469, 	SAM: 0.137500
1080 - fResident_f153           . 	SCC: 0.303187, 	SAM: 0.132394
1081 - fResident_f156           . 	SCC: 0.281409, 	SAM: 0.170057
1082 - fResident_f162           . 	SCC: 0.267473, 	SAM: 0.215165
1083 - fResident_f166           . 	SCC: 0.217227, 	SAM: 0.228774
1084 - fResident_f167           . 	SCC: 0.214820, 	SAM: 0.226896
1085 - fResident_f171           . 	SCC: 0.273520, 	SAM: 0.118253
1086 - fResident_f172           . 	SCC: 0.300451, 	SAM: 0.145063
1087 - fResident_f173           . 	SCC: 0.276974, 	SAM: 0.154150
1088 - fResident_f175           . 	SCC: 0.216407, 	SAM: 0.118126
1089 - fResident_f176           . 	SCC: 0.237704, 	SAM: 0.136878
1090 - fResident_f179           . 	SCC: 0.334436, 	SAM: 0.148053
1091 - fResident_f183           . 	SCC: 0.363995, 	SAM: 0.103465
1092 - fResident_f184           . 	SCC: 0.363879, 	SAM: 0.099374
1093 - fResident_f192           . 	SCC: 0.288166, 	SAM: 0.136050
1094 - fResident_f193           . 	SCC: 0.242957, 	SAM: 0.141504
1095 - fResident_f194           . 	SCC: 0.316390, 	SAM: 0.129702
1096 - fResident_f195           . 	SCC: 0.285188, 	SAM: 0.173232
1097 - fResident_f196           . 	SCC: 0.251843, 	SAM: 0.130677
1098 - fResident_f200           . 	SCC: 0.437401, 	SAM: 0.119408
1099 - fResident_f201           . 	SCC: 0.173938, 	SAM: 0.183504
1100 - fResident_f202           . 	SCC: 0.317646, 	SAM: 0.158536
1101 - fResident_f203           . 	SCC: 0.302533, 	SAM: 0.175653
1102 - fResident_f206           . 	SCC: 0.380189, 	SAM: 0.138542
1103 - fResident_f207           . 	SCC: 0.311809, 	SAM: 0.169685
1104 - fResident_f209           . 	SCC: 0.327935, 	SAM: 0.172195
1105 - fResident_f212           . 	SCC: 0.439579, 	SAM: 0.175988
1106 - fResident_f214           . 	SCC: 0.431720, 	SAM: 0.157673
1107 - fResident_f215           . 	SCC: 0.301455, 	SAM: 0.182859
1108 - fResident_f216           . 	SCC: 0.385838, 	SAM: 0.146998
1109 - fResident_f220           . 	SCC: 0.292367, 	SAM: 0.166397
1110 - fResident_f222           . 	SCC: 0.336459, 	SAM: 0.154270
1111 - fResident_f227           . 	SCC: 0.328566, 	SAM: 0.187783
1112 - fResident_f233           . 	SCC: 0.351847, 	SAM: 0.170099
1113 - fResident_f235           . 	SCC: 0.312671, 	SAM: 0.145007
1114 - fResident_f236           . 	SCC: 0.324191, 	SAM: 0.150271
1115 - fResident_f237           . 	SCC: 0.319749, 	SAM: 0.101441
1116 - fResident_f238           . 	SCC: 0.434616, 	SAM: 0.135806
1117 - fResident_f241           . 	SCC: 0.352588, 	SAM: 0.182770
1118 - fResident_f242           . 	SCC: 0.256907, 	SAM: 0.211750
1119 - fResident_f247           . 	SCC: 0.296816, 	SAM: 0.183358
1120 - fResident_f249           . 	SCC: 0.344312, 	SAM: 0.139591
1121 - fResident_f250           . 	SCC: 0.301983, 	SAM: 0.133189
1122 - fResident_f254           . 	SCC: 0.323481, 	SAM: 0.142412
1123 - fResident_f257           . 	SCC: 0.289240, 	SAM: 0.142322
1124 - fResident_f258           . 	SCC: 0.276321, 	SAM: 0.136306
1125 - fResident_f259           . 	SCC: 0.268354, 	SAM: 0.136994
1126 - fResident_f260           . 	SCC: 0.283756, 	SAM: 0.139221
1127 - fResident_f265           . 	SCC: 0.254551, 	SAM: 0.150471
1128 - fResident_f267           . 	SCC: 0.395085, 	SAM: 0.155359
1129 - fResident_f268           . 	SCC: 0.369547, 	SAM: 0.187082
1130 - fResident_f269           . 	SCC: 0.360434, 	SAM: 0.177930
1131 - fResident_f271           . 	SCC: 0.361375, 	SAM: 0.185437
1132 - fResident_f273           . 	SCC: 0.324103, 	SAM: 0.195831
1133 - fResident_f274           . 	SCC: 0.295573, 	SAM: 0.195545
1134 - fResident_f276           . 	SCC: 0.319933, 	SAM: 0.198553
1135 - fResident_f277           . 	SCC: 0.292300, 	SAM: 0.192665
1136 - fResident_f279           . 	SCC: 0.271281, 	SAM: 0.152976
1137 - fResident_f281           . 	SCC: 0.271518, 	SAM: 0.150874
1138 - fResident_f283           . 	SCC: 0.332466, 	SAM: 0.170667
1139 - fResident_f284           . 	SCC: 0.319537, 	SAM: 0.157305
1140 - fResident_f285           . 	SCC: 0.296227, 	SAM: 0.197693
1141 - fResident_f286           . 	SCC: 0.314219, 	SAM: 0.175039
1142 - fResident_f287           . 	SCC: 0.330427, 	SAM: 0.140425
1143 - fResident_f289           . 	SCC: 0.336013, 	SAM: 0.161832
1144 - fResident_f290           . 	SCC: 0.350505, 	SAM: 0.154623
1145 - fResident_f292           . 	SCC: 0.329978, 	SAM: 0.155020
1146 - fResident_f293           . 	SCC: 0.296901, 	SAM: 0.119149
1147 - fResident_f295           . 	SCC: 0.298323, 	SAM: 0.168985
1148 - fResident_f299           . 	SCC: 0.275055, 	SAM: 0.157950
1149 - fResident_f302           . 	SCC: 0.270421, 	SAM: 0.178163
1150 - fResident_f303           . 	SCC: 0.256754, 	SAM: 0.180922
1151 - fResident_f304           . 	SCC: 0.229341, 	SAM: 0.203417
1152 - fResident_f305           . 	SCC: 0.219719, 	SAM: 0.211380
1153 - fResident_f306           . 	SCC: 0.239242, 	SAM: 0.165465
1154 - fResident_f307           . 	SCC: 0.202385, 	SAM: 0.176904
1155 - fResident_f308           . 	SCC: 0.263585, 	SAM: 0.191135
1156 - fResident_f311           . 	SCC: 0.252763, 	SAM: 0.179930
1157 - fResident_f313           . 	SCC: 0.185266, 	SAM: 0.232188
1158 - fResident_f316           . 	SCC: 0.238472, 	SAM: 0.226723
1159 - fResident_f317           . 	SCC: 0.240880, 	SAM: 0.221203
1160 - fResident_f320           . 	SCC: 0.246472, 	SAM: 0.215507
1161 - fResident_f321           . 	SCC: 0.277453, 	SAM: 0.218748
1162 - fResident_f326           . 	SCC: 0.205822, 	SAM: 0.187448
1163 - fResident_f329           . 	SCC: 0.247403, 	SAM: 0.182775
1164 - fResident_f330           . 	SCC: 0.244789, 	SAM: 0.181732
1165 - fResident_f337           . 	SCC: 0.239634, 	SAM: 0.215211
1166 - fResident_f338           . 	SCC: 0.236185, 	SAM: 0.194857
1167 - fResident_f340           . 	SCC: 0.227432, 	SAM: 0.145595
1168 - fResident_f341           . 	SCC: 0.203455, 	SAM: 0.155546
1169 - fResident_f342           . 	SCC: 0.223565, 	SAM: 0.149839
1170 - fResident_f343           . 	SCC: 0.242436, 	SAM: 0.136482
1171 - fResident_f345           . 	SCC: 0.226122, 	SAM: 0.146701
1172 - fResident_f347           . 	SCC: 0.227774, 	SAM: 0.152029
1173 - fResident_f348           . 	SCC: 0.228063, 	SAM: 0.127406
1174 - fResident_f349           . 	SCC: 0.230831, 	SAM: 0.135796
1175 - fResident_f350           . 	SCC: 0.295756, 	SAM: 0.127131
1176 - fResident_f351           . 	SCC: 0.264581, 	SAM: 0.158313
1177 - fResident_f352           . 	SCC: 0.233253, 	SAM: 0.153410
1178 - fResident_f356           . 	SCC: 0.241320, 	SAM: 0.136323
1179 - fResident_f357           . 	SCC: 0.200564, 	SAM: 0.172204
1180 - fResident_f358           . 	SCC: 0.201791, 	SAM: 0.196592
1181 - fResident_f360           . 	SCC: 0.193195, 	SAM: 0.181026
1182 - fResident_f362           . 	SCC: 0.191909, 	SAM: 0.159972
1183 - fResident_f363           . 	SCC: 0.264758, 	SAM: 0.184386
1184 - fResident_f367           . 	SCC: 0.310916, 	SAM: 0.126237
1185 - fResident_f370           . 	SCC: 0.282593, 	SAM: 0.176305
1186 - fResident_f371           . 	SCC: 0.261519, 	SAM: 0.137712
1187 - fResident_f372           . 	SCC: 0.256529, 	SAM: 0.138539
1188 - fResident_f374           . 	SCC: 0.255196, 	SAM: 0.132958
1189 - fResident_f375           . 	SCC: 0.257222, 	SAM: 0.142989
1190 - fResident_f376           . 	SCC: 0.229524, 	SAM: 0.137838
1191 - fResident_f378           . 	SCC: 0.265902, 	SAM: 0.159125
1192 - fResident_f386           . 	SCC: 0.244326, 	SAM: 0.181570
1193 - fResident_f390           . 	SCC: 0.245205, 	SAM: 0.188201
1194 - fResident_f392           . 	SCC: 0.249513, 	SAM: 0.199676
1195 - fResident_f394           . 	SCC: 0.239409, 	SAM: 0.190444
1196 - fResident_f395           . 	SCC: 0.235055, 	SAM: 0.163886
1197 - fResident_f397           . 	SCC: 0.259228, 	SAM: 0.186212
1198 - fResident_f398           . 	SCC: 0.256065, 	SAM: 0.175587
1199 - fResident_f399           . 	SCC: 0.249901, 	SAM: 0.181481
1200 - fResident_f400           . 	SCC: 0.244640, 	SAM: 0.170231
1201 - gParking_g001            . 	SCC: 0.247104, 	SAM: 0.146480
1202 - gParking_g002            . 	SCC: 0.546502, 	SAM: 0.182602
1203 - gParking_g006            . 	SCC: 0.282913, 	SAM: 0.132460
1204 - gParking_g007            . 	SCC: 0.266923, 	SAM: 0.122907
1205 - gParking_g009            . 	SCC: 0.276289, 	SAM: 0.123435
1206 - gParking_g010            . 	SCC: 0.268489, 	SAM: 0.131962
1207 - gParking_g011            . 	SCC: 0.283405, 	SAM: 0.120099
1208 - gParking_g012            . 	SCC: 0.268236, 	SAM: 0.167899
1209 - gParking_g013            . 	SCC: 0.199995, 	SAM: 0.194118
1210 - gParking_g014            . 	SCC: 0.232769, 	SAM: 0.148123
1211 - gParking_g015            . 	SCC: 0.262690, 	SAM: 0.190454
1212 - gParking_g017            . 	SCC: 0.222682, 	SAM: 0.185702
1213 - gParking_g018            . 	SCC: 0.263404, 	SAM: 0.152842
1214 - gParking_g021            . 	SCC: 0.196015, 	SAM: 0.129346
1215 - gParking_g023            . 	SCC: 0.170696, 	SAM: 0.054888
1216 - gParking_g024            . 	SCC: 0.239583, 	SAM: 0.060025
1217 - gParking_g025            . 	SCC: 0.289955, 	SAM: 0.136531
1218 - gParking_g028            . 	SCC: 0.210333, 	SAM: 0.107370
1219 - gParking_g029            . 	SCC: 0.184372, 	SAM: 0.047660
1220 - gParking_g030            . 	SCC: 0.230054, 	SAM: 0.076853
1221 - gParking_g032            . 	SCC: 0.211674, 	SAM: 0.103630
1222 - gParking_g033            . 	SCC: 0.252986, 	SAM: 0.112361
1223 - gParking_g034            . 	SCC: 0.268724, 	SAM: 0.123271
1224 - gParking_g036            . 	SCC: 0.185324, 	SAM: 0.130862
1225 - gParking_g037            . 	SCC: 0.235771, 	SAM: 0.123437
1226 - gParking_g038            . 	SCC: 0.249914, 	SAM: 0.115186
1227 - gParking_g039            . 	SCC: 0.300376, 	SAM: 0.099037
1228 - gParking_g042            . 	SCC: 0.290925, 	SAM: 0.164065
1229 - gParking_g043            . 	SCC: 0.374413, 	SAM: 0.131022
1230 - gParking_g044            . 	SCC: 0.289276, 	SAM: 0.095688
1231 - gParking_g047            . 	SCC: 0.223493, 	SAM: 0.123009
1232 - gParking_g048            . 	SCC: 0.239795, 	SAM: 0.105977
1233 - gParking_g050            . 	SCC: 0.219964, 	SAM: 0.098549
1234 - gParking_g051            . 	SCC: 0.270527, 	SAM: 0.105346
1235 - gParking_g053            . 	SCC: 0.300395, 	SAM: 0.074678
1236 - gParking_g054            . 	SCC: 0.223450, 	SAM: 0.178705
1237 - gParking_g059            . 	SCC: 0.256051, 	SAM: 0.102896
1238 - gParking_g060            . 	SCC: 0.316845, 	SAM: 0.196763
1239 - gParking_g062            . 	SCC: 0.231479, 	SAM: 0.165543
1240 - gParking_g064            . 	SCC: 0.401082, 	SAM: 0.154676
1241 - gParking_g065            . 	SCC: 0.312005, 	SAM: 0.108046
1242 - gParking_g066            . 	SCC: 0.314894, 	SAM: 0.116580
1243 - gParking_g068            . 	SCC: 0.234035, 	SAM: 0.131042
1244 - gParking_g070            . 	SCC: 0.224524, 	SAM: 0.139002
1245 - gParking_g073            . 	SCC: 0.370803, 	SAM: 0.153115
1246 - gParking_g074            . 	SCC: 0.244004, 	SAM: 0.124783
1247 - gParking_g077            . 	SCC: 0.279724, 	SAM: 0.139969
1248 - gParking_g082            . 	SCC: 0.296029, 	SAM: 0.129023
1249 - gParking_g083            . 	SCC: 0.273059, 	SAM: 0.138304
1250 - gParking_g086            . 	SCC: 0.241198, 	SAM: 0.071402
1251 - gParking_g087            . 	SCC: 0.303063, 	SAM: 0.068362
1252 - gParking_g088            . 	SCC: 0.258154, 	SAM: 0.165695
1253 - gParking_g092            . 	SCC: 0.319171, 	SAM: 0.133345
1254 - gParking_g094            . 	SCC: 0.359827, 	SAM: 0.152923
1255 - gParking_g097            . 	SCC: 0.320596, 	SAM: 0.088366
1256 - gParking_g098            . 	SCC: 0.290954, 	SAM: 0.119826
1257 - gParking_g100            . 	SCC: 0.258250, 	SAM: 0.070041
1258 - gParking_g101            . 	SCC: 0.176385, 	SAM: 0.110686
1259 - gParking_g102            . 	SCC: 0.308933, 	SAM: 0.105330
1260 - gParking_g105            . 	SCC: 0.186398, 	SAM: 0.093758
1261 - gParking_g106            . 	SCC: 0.219913, 	SAM: 0.114111
1262 - gParking_g108            . 	SCC: 0.219568, 	SAM: 0.122811
1263 - gParking_g109            . 	SCC: 0.255537, 	SAM: 0.134534
1264 - gParking_g111            . 	SCC: 0.205303, 	SAM: 0.083052
1265 - gParking_g112            . 	SCC: 0.237786, 	SAM: 0.096513
1266 - gParking_g113            . 	SCC: 0.255430, 	SAM: 0.071825
1267 - gParking_g114            . 	SCC: 0.255622, 	SAM: 0.128469
1268 - gParking_g118            . 	SCC: 0.253557, 	SAM: 0.091794
1269 - gParking_g122            . 	SCC: 0.252608, 	SAM: 0.101503
1270 - gParking_g124            . 	SCC: 0.245962, 	SAM: 0.130758
1271 - gParking_g126            . 	SCC: 0.238805, 	SAM: 0.115280
1272 - gParking_g130            . 	SCC: 0.304577, 	SAM: 0.128590
1273 - gParking_g131            . 	SCC: 0.279200, 	SAM: 0.143413
1274 - gParking_g133            . 	SCC: 0.335488, 	SAM: 0.125058
1275 - gParking_g134            . 	SCC: 0.251395, 	SAM: 0.145272
1276 - gParking_g135            . 	SCC: 0.269137, 	SAM: 0.156897
1277 - gParking_g137            . 	SCC: 0.285508, 	SAM: 0.116527
1278 - gParking_g142            . 	SCC: 0.281766, 	SAM: 0.134483
1279 - gParking_g144            . 	SCC: 0.225404, 	SAM: 0.113374
1280 - gParking_g145            . 	SCC: 0.214242, 	SAM: 0.201204
1281 - gParking_g151            . 	SCC: 0.242354, 	SAM: 0.124663
1282 - gParking_g154            . 	SCC: 0.210253, 	SAM: 0.176712
1283 - gParking_g155            . 	SCC: 0.208819, 	SAM: 0.150153
1284 - gParking_g157            . 	SCC: 0.161694, 	SAM: 0.079597
1285 - gParking_g159            . 	SCC: 0.203680, 	SAM: 0.151133
1286 - gParking_g160            . 	SCC: 0.260639, 	SAM: 0.111784
1287 - gParking_g162            . 	SCC: 0.244269, 	SAM: 0.123970
1288 - gParking_g169            . 	SCC: 0.265589, 	SAM: 0.156639
1289 - gParking_g174            . 	SCC: 0.258157, 	SAM: 0.151075
1290 - gParking_g175            . 	SCC: 0.285469, 	SAM: 0.137893
1291 - gParking_g183            . 	SCC: 0.258442, 	SAM: 0.133928
1292 - gParking_g184            . 	SCC: 0.220426, 	SAM: 0.123441
1293 - gParking_g185            . 	SCC: 0.232359, 	SAM: 0.153615
1294 - gParking_g187            . 	SCC: 0.343842, 	SAM: 0.107567
1295 - gParking_g188            . 	SCC: 0.207788, 	SAM: 0.085599
1296 - gParking_g189            . 	SCC: 0.216722, 	SAM: 0.116883
1297 - gParking_g190            . 	SCC: 0.160922, 	SAM: 0.102473
1298 - gParking_g191            . 	SCC: 0.125713, 	SAM: 0.074184
1299 - gParking_g197            . 	SCC: 0.226156, 	SAM: 0.165745
1300 - gParking_g199            . 	SCC: 0.226647, 	SAM: 0.195992
1301 - gParking_g200            . 	SCC: 0.286569, 	SAM: 0.112062
1302 - gParking_g201            . 	SCC: 0.181472, 	SAM: 0.131136
1303 - gParking_g202            . 	SCC: 0.248033, 	SAM: 0.171621
1304 - gParking_g205            . 	SCC: 0.325781, 	SAM: 0.096435
1305 - gParking_g207            . 	SCC: 0.208295, 	SAM: 0.134037
1306 - gParking_g210            . 	SCC: 0.270175, 	SAM: 0.160267
1307 - gParking_g211            . 	SCC: 0.219933, 	SAM: 0.136108
1308 - gParking_g213            . 	SCC: 0.239347, 	SAM: 0.164147
1309 - gParking_g215            . 	SCC: 0.208639, 	SAM: 0.176719
1310 - gParking_g216            . 	SCC: 0.195196, 	SAM: 0.177493
1311 - gParking_g217            . 	SCC: 0.182518, 	SAM: 0.152836
1312 - gParking_g220            . 	SCC: 0.251444, 	SAM: 0.129377
1313 - gParking_g221            . 	SCC: 0.262999, 	SAM: 0.129150
1314 - gParking_g222            . 	SCC: 0.217174, 	SAM: 0.158471
1315 - gParking_g223            . 	SCC: 0.172921, 	SAM: 0.162155
1316 - gParking_g224            . 	SCC: 0.236050, 	SAM: 0.201465
1317 - gParking_g225            . 	SCC: 0.205570, 	SAM: 0.177085
1318 - gParking_g226            . 	SCC: 0.176810, 	SAM: 0.191041
1319 - gParking_g229            . 	SCC: 0.243644, 	SAM: 0.123064
1320 - gParking_g230            . 	SCC: 0.334582, 	SAM: 0.106797
1321 - gParking_g231            . 	SCC: 0.208044, 	SAM: 0.133170
1322 - gParking_g232            . 	SCC: 0.305933, 	SAM: 0.118623
1323 - gParking_g234            . 	SCC: 0.278850, 	SAM: 0.148404
1324 - gParking_g237            . 	SCC: 0.270366, 	SAM: 0.138678
1325 - gParking_g238            . 	SCC: 0.239058, 	SAM: 0.107432
1326 - gParking_g239            . 	SCC: 0.259028, 	SAM: 0.102152
1327 - gParking_g241            . 	SCC: 0.299519, 	SAM: 0.128794
1328 - gParking_g243            . 	SCC: 0.274639, 	SAM: 0.110984
1329 - gParking_g247            . 	SCC: 0.206828, 	SAM: 0.138114
1330 - gParking_g249            . 	SCC: 0.227949, 	SAM: 0.066556
1331 - gParking_g250            . 	SCC: 0.223920, 	SAM: 0.071599
1332 - gParking_g252            . 	SCC: 0.307547, 	SAM: 0.058598
1333 - gParking_g256            . 	SCC: 0.275254, 	SAM: 0.106271
1334 - gParking_g257            . 	SCC: 0.290787, 	SAM: 0.087001
1335 - gParking_g258            . 	SCC: 0.313930, 	SAM: 0.141371
1336 - gParking_g260            . 	SCC: 0.300560, 	SAM: 0.136967
1337 - gParking_g262            . 	SCC: 0.271161, 	SAM: 0.135976
1338 - gParking_g263            . 	SCC: 0.239360, 	SAM: 0.146786
1339 - gParking_g266            . 	SCC: 0.272865, 	SAM: 0.144717
1340 - gParking_g267            . 	SCC: 0.217920, 	SAM: 0.172545
1341 - gParking_g268            . 	SCC: 0.223035, 	SAM: 0.170424
1342 - gParking_g271            . 	SCC: 0.227344, 	SAM: 0.125362
1343 - gParking_g275            . 	SCC: 0.194959, 	SAM: 0.136016
1344 - gParking_g277            . 	SCC: 0.268901, 	SAM: 0.127723
1345 - gParking_g278            . 	SCC: 0.169252, 	SAM: 0.169203
1346 - gParking_g281            . 	SCC: 0.322005, 	SAM: 0.121292
1347 - gParking_g289            . 	SCC: 0.303028, 	SAM: 0.098302
1348 - gParking_g290            . 	SCC: 0.224012, 	SAM: 0.132281
1349 - gParking_g292            . 	SCC: 0.259062, 	SAM: 0.107924
1350 - gParking_g293            . 	SCC: 0.210761, 	SAM: 0.139106
1351 - gParking_g295            . 	SCC: 0.174622, 	SAM: 0.147753
1352 - gParking_g296            . 	SCC: 0.176399, 	SAM: 0.117115
1353 - gParking_g298            . 	SCC: 0.141958, 	SAM: 0.182742
1354 - gParking_g299            . 	SCC: 0.222045, 	SAM: 0.159804
1355 - gParking_g300            . 	SCC: 0.190495, 	SAM: 0.107703
1356 - gParking_g302            . 	SCC: 0.275883, 	SAM: 0.111279
1357 - gParking_g306            . 	SCC: 0.271616, 	SAM: 0.141106
1358 - gParking_g307            . 	SCC: 0.266032, 	SAM: 0.107739
1359 - gParking_g308            . 	SCC: 0.289384, 	SAM: 0.129313
1360 - gParking_g311            . 	SCC: 0.319150, 	SAM: 0.110880
1361 - gParking_g312            . 	SCC: 0.315572, 	SAM: 0.097792
1362 - gParking_g315            . 	SCC: 0.348505, 	SAM: 0.121245
1363 - gParking_g317            . 	SCC: 0.268068, 	SAM: 0.135430
1364 - gParking_g318            . 	SCC: 0.311167, 	SAM: 0.132801
1365 - gParking_g320            . 	SCC: 0.234410, 	SAM: 0.148706
1366 - gParking_g321            . 	SCC: 0.327956, 	SAM: 0.106819
1367 - gParking_g322            . 	SCC: 0.298903, 	SAM: 0.116159
1368 - gParking_g324            . 	SCC: 0.302195, 	SAM: 0.127965
1369 - gParking_g326            . 	SCC: 0.243554, 	SAM: 0.076966
1370 - gParking_g329            . 	SCC: 0.189880, 	SAM: 0.138312
1371 - gParking_g331            . 	SCC: 0.281875, 	SAM: 0.109609
1372 - gParking_g332            . 	SCC: 0.275960, 	SAM: 0.115740
1373 - gParking_g334            . 	SCC: 0.222672, 	SAM: 0.114330
1374 - gParking_g335            . 	SCC: 0.332743, 	SAM: 0.127259
1375 - gParking_g339            . 	SCC: 0.270881, 	SAM: 0.111530
1376 - gParking_g343            . 	SCC: 0.251130, 	SAM: 0.115424
1377 - gParking_g344            . 	SCC: 0.262289, 	SAM: 0.116273
1378 - gParking_g351            . 	SCC: 0.196645, 	SAM: 0.130397
1379 - gParking_g353            . 	SCC: 0.265164, 	SAM: 0.125288
1380 - gParking_g356            . 	SCC: 0.242488, 	SAM: 0.109635
1381 - gParking_g358            . 	SCC: 0.194279, 	SAM: 0.137516
1382 - gParking_g360            . 	SCC: 0.211813, 	SAM: 0.153837
1383 - gParking_g363            . 	SCC: 0.226104, 	SAM: 0.143709
1384 - gParking_g364            . 	SCC: 0.231231, 	SAM: 0.147738
1385 - gParking_g366            . 	SCC: 0.213452, 	SAM: 0.125130
1386 - gParking_g367            . 	SCC: 0.243457, 	SAM: 0.125899
1387 - gParking_g376            . 	SCC: 0.337541, 	SAM: 0.124927
1388 - gParking_g377            . 	SCC: 0.313522, 	SAM: 0.102042
1389 - gParking_g378            . 	SCC: 0.311229, 	SAM: 0.130534
1390 - gParking_g380            . 	SCC: 0.275627, 	SAM: 0.111076
1391 - gParking_g381            . 	SCC: 0.286155, 	SAM: 0.136283
1392 - gParking_g382            . 	SCC: 0.266099, 	SAM: 0.106350
1393 - gParking_g383            . 	SCC: 0.265060, 	SAM: 0.127222
1394 - gParking_g384            . 	SCC: 0.271518, 	SAM: 0.114124
1395 - gParking_g388            . 	SCC: 0.272681, 	SAM: 0.081054
1396 - gParking_g391            . 	SCC: 0.197998, 	SAM: 0.121534
1397 - gParking_g393            . 	SCC: 0.250787, 	SAM: 0.138977
1398 - gParking_g394            . 	SCC: 0.226499, 	SAM: 0.133298
1399 - gParking_g398            . 	SCC: 0.229322, 	SAM: 0.127658
1400 - gParking_g399            . 	SCC: 0.255607, 	SAM: 0.115013
Average: SCC: 0.212220, SAM: 0.120477
