
libgomp: Invalid value for environment variable OMP_NUM_THREADS: 0
🚀 Enhanced Training Configuration:
Model: cga_paper
Dataset: RSSCN7
Scale: [4]
Epochs: 500
Batch Size: 4
Optimizer: ADAM
Scheduler: step
Learning Rate: 0.0002
Loss: 1*L1
WandB Enabled: False
AMP Enabled: False
Validation Every: disabled (always validate every epoch)
Save Every N Epochs: 100
DataLoader Threads: 8

📐 Model Architecture:
Width: 32
Encoder Blocks: [4, 6]
Decoder Blocks: [6, 4]
Restormer Heads: [1, 2, 4]
Middle Heads: 8
Read data from binary files
Read data from binary files
Making model...
CGA(
  (conv_first): Conv2d(3, 180, kernel_size=(3, 3), stride=(1, 1), padding=(1, 1))
  (before_RG): Sequential(
    (0): Rearrange('b c h w -> b (h w) c')
    (1): LayerNorm((180,), eps=1e-05, elementwise_affine=True)
  )
  (layers): ModuleList(
    (0): ResidualGroup(
      (blocks): ModuleList(
        (0): Block(
          (norm1): LayerNorm((180,), eps=1e-05, elementwise_affine=True)
          (attn): LCGA(
            (qkv): Linear(in_features=180, out_features=540, bias=True)
            (proj): Linear(in_features=180, out_features=180, bias=True)
            (proj_drop): Dropout(p=0.0, inplace=False)
            (attns): ModuleList(
              (0-1): 2 x WindowAttention(
                (pos): DynamicPosBias(
                  (pos_proj): Linear(in_features=2, out_features=5, bias=True)
                  (pos1): Sequential(
                    (0): LayerNorm((5,), eps=1e-05, elementwise_affine=True)
                    (1): ReLU(inplace=True)
                    (2): Linear(in_features=5, out_features=5, bias=True)
                  )
                  (pos2): Sequential(
                    (0): LayerNorm((5,), eps=1e-05, elementwise_affine=True)
                    (1): ReLU(inplace=True)
                    (2): Linear(in_features=5, out_features=5, bias=True)
                  )
                  (pos3): Sequential(
                    (0): LayerNorm((5,), eps=1e-05, elementwise_affine=True)
                    (1): ReLU(inplace=True)
                    (2): Linear(in_features=5, out_features=3, bias=True)
                  )
                )
                (curvature_conv): Conv2d(90, 90, kernel_size=(3, 3), stride=(1, 1), padding=(1, 1), groups=90, bias=False)
                (attn_drop): Dropout(p=0.0, inplace=False)
              )
            )
            (get_v): Conv2d(180, 180, kernel_size=(3, 3), stride=(1, 1), padding=(1, 1), groups=180)
          )
          (drop_path): Identity()
          (mlp): MLP(
            (fc1): Linear(in_features=180, out_features=360, bias=True)
            (act): GELU(approximate='none')
            (sg): Gate(
              (norm): LayerNorm((180,), eps=1e-05, elementwise_affine=True)
              (conv): Conv2d(180, 180, kernel_size=(3, 3), stride=(1, 1), padding=(1, 1), groups=180)
            )
            (fc2): Linear(in_features=180, out_features=180, bias=True)
            (drop): Dropout(p=0.0, inplace=False)
          )
          (norm2): LayerNorm((180,), eps=1e-05, elementwise_affine=True)
        )
        (1): Block(
          (norm1): LayerNorm((180,), eps=1e-05, elementwise_affine=True)
          (attn): CGTA(
            (curvature_conv): Conv2d(180, 180, kernel_size=(3, 3), stride=(1, 1), padding=(1, 1), groups=180, bias=False)
            (gate): RetentionGate(
              (ret_gate): Sequential(
                (0): Linear(in_features=180, out_features=90, bias=True)
                (1): ReLU()
                (2): Linear(in_features=90, out_features=1, bias=True)
                (3): Sigmoid()
              )
            )
            (q): Linear(in_features=180, out_features=90, bias=True)
            (kv_reduce): Conv1d(180, 90, kernel_size=(1,), stride=(1,))
            (k): Linear(in_features=90, out_features=90, bias=True)
            (v): Linear(in_features=90, out_features=180, bias=True)
            (norm_act): Sequential(
              (0): LayerNorm((90,), eps=1e-05, elementwise_affine=True)
              (1): GELU(approximate='none')
            )
            (cpe): Conv2d(180, 180, kernel_size=(3, 3), stride=(1, 1), padding=(1, 1), groups=180)
            (proj): Linear(in_features=180, out_features=180, bias=True)
            (attn_drop): Dropout(p=0.0, inplace=False)
            (proj_drop): Dropout(p=0.0, inplace=False)
          )
          (drop_path): DropPath(drop_prob=0.003)
          (mlp): MLP(
            (fc1): Linear(in_features=180, out_features=360, bias=True)
            (act): GELU(approximate='none')
            (sg): Gate(
              (norm): LayerNorm((180,), eps=1e-05, elementwise_affine=True)
              (conv): Conv2d(180, 180, kernel_size=(3, 3), stride=(1, 1), padding=(1, 1), groups=180)
            )
            (fc2): Linear(in_features=180, out_features=180, bias=True)
            (drop): Dropout(p=0.0, inplace=False)
          )
          (norm2): LayerNorm((180,), eps=1e-05, elementwise_affine=True)
        )
        (2): Block(
          (norm1): LayerNorm((180,), eps=1e-05, elementwise_affine=True)
          (attn): LCGA(
            (qkv): Linear(in_features=180, out_features=540, bias=True)
            (proj): Linear(in_features=180, out_features=180, bias=True)
            (proj_drop): Dropout(p=0.0, inplace=False)
            (attns): ModuleList(
              (0-1): 2 x WindowAttention(
                (pos): DynamicPosBias(
                  (pos_proj): Linear(in_features=2, out_features=5, bias=True)
                  (pos1): Sequential(
                    (0): LayerNorm((5,), eps=1e-05, elementwise_affine=True)
                    (1): ReLU(inplace=True)
                    (2): Linear(in_features=5, out_features=5, bias=True)
                  )
                  (pos2): Sequential(
                    (0): LayerNorm((5,), eps=1e-05, elementwise_affine=True)
                    (1): ReLU(inplace=True)
                    (2): Linear(in_features=5, out_features=5, bias=True)
                  )
                  (pos3): Sequential(
                    (0): LayerNorm((5,), eps=1e-05, elementwise_affine=True)
                    (1): ReLU(inplace=True)
                    (2): Linear(in_features=5, out_features=3, bias=True)
                  )
                )
                (curvature_conv): Conv2d(90, 90, kernel_size=(3, 3), stride=(1, 1), padding=(1, 1), groups=90, bias=False)
                (attn_drop): Dropout(p=0.0, inplace=False)
              )
            )
            (get_v): Conv2d(180, 180, kernel_size=(3, 3), stride=(1, 1), padding=(1, 1), groups=180)
          )
          (drop_path): DropPath(drop_prob=0.006)
          (mlp): MLP(
            (fc1): Linear(in_features=180, out_features=360, bias=True)
            (act): GELU(approximate='none')
            (sg): Gate(
              (norm): LayerNorm((180,), eps=1e-05, elementwise_affine=True)
              (conv): Conv2d(180, 180, kernel_size=(3, 3), stride=(1, 1), padding=(1, 1), groups=180)
            )
            (fc2): Linear(in_features=180, out_features=180, bias=True)
            (drop): Dropout(p=0.0, inplace=False)
          )
          (norm2): LayerNorm((180,), eps=1e-05, elementwise_affine=True)
        )
        (3): Block(
          (norm1): LayerNorm((180,), eps=1e-05, elementwise_affine=True)
          (attn): CGTA(
            (curvature_conv): Conv2d(180, 180, kernel_size=(3, 3), stride=(1, 1), padding=(1, 1), groups=180, bias=False)
            (gate): RetentionGate(
              (ret_gate): Sequential(
                (0): Linear(in_features=180, out_features=90, bias=True)
                (1): ReLU()
                (2): Linear(in_features=90, out_features=1, bias=True)
                (3): Sigmoid()
              )
            )
            (q): Linear(in_features=180, out_features=90, bias=True)
            (kv_reduce): Conv1d(180, 90, kernel_size=(1,), stride=(1,))
            (k): Linear(in_features=90, out_features=90, bias=True)
            (v): Linear(in_features=90, out_features=180, bias=True)
            (norm_act): Sequential(
              (0): LayerNorm((90,), eps=1e-05, elementwise_affine=True)
              (1): GELU(approximate='none')
            )
            (cpe): Conv2d(180, 180, kernel_size=(3, 3), stride=(1, 1), padding=(1, 1), groups=180)
            (proj): Linear(in_features=180, out_features=180, bias=True)
            (attn_drop): Dropout(p=0.0, inplace=False)
            (proj_drop): Dropout(p=0.0, inplace=False)
          )
          (drop_path): DropPath(drop_prob=0.009)
          (mlp): MLP(
            (fc1): Linear(in_features=180, out_features=360, bias=True)
            (act): GELU(approximate='none')
            (sg): Gate(
              (norm): LayerNorm((180,), eps=1e-05, elementwise_affine=True)
              (conv): Conv2d(180, 180, kernel_size=(3, 3), stride=(1, 1), padding=(1, 1), groups=180)
            )
            (fc2): Linear(in_features=180, out_features=180, bias=True)
            (drop): Dropout(p=0.0, inplace=False)
          )
          (norm2): LayerNorm((180,), eps=1e-05, elementwise_affine=True)
        )
        (4): Block(
          (norm1): LayerNorm((180,), eps=1e-05, elementwise_affine=True)
          (attn): LCGA(
            (qkv): Linear(in_features=180, out_features=540, bias=True)
            (proj): Linear(in_features=180, out_features=180, bias=True)
            (proj_drop): Dropout(p=0.0, inplace=False)
            (attns): ModuleList(
              (0-1): 2 x WindowAttention(
                (pos): DynamicPosBias(
                  (pos_proj): Linear(in_features=2, out_features=5, bias=True)
                  (pos1): Sequential(
                    (0): LayerNorm((5,), eps=1e-05, elementwise_affine=True)
                    (1): ReLU(inplace=True)
                    (2): Linear(in_features=5, out_features=5, bias=True)
                  )
                  (pos2): Sequential(
                    (0): LayerNorm((5,), eps=1e-05, elementwise_affine=True)
                    (1): ReLU(inplace=True)
                    (2): Linear(in_features=5, out_features=5, bias=True)
                  )
                  (pos3): Sequential(
                    (0): LayerNorm((5,), eps=1e-05, elementwise_affine=True)
                    (1): ReLU(inplace=True)
                    (2): Linear(in_features=5, out_features=3, bias=True)
                  )
                )
                (curvature_conv): Conv2d(90, 90, kernel_size=(3, 3), stride=(1, 1), padding=(1, 1), groups=90, bias=False)
                (attn_drop): Dropout(p=0.0, inplace=False)
              )
            )
            (get_v): Conv2d(180, 180, kernel_size=(3, 3), stride=(1, 1), padding=(1, 1), groups=180)
          )
          (drop_path): DropPath(drop_prob=0.011)
          (mlp): MLP(
            (fc1): Linear(in_features=180, out_features=360, bias=True)
            (act): GELU(approximate='none')
            (sg): Gate(
              (norm): LayerNorm((180,), eps=1e-05, elementwise_affine=True)
              (conv): Conv2d(180, 180, kernel_size=(3, 3), stride=(1, 1), padding=(1, 1), groups=180)
            )
            (fc2): Linear(in_features=180, out_features=180, bias=True)
            (drop): Dropout(p=0.0, inplace=False)
          )
          (norm2): LayerNorm((180,), eps=1e-05, elementwise_affine=True)
        )
        (5): Block(
          (norm1): LayerNorm((180,), eps=1e-05, elementwise_affine=True)
          (attn): CGTA(
            (curvature_conv): Conv2d(180, 180, kernel_size=(3, 3), stride=(1, 1), padding=(1, 1), groups=180, bias=False)
            (gate): RetentionGate(
              (ret_gate): Sequential(
                (0): Linear(in_features=180, out_features=90, bias=True)
                (1): ReLU()
                (2): Linear(in_features=90, out_features=1, bias=True)
                (3): Sigmoid()
              )
            )
            (q): Linear(in_features=180, out_features=90, bias=True)
            (kv_reduce): Conv1d(180, 90, kernel_size=(1,), stride=(1,))
            (k): Linear(in_features=90, out_features=90, bias=True)
            (v): Linear(in_features=90, out_features=180, bias=True)
            (norm_act): Sequential(
              (0): LayerNorm((90,), eps=1e-05, elementwise_affine=True)
              (1): GELU(approximate='none')
            )
            (cpe): Conv2d(180, 180, kernel_size=(3, 3), stride=(1, 1), padding=(1, 1), groups=180)
            (proj): Linear(in_features=180, out_features=180, bias=True)
            (attn_drop): Dropout(p=0.0, inplace=False)
            (proj_drop): Dropout(p=0.0, inplace=False)
          )
          (drop_path): DropPath(drop_prob=0.014)
          (mlp): MLP(
            (fc1): Linear(in_features=180, out_features=360, bias=True)
            (act): GELU(approximate='none')
            (sg): Gate(
              (norm): LayerNorm((180,), eps=1e-05, elementwise_affine=True)
              (conv): Conv2d(180, 180, kernel_size=(3, 3), stride=(1, 1), padding=(1, 1), groups=180)
            )
            (fc2): Linear(in_features=180, out_features=180, bias=True)
            (drop): Dropout(p=0.0, inplace=False)
          )
          (norm2): LayerNorm((180,), eps=1e-05, elementwise_affine=True)
        )
      )
      (conv): Conv2d(180, 180, kernel_size=(3, 3), stride=(1, 1), padding=(1, 1))
    )
    (1): ResidualGroup(
      (blocks): ModuleList(
        (0): Block(
          (norm1): LayerNorm((180,), eps=1e-05, elementwise_affine=True)
          (attn): LCGA(
            (qkv): Linear(in_features=180, out_features=540, bias=True)
            (proj): Linear(in_features=180, out_features=180, bias=True)
            (proj_drop): Dropout(p=0.0, inplace=False)
            (attns): ModuleList(
              (0-1): 2 x WindowAttention(
                (pos): DynamicPosBias(
                  (pos_proj): Linear(in_features=2, out_features=5, bias=True)
                  (pos1): Sequential(
                    (0): LayerNorm((5,), eps=1e-05, elementwise_affine=True)
                    (1): ReLU(inplace=True)
                    (2): Linear(in_features=5, out_features=5, bias=True)
                  )
                  (pos2): Sequential(
                    (0): LayerNorm((5,), eps=1e-05, elementwise_affine=True)
                    (1): ReLU(inplace=True)
                    (2): Linear(in_features=5, out_features=5, bias=True)
                  )
                  (pos3): Sequential(
                    (0): LayerNorm((5,), eps=1e-05, elementwise_affine=True)
                    (1): ReLU(inplace=True)
                    (2): Linear(in_features=5, out_features=3, bias=True)
                  )
                )
                (curvature_conv): Conv2d(90, 90, kernel_size=(3, 3), stride=(1, 1), padding=(1, 1), groups=90, bias=False)
                (attn_drop): Dropout(p=0.0, inplace=False)
              )
            )
            (get_v): Conv2d(180, 180, kernel_size=(3, 3), stride=(1, 1), padding=(1, 1), groups=180)
          )
          (drop_path): DropPath(drop_prob=0.017)
          (mlp): MLP(
            (fc1): Linear(in_features=180, out_features=360, bias=True)
            (act): GELU(approximate='none')
            (sg): Gate(
              (norm): LayerNorm((180,), eps=1e-05, elementwise_affine=True)
              (conv): Conv2d(180, 180, kernel_size=(3, 3), stride=(1, 1), padding=(1, 1), groups=180)
            )
            (fc2): Linear(in_features=180, out_features=180, bias=True)
            (drop): Dropout(p=0.0, inplace=False)
          )
          (norm2): LayerNorm((180,), eps=1e-05, elementwise_affine=True)
        )
        (1): Block(
          (norm1): LayerNorm((180,), eps=1e-05, elementwise_affine=True)
          (attn): CGTA(
            (curvature_conv): Conv2d(180, 180, kernel_size=(3, 3), stride=(1, 1), padding=(1, 1), groups=180, bias=False)
            (gate): RetentionGate(
              (ret_gate): Sequential(
                (0): Linear(in_features=180, out_features=90, bias=True)
                (1): ReLU()
                (2): Linear(in_features=90, out_features=1, bias=True)
                (3): Sigmoid()
              )
            )
            (q): Linear(in_features=180, out_features=90, bias=True)
            (kv_reduce): Conv1d(180, 90, kernel_size=(1,), stride=(1,))
            (k): Linear(in_features=90, out_features=90, bias=True)
            (v): Linear(in_features=90, out_features=180, bias=True)
            (norm_act): Sequential(
              (0): LayerNorm((90,), eps=1e-05, elementwise_affine=True)
              (1): GELU(approximate='none')
            )
            (cpe): Conv2d(180, 180, kernel_size=(3, 3), stride=(1, 1), padding=(1, 1), groups=180)
            (proj): Linear(in_features=180, out_features=180, bias=True)
            (attn_drop): Dropout(p=0.0, inplace=False)
            (proj_drop): Dropout(p=0.0, inplace=False)
          )
          (drop_path): DropPath(drop_prob=0.020)
          (mlp): MLP(
            (fc1): Linear(in_features=180, out_features=360, bias=True)
            (act): GELU(approximate='none')
            (sg): Gate(
              (norm): LayerNorm((180,), eps=1e-05, elementwise_affine=True)
              (conv): Conv2d(180, 180, kernel_size=(3, 3), stride=(1, 1), padding=(1, 1), groups=180)
            )
            (fc2): Linear(in_features=180, out_features=180, bias=True)
            (drop): Dropout(p=0.0, inplace=False)
          )
          (norm2): LayerNorm((180,), eps=1e-05, elementwise_affine=True)
        )
        (2): Block(
          (norm1): LayerNorm((180,), eps=1e-05, elementwise_affine=True)
          (attn): LCGA(
            (qkv): Linear(in_features=180, out_features=540, bias=True)
            (proj): Linear(in_features=180, out_features=180, bias=True)
            (proj_drop): Dropout(p=0.0, inplace=False)
            (attns): ModuleList(
              (0-1): 2 x WindowAttention(
                (pos): DynamicPosBias(
                  (pos_proj): Linear(in_features=2, out_features=5, bias=True)
                  (pos1): Sequential(
                    (0): LayerNorm((5,), eps=1e-05, elementwise_affine=True)
                    (1): ReLU(inplace=True)
                    (2): Linear(in_features=5, out_features=5, bias=True)
                  )
                  (pos2): Sequential(
                    (0): LayerNorm((5,), eps=1e-05, elementwise_affine=True)
                    (1): ReLU(inplace=True)
                    (2): Linear(in_features=5, out_features=5, bias=True)
                  )
                  (pos3): Sequential(
                    (0): LayerNorm((5,), eps=1e-05, elementwise_affine=True)
                    (1): ReLU(inplace=True)
                    (2): Linear(in_features=5, out_features=3, bias=True)
                  )
                )
                (curvature_conv): Conv2d(90, 90, kernel_size=(3, 3), stride=(1, 1), padding=(1, 1), groups=90, bias=False)
                (attn_drop): Dropout(p=0.0, inplace=False)
              )
            )
            (get_v): Conv2d(180, 180, kernel_size=(3, 3), stride=(1, 1), padding=(1, 1), groups=180)
          )
          (drop_path): DropPath(drop_prob=0.023)
          (mlp): MLP(
            (fc1): Linear(in_features=180, out_features=360, bias=True)
            (act): GELU(approximate='none')
            (sg): Gate(
              (norm): LayerNorm((180,), eps=1e-05, elementwise_affine=True)
              (conv): Conv2d(180, 180, kernel_size=(3, 3), stride=(1, 1), padding=(1, 1), groups=180)
            )
            (fc2): Linear(in_features=180, out_features=180, bias=True)
            (drop): Dropout(p=0.0, inplace=False)
          )
          (norm2): LayerNorm((180,), eps=1e-05, elementwise_affine=True)
        )
        (3): Block(
          (norm1): LayerNorm((180,), eps=1e-05, elementwise_affine=True)
          (attn): CGTA(
            (curvature_conv): Conv2d(180, 180, kernel_size=(3, 3), stride=(1, 1), padding=(1, 1), groups=180, bias=False)
            (gate): RetentionGate(
              (ret_gate): Sequential(
                (0): Linear(in_features=180, out_features=90, bias=True)
                (1): ReLU()
                (2): Linear(in_features=90, out_features=1, bias=True)
                (3): Sigmoid()
              )
            )
            (q): Linear(in_features=180, out_features=90, bias=True)
            (kv_reduce): Conv1d(180, 90, kernel_size=(1,), stride=(1,))
            (k): Linear(in_features=90, out_features=90, bias=True)
            (v): Linear(in_features=90, out_features=180, bias=True)
            (norm_act): Sequential(
              (0): LayerNorm((90,), eps=1e-05, elementwise_affine=True)
              (1): GELU(approximate='none')
            )
            (cpe): Conv2d(180, 180, kernel_size=(3, 3), stride=(1, 1), padding=(1, 1), groups=180)
            (proj): Linear(in_features=180, out_features=180, bias=True)
            (attn_drop): Dropout(p=0.0, inplace=False)
            (proj_drop): Dropout(p=0.0, inplace=False)
          )
          (drop_path): DropPath(drop_prob=0.026)
          (mlp): MLP(
            (fc1): Linear(in_features=180, out_features=360, bias=True)
            (act): GELU(approximate='none')
            (sg): Gate(
              (norm): LayerNorm((180,), eps=1e-05, elementwise_affine=True)
              (conv): Conv2d(180, 180, kernel_size=(3, 3), stride=(1, 1), padding=(1, 1), groups=180)
            )
            (fc2): Linear(in_features=180, out_features=180, bias=True)
            (drop): Dropout(p=0.0, inplace=False)
          )
          (norm2): LayerNorm((180,), eps=1e-05, elementwise_affine=True)
        )
        (4): Block(
          (norm1): LayerNorm((180,), eps=1e-05, elementwise_affine=True)
          (attn): LCGA(
            (qkv): Linear(in_features=180, out_features=540, bias=True)
            (proj): Linear(in_features=180, out_features=180, bias=True)
            (proj_drop): Dropout(p=0.0, inplace=False)
            (attns): ModuleList(
              (0-1): 2 x WindowAttention(
                (pos): DynamicPosBias(
                  (pos_proj): Linear(in_features=2, out_features=5, bias=True)
                  (pos1): Sequential(
                    (0): LayerNorm((5,), eps=1e-05, elementwise_affine=True)
                    (1): ReLU(inplace=True)
                    (2): Linear(in_features=5, out_features=5, bias=True)
                  )
                  (pos2): Sequential(
                    (0): LayerNorm((5,), eps=1e-05, elementwise_affine=True)
                    (1): ReLU(inplace=True)
                    (2): Linear(in_features=5, out_features=5, bias=True)
                  )
                  (pos3): Sequential(
                    (0): LayerNorm((5,), eps=1e-05, elementwise_affine=True)
                    (1): ReLU(inplace=True)
                    (2): Linear(in_features=5, out_features=3, bias=True)
                  )
                )
                (curvature_conv): Conv2d(90, 90, kernel_size=(3, 3), stride=(1, 1), padding=(1, 1), groups=90, bias=False)
                (attn_drop): Dropout(p=0.0, inplace=False)
              )
            )
            (get_v): Conv2d(180, 180, kernel_size=(3, 3), stride=(1, 1), padding=(1, 1), groups=180)
          )
          (drop_path): DropPath(drop_prob=0.029)
          (mlp): MLP(
            (fc1): Linear(in_features=180, out_features=360, bias=True)
            (act): GELU(approximate='none')
            (sg): Gate(
              (norm): LayerNorm((180,), eps=1e-05, elementwise_affine=True)
              (conv): Conv2d(180, 180, kernel_size=(3, 3), stride=(1, 1), padding=(1, 1), groups=180)
            )
            (fc2): Linear(in_features=180, out_features=180, bias=True)
            (drop): Dropout(p=0.0, inplace=False)
          )
          (norm2): LayerNorm((180,), eps=1e-05, elementwise_affine=True)
        )
        (5): Block(
          (norm1): LayerNorm((180,), eps=1e-05, elementwise_affine=True)
          (attn): CGTA(
            (curvature_conv): Conv2d(180, 180, kernel_size=(3, 3), stride=(1, 1), padding=(1, 1), groups=180, bias=False)
            (gate): RetentionGate(
              (ret_gate): Sequential(
                (0): Linear(in_features=180, out_features=90, bias=True)
                (1): ReLU()
                (2): Linear(in_features=90, out_features=1, bias=True)
                (3): Sigmoid()
              )
            )
            (q): Linear(in_features=180, out_features=90, bias=True)
            (kv_reduce): Conv1d(180, 90, kernel_size=(1,), stride=(1,))
            (k): Linear(in_features=90, out_features=90, bias=True)
            (v): Linear(in_features=90, out_features=180, bias=True)
            (norm_act): Sequential(
              (0): LayerNorm((90,), eps=1e-05, elementwise_affine=True)
              (1): GELU(approximate='none')
            )
            (cpe): Conv2d(180, 180, kernel_size=(3, 3), stride=(1, 1), padding=(1, 1), groups=180)
            (proj): Linear(in_features=180, out_features=180, bias=True)
            (attn_drop): Dropout(p=0.0, inplace=False)
            (proj_drop): Dropout(p=0.0, inplace=False)
          )
          (drop_path): DropPath(drop_prob=0.031)
          (mlp): MLP(
            (fc1): Linear(in_features=180, out_features=360, bias=True)
            (act): GELU(approximate='none')
            (sg): Gate(
              (norm): LayerNorm((180,), eps=1e-05, elementwise_affine=True)
              (conv): Conv2d(180, 180, kernel_size=(3, 3), stride=(1, 1), padding=(1, 1), groups=180)
            )
            (fc2): Linear(in_features=180, out_features=180, bias=True)
            (drop): Dropout(p=0.0, inplace=False)
          )
          (norm2): LayerNorm((180,), eps=1e-05, elementwise_affine=True)
        )
      )
      (conv): Conv2d(180, 180, kernel_size=(3, 3), stride=(1, 1), padding=(1, 1))
    )
    (2): ResidualGroup(
      (blocks): ModuleList(
        (0): Block(
          (norm1): LayerNorm((180,), eps=1e-05, elementwise_affine=True)
          (attn): LCGA(
            (qkv): Linear(in_features=180, out_features=540, bias=True)
            (proj): Linear(in_features=180, out_features=180, bias=True)
            (proj_drop): Dropout(p=0.0, inplace=False)
            (attns): ModuleList(
              (0-1): 2 x WindowAttention(
                (pos): DynamicPosBias(
                  (pos_proj): Linear(in_features=2, out_features=5, bias=True)
                  (pos1): Sequential(
                    (0): LayerNorm((5,), eps=1e-05, elementwise_affine=True)
                    (1): ReLU(inplace=True)
                    (2): Linear(in_features=5, out_features=5, bias=True)
                  )
                  (pos2): Sequential(
                    (0): LayerNorm((5,), eps=1e-05, elementwise_affine=True)
                    (1): ReLU(inplace=True)
                    (2): Linear(in_features=5, out_features=5, bias=True)
                  )
                  (pos3): Sequential(
                    (0): LayerNorm((5,), eps=1e-05, elementwise_affine=True)
                    (1): ReLU(inplace=True)
                    (2): Linear(in_features=5, out_features=3, bias=True)
                  )
                )
                (curvature_conv): Conv2d(90, 90, kernel_size=(3, 3), stride=(1, 1), padding=(1, 1), groups=90, bias=False)
                (attn_drop): Dropout(p=0.0, inplace=False)
              )
            )
            (get_v): Conv2d(180, 180, kernel_size=(3, 3), stride=(1, 1), padding=(1, 1), groups=180)
          )
          (drop_path): DropPath(drop_prob=0.034)
          (mlp): MLP(
            (fc1): Linear(in_features=180, out_features=360, bias=True)
            (act): GELU(approximate='none')
            (sg): Gate(
              (norm): LayerNorm((180,), eps=1e-05, elementwise_affine=True)
              (conv): Conv2d(180, 180, kernel_size=(3, 3), stride=(1, 1), padding=(1, 1), groups=180)
            )
            (fc2): Linear(in_features=180, out_features=180, bias=True)
            (drop): Dropout(p=0.0, inplace=False)
          )
          (norm2): LayerNorm((180,), eps=1e-05, elementwise_affine=True)
        )
        (1): Block(
          (norm1): LayerNorm((180,), eps=1e-05, elementwise_affine=True)
          (attn): CGTA(
            (curvature_conv): Conv2d(180, 180, kernel_size=(3, 3), stride=(1, 1), padding=(1, 1), groups=180, bias=False)
            (gate): RetentionGate(
              (ret_gate): Sequential(
                (0): Linear(in_features=180, out_features=90, bias=True)
                (1): ReLU()
                (2): Linear(in_features=90, out_features=1, bias=True)
                (3): Sigmoid()
              )
            )
            (q): Linear(in_features=180, out_features=90, bias=True)
            (kv_reduce): Conv1d(180, 90, kernel_size=(1,), stride=(1,))
            (k): Linear(in_features=90, out_features=90, bias=True)
            (v): Linear(in_features=90, out_features=180, bias=True)
            (norm_act): Sequential(
              (0): LayerNorm((90,), eps=1e-05, elementwise_affine=True)
              (1): GELU(approximate='none')
            )
            (cpe): Conv2d(180, 180, kernel_size=(3, 3), stride=(1, 1), padding=(1, 1), groups=180)
            (proj): Linear(in_features=180, out_features=180, bias=True)
            (attn_drop): Dropout(p=0.0, inplace=False)
            (proj_drop): Dropout(p=0.0, inplace=False)
          )
          (drop_path): DropPath(drop_prob=0.037)
          (mlp): MLP(
            (fc1): Linear(in_features=180, out_features=360, bias=True)
            (act): GELU(approximate='none')
            (sg): Gate(
              (norm): LayerNorm((180,), eps=1e-05, elementwise_affine=True)
              (conv): Conv2d(180, 180, kernel_size=(3, 3), stride=(1, 1), padding=(1, 1), groups=180)
            )
            (fc2): Linear(in_features=180, out_features=180, bias=True)
            (drop): Dropout(p=0.0, inplace=False)
          )
          (norm2): LayerNorm((180,), eps=1e-05, elementwise_affine=True)
        )
        (2): Block(
          (norm1): LayerNorm((180,), eps=1e-05, elementwise_affine=True)
          (attn): LCGA(
            (qkv): Linear(in_features=180, out_features=540, bias=True)
            (proj): Linear(in_features=180, out_features=180, bias=True)
            (proj_drop): Dropout(p=0.0, inplace=False)
            (attns): ModuleList(
              (0-1): 2 x WindowAttention(
                (pos): DynamicPosBias(
                  (pos_proj): Linear(in_features=2, out_features=5, bias=True)
                  (pos1): Sequential(
                    (0): LayerNorm((5,), eps=1e-05, elementwise_affine=True)
                    (1): ReLU(inplace=True)
                    (2): Linear(in_features=5, out_features=5, bias=True)
                  )
                  (pos2): Sequential(
                    (0): LayerNorm((5,), eps=1e-05, elementwise_affine=True)
                    (1): ReLU(inplace=True)
                    (2): Linear(in_features=5, out_features=5, bias=True)
                  )
                  (pos3): Sequential(
                    (0): LayerNorm((5,), eps=1e-05, elementwise_affine=True)
                    (1): ReLU(inplace=True)
                    (2): Linear(in_features=5, out_features=3, bias=True)
                  )
                )
                (curvature_conv): Conv2d(90, 90, kernel_size=(3, 3), stride=(1, 1), padding=(1, 1), groups=90, bias=False)
                (attn_drop): Dropout(p=0.0, inplace=False)
              )
            )
            (get_v): Conv2d(180, 180, kernel_size=(3, 3), stride=(1, 1), padding=(1, 1), groups=180)
          )
          (drop_path): DropPath(drop_prob=0.040)
          (mlp): MLP(
            (fc1): Linear(in_features=180, out_features=360, bias=True)
            (act): GELU(approximate='none')
            (sg): Gate(
              (norm): LayerNorm((180,), eps=1e-05, elementwise_affine=True)
              (conv): Conv2d(180, 180, kernel_size=(3, 3), stride=(1, 1), padding=(1, 1), groups=180)
            )
            (fc2): Linear(in_features=180, out_features=180, bias=True)
            (drop): Dropout(p=0.0, inplace=False)
          )
          (norm2): LayerNorm((180,), eps=1e-05, elementwise_affine=True)
        )
        (3): Block(
          (norm1): LayerNorm((180,), eps=1e-05, elementwise_affine=True)
          (attn): CGTA(
            (curvature_conv): Conv2d(180, 180, kernel_size=(3, 3), stride=(1, 1), padding=(1, 1), groups=180, bias=False)
            (gate): RetentionGate(
              (ret_gate): Sequential(
                (0): Linear(in_features=180, out_features=90, bias=True)
                (1): ReLU()
                (2): Linear(in_features=90, out_features=1, bias=True)
                (3): Sigmoid()
              )
            )
            (q): Linear(in_features=180, out_features=90, bias=True)
            (kv_reduce): Conv1d(180, 90, kernel_size=(1,), stride=(1,))
            (k): Linear(in_features=90, out_features=90, bias=True)
            (v): Linear(in_features=90, out_features=180, bias=True)
            (norm_act): Sequential(
              (0): LayerNorm((90,), eps=1e-05, elementwise_affine=True)
              (1): GELU(approximate='none')
            )
            (cpe): Conv2d(180, 180, kernel_size=(3, 3), stride=(1, 1), padding=(1, 1), groups=180)
            (proj): Linear(in_features=180, out_features=180, bias=True)
            (attn_drop): Dropout(p=0.0, inplace=False)
            (proj_drop): Dropout(p=0.0, inplace=False)
          )
          (drop_path): DropPath(drop_prob=0.043)
          (mlp): MLP(
            (fc1): Linear(in_features=180, out_features=360, bias=True)
            (act): GELU(approximate='none')
            (sg): Gate(
              (norm): LayerNorm((180,), eps=1e-05, elementwise_affine=True)
              (conv): Conv2d(180, 180, kernel_size=(3, 3), stride=(1, 1), padding=(1, 1), groups=180)
            )
            (fc2): Linear(in_features=180, out_features=180, bias=True)
            (drop): Dropout(p=0.0, inplace=False)
          )
          (norm2): LayerNorm((180,), eps=1e-05, elementwise_affine=True)
        )
        (4): Block(
          (norm1): LayerNorm((180,), eps=1e-05, elementwise_affine=True)
          (attn): LCGA(
            (qkv): Linear(in_features=180, out_features=540, bias=True)
            (proj): Linear(in_features=180, out_features=180, bias=True)
            (proj_drop): Dropout(p=0.0, inplace=False)
            (attns): ModuleList(
              (0-1): 2 x WindowAttention(
                (pos): DynamicPosBias(
                  (pos_proj): Linear(in_features=2, out_features=5, bias=True)
                  (pos1): Sequential(
                    (0): LayerNorm((5,), eps=1e-05, elementwise_affine=True)
                    (1): ReLU(inplace=True)
                    (2): Linear(in_features=5, out_features=5, bias=True)
                  )
                  (pos2): Sequential(
                    (0): LayerNorm((5,), eps=1e-05, elementwise_affine=True)
                    (1): ReLU(inplace=True)
                    (2): Linear(in_features=5, out_features=5, bias=True)
                  )
                  (pos3): Sequential(
                    (0): LayerNorm((5,), eps=1e-05, elementwise_affine=True)
                    (1): ReLU(inplace=True)
                    (2): Linear(in_features=5, out_features=3, bias=True)
                  )
                )
                (curvature_conv): Conv2d(90, 90, kernel_size=(3, 3), stride=(1, 1), padding=(1, 1), groups=90, bias=False)
                (attn_drop): Dropout(p=0.0, inplace=False)
              )
            )
            (get_v): Conv2d(180, 180, kernel_size=(3, 3), stride=(1, 1), padding=(1, 1), groups=180)
          )
          (drop_path): DropPath(drop_prob=0.046)
          (mlp): MLP(
            (fc1): Linear(in_features=180, out_features=360, bias=True)
            (act): GELU(approximate='none')
            (sg): Gate(
              (norm): LayerNorm((180,), eps=1e-05, elementwise_affine=True)
              (conv): Conv2d(180, 180, kernel_size=(3, 3), stride=(1, 1), padding=(1, 1), groups=180)
            )
            (fc2): Linear(in_features=180, out_features=180, bias=True)
            (drop): Dropout(p=0.0, inplace=False)
          )
          (norm2): LayerNorm((180,), eps=1e-05, elementwise_affine=True)
        )
        (5): Block(
          (norm1): LayerNorm((180,), eps=1e-05, elementwise_affine=True)
          (attn): CGTA(
            (curvature_conv): Conv2d(180, 180, kernel_size=(3, 3), stride=(1, 1), padding=(1, 1), groups=180, bias=False)
            (gate): RetentionGate(
              (ret_gate): Sequential(
                (0): Linear(in_features=180, out_features=90, bias=True)
                (1): ReLU()
                (2): Linear(in_features=90, out_features=1, bias=True)
                (3): Sigmoid()
              )
            )
            (q): Linear(in_features=180, out_features=90, bias=True)
            (kv_reduce): Conv1d(180, 90, kernel_size=(1,), stride=(1,))
            (k): Linear(in_features=90, out_features=90, bias=True)
            (v): Linear(in_features=90, out_features=180, bias=True)
            (norm_act): Sequential(
              (0): LayerNorm((90,), eps=1e-05, elementwise_affine=True)
              (1): GELU(approximate='none')
            )
            (cpe): Conv2d(180, 180, kernel_size=(3, 3), stride=(1, 1), padding=(1, 1), groups=180)
            (proj): Linear(in_features=180, out_features=180, bias=True)
            (attn_drop): Dropout(p=0.0, inplace=False)
            (proj_drop): Dropout(p=0.0, inplace=False)
          )
          (drop_path): DropPath(drop_prob=0.049)
          (mlp): MLP(
            (fc1): Linear(in_features=180, out_features=360, bias=True)
            (act): GELU(approximate='none')
            (sg): Gate(
              (norm): LayerNorm((180,), eps=1e-05, elementwise_affine=True)
              (conv): Conv2d(180, 180, kernel_size=(3, 3), stride=(1, 1), padding=(1, 1), groups=180)
            )
            (fc2): Linear(in_features=180, out_features=180, bias=True)
            (drop): Dropout(p=0.0, inplace=False)
          )
          (norm2): LayerNorm((180,), eps=1e-05, elementwise_affine=True)
        )
      )
      (conv): Conv2d(180, 180, kernel_size=(3, 3), stride=(1, 1), padding=(1, 1))
    )
    (3): ResidualGroup(
      (blocks): ModuleList(
        (0): Block(
          (norm1): LayerNorm((180,), eps=1e-05, elementwise_affine=True)
          (attn): LCGA(
            (qkv): Linear(in_features=180, out_features=540, bias=True)
            (proj): Linear(in_features=180, out_features=180, bias=True)
            (proj_drop): Dropout(p=0.0, inplace=False)
            (attns): ModuleList(
              (0-1): 2 x WindowAttention(
                (pos): DynamicPosBias(
                  (pos_proj): Linear(in_features=2, out_features=5, bias=True)
                  (pos1): Sequential(
                    (0): LayerNorm((5,), eps=1e-05, elementwise_affine=True)
                    (1): ReLU(inplace=True)
                    (2): Linear(in_features=5, out_features=5, bias=True)
                  )
                  (pos2): Sequential(
                    (0): LayerNorm((5,), eps=1e-05, elementwise_affine=True)
                    (1): ReLU(inplace=True)
                    (2): Linear(in_features=5, out_features=5, bias=True)
                  )
                  (pos3): Sequential(
                    (0): LayerNorm((5,), eps=1e-05, elementwise_affine=True)
                    (1): ReLU(inplace=True)
                    (2): Linear(in_features=5, out_features=3, bias=True)
                  )
                )
                (curvature_conv): Conv2d(90, 90, kernel_size=(3, 3), stride=(1, 1), padding=(1, 1), groups=90, bias=False)
                (attn_drop): Dropout(p=0.0, inplace=False)
              )
            )
            (get_v): Conv2d(180, 180, kernel_size=(3, 3), stride=(1, 1), padding=(1, 1), groups=180)
          )
          (drop_path): DropPath(drop_prob=0.051)
          (mlp): MLP(
            (fc1): Linear(in_features=180, out_features=360, bias=True)
            (act): GELU(approximate='none')
            (sg): Gate(
              (norm): LayerNorm((180,), eps=1e-05, elementwise_affine=True)
              (conv): Conv2d(180, 180, kernel_size=(3, 3), stride=(1, 1), padding=(1, 1), groups=180)
            )
            (fc2): Linear(in_features=180, out_features=180, bias=True)
            (drop): Dropout(p=0.0, inplace=False)
          )
          (norm2): LayerNorm((180,), eps=1e-05, elementwise_affine=True)
        )
        (1): Block(
          (norm1): LayerNorm((180,), eps=1e-05, elementwise_affine=True)
          (attn): CGTA(
            (curvature_conv): Conv2d(180, 180, kernel_size=(3, 3), stride=(1, 1), padding=(1, 1), groups=180, bias=False)
            (gate): RetentionGate(
              (ret_gate): Sequential(
                (0): Linear(in_features=180, out_features=90, bias=True)
                (1): ReLU()
                (2): Linear(in_features=90, out_features=1, bias=True)
                (3): Sigmoid()
              )
            )
            (q): Linear(in_features=180, out_features=90, bias=True)
            (kv_reduce): Conv1d(180, 90, kernel_size=(1,), stride=(1,))
            (k): Linear(in_features=90, out_features=90, bias=True)
            (v): Linear(in_features=90, out_features=180, bias=True)
            (norm_act): Sequential(
              (0): LayerNorm((90,), eps=1e-05, elementwise_affine=True)
              (1): GELU(approximate='none')
            )
            (cpe): Conv2d(180, 180, kernel_size=(3, 3), stride=(1, 1), padding=(1, 1), groups=180)
            (proj): Linear(in_features=180, out_features=180, bias=True)
            (attn_drop): Dropout(p=0.0, inplace=False)
            (proj_drop): Dropout(p=0.0, inplace=False)
          )
          (drop_path): DropPath(drop_prob=0.054)
          (mlp): MLP(
            (fc1): Linear(in_features=180, out_features=360, bias=True)
            (act): GELU(approximate='none')
            (sg): Gate(
              (norm): LayerNorm((180,), eps=1e-05, elementwise_affine=True)
              (conv): Conv2d(180, 180, kernel_size=(3, 3), stride=(1, 1), padding=(1, 1), groups=180)
            )
            (fc2): Linear(in_features=180, out_features=180, bias=True)
            (drop): Dropout(p=0.0, inplace=False)
          )
          (norm2): LayerNorm((180,), eps=1e-05, elementwise_affine=True)
        )
        (2): Block(
          (norm1): LayerNorm((180,), eps=1e-05, elementwise_affine=True)
          (attn): LCGA(
            (qkv): Linear(in_features=180, out_features=540, bias=True)
            (proj): Linear(in_features=180, out_features=180, bias=True)
            (proj_drop): Dropout(p=0.0, inplace=False)
            (attns): ModuleList(
              (0-1): 2 x WindowAttention(
                (pos): DynamicPosBias(
                  (pos_proj): Linear(in_features=2, out_features=5, bias=True)
                  (pos1): Sequential(
                    (0): LayerNorm((5,), eps=1e-05, elementwise_affine=True)
                    (1): ReLU(inplace=True)
                    (2): Linear(in_features=5, out_features=5, bias=True)
                  )
                  (pos2): Sequential(
                    (0): LayerNorm((5,), eps=1e-05, elementwise_affine=True)
                    (1): ReLU(inplace=True)
                    (2): Linear(in_features=5, out_features=5, bias=True)
                  )
                  (pos3): Sequential(
                    (0): LayerNorm((5,), eps=1e-05, elementwise_affine=True)
                    (1): ReLU(inplace=True)
                    (2): Linear(in_features=5, out_features=3, bias=True)
                  )
                )
                (curvature_conv): Conv2d(90, 90, kernel_size=(3, 3), stride=(1, 1), padding=(1, 1), groups=90, bias=False)
                (attn_drop): Dropout(p=0.0, inplace=False)
              )
            )
            (get_v): Conv2d(180, 180, kernel_size=(3, 3), stride=(1, 1), padding=(1, 1), groups=180)
          )
          (drop_path): DropPath(drop_prob=0.057)
          (mlp): MLP(
            (fc1): Linear(in_features=180, out_features=360, bias=True)
            (act): GELU(approximate='none')
            (sg): Gate(
              (norm): LayerNorm((180,), eps=1e-05, elementwise_affine=True)
              (conv): Conv2d(180, 180, kernel_size=(3, 3), stride=(1, 1), padding=(1, 1), groups=180)
            )
            (fc2): Linear(in_features=180, out_features=180, bias=True)
            (drop): Dropout(p=0.0, inplace=False)
          )
          (norm2): LayerNorm((180,), eps=1e-05, elementwise_affine=True)
        )
        (3): Block(
          (norm1): LayerNorm((180,), eps=1e-05, elementwise_affine=True)
          (attn): CGTA(
            (curvature_conv): Conv2d(180, 180, kernel_size=(3, 3), stride=(1, 1), padding=(1, 1), groups=180, bias=False)
            (gate): RetentionGate(
              (ret_gate): Sequential(
                (0): Linear(in_features=180, out_features=90, bias=True)
                (1): ReLU()
                (2): Linear(in_features=90, out_features=1, bias=True)
                (3): Sigmoid()
              )
            )
            (q): Linear(in_features=180, out_features=90, bias=True)
            (kv_reduce): Conv1d(180, 90, kernel_size=(1,), stride=(1,))
            (k): Linear(in_features=90, out_features=90, bias=True)
            (v): Linear(in_features=90, out_features=180, bias=True)
            (norm_act): Sequential(
              (0): LayerNorm((90,), eps=1e-05, elementwise_affine=True)
              (1): GELU(approximate='none')
            )
            (cpe): Conv2d(180, 180, kernel_size=(3, 3), stride=(1, 1), padding=(1, 1), groups=180)
            (proj): Linear(in_features=180, out_features=180, bias=True)
            (attn_drop): Dropout(p=0.0, inplace=False)
            (proj_drop): Dropout(p=0.0, inplace=False)
          )
          (drop_path): DropPath(drop_prob=0.060)
          (mlp): MLP(
            (fc1): Linear(in_features=180, out_features=360, bias=True)
            (act): GELU(approximate='none')
            (sg): Gate(
              (norm): LayerNorm((180,), eps=1e-05, elementwise_affine=True)
              (conv): Conv2d(180, 180, kernel_size=(3, 3), stride=(1, 1), padding=(1, 1), groups=180)
            )
            (fc2): Linear(in_features=180, out_features=180, bias=True)
            (drop): Dropout(p=0.0, inplace=False)
          )
          (norm2): LayerNorm((180,), eps=1e-05, elementwise_affine=True)
        )
        (4): Block(
          (norm1): LayerNorm((180,), eps=1e-05, elementwise_affine=True)
          (attn): LCGA(
            (qkv): Linear(in_features=180, out_features=540, bias=True)
            (proj): Linear(in_features=180, out_features=180, bias=True)
            (proj_drop): Dropout(p=0.0, inplace=False)
            (attns): ModuleList(
              (0-1): 2 x WindowAttention(
                (pos): DynamicPosBias(
                  (pos_proj): Linear(in_features=2, out_features=5, bias=True)
                  (pos1): Sequential(
                    (0): LayerNorm((5,), eps=1e-05, elementwise_affine=True)
                    (1): ReLU(inplace=True)
                    (2): Linear(in_features=5, out_features=5, bias=True)
                  )
                  (pos2): Sequential(
                    (0): LayerNorm((5,), eps=1e-05, elementwise_affine=True)
                    (1): ReLU(inplace=True)
                    (2): Linear(in_features=5, out_features=5, bias=True)
                  )
                  (pos3): Sequential(
                    (0): LayerNorm((5,), eps=1e-05, elementwise_affine=True)
                    (1): ReLU(inplace=True)
                    (2): Linear(in_features=5, out_features=3, bias=True)
                  )
                )
                (curvature_conv): Conv2d(90, 90, kernel_size=(3, 3), stride=(1, 1), padding=(1, 1), groups=90, bias=False)
                (attn_drop): Dropout(p=0.0, inplace=False)
              )
            )
            (get_v): Conv2d(180, 180, kernel_size=(3, 3), stride=(1, 1), padding=(1, 1), groups=180)
          )
          (drop_path): DropPath(drop_prob=0.063)
          (mlp): MLP(
            (fc1): Linear(in_features=180, out_features=360, bias=True)
            (act): GELU(approximate='none')
            (sg): Gate(
              (norm): LayerNorm((180,), eps=1e-05, elementwise_affine=True)
              (conv): Conv2d(180, 180, kernel_size=(3, 3), stride=(1, 1), padding=(1, 1), groups=180)
            )
            (fc2): Linear(in_features=180, out_features=180, bias=True)
            (drop): Dropout(p=0.0, inplace=False)
          )
          (norm2): LayerNorm((180,), eps=1e-05, elementwise_affine=True)
        )
        (5): Block(
          (norm1): LayerNorm((180,), eps=1e-05, elementwise_affine=True)
          (attn): CGTA(
            (curvature_conv): Conv2d(180, 180, kernel_size=(3, 3), stride=(1, 1), padding=(1, 1), groups=180, bias=False)
            (gate): RetentionGate(
              (ret_gate): Sequential(
                (0): Linear(in_features=180, out_features=90, bias=True)
                (1): ReLU()
                (2): Linear(in_features=90, out_features=1, bias=True)
                (3): Sigmoid()
              )
            )
            (q): Linear(in_features=180, out_features=90, bias=True)
            (kv_reduce): Conv1d(180, 90, kernel_size=(1,), stride=(1,))
            (k): Linear(in_features=90, out_features=90, bias=True)
            (v): Linear(in_features=90, out_features=180, bias=True)
            (norm_act): Sequential(
              (0): LayerNorm((90,), eps=1e-05, elementwise_affine=True)
              (1): GELU(approximate='none')
            )
            (cpe): Conv2d(180, 180, kernel_size=(3, 3), stride=(1, 1), padding=(1, 1), groups=180)
            (proj): Linear(in_features=180, out_features=180, bias=True)
            (attn_drop): Dropout(p=0.0, inplace=False)
            (proj_drop): Dropout(p=0.0, inplace=False)
          )
          (drop_path): DropPath(drop_prob=0.066)
          (mlp): MLP(
            (fc1): Linear(in_features=180, out_features=360, bias=True)
            (act): GELU(approximate='none')
            (sg): Gate(
              (norm): LayerNorm((180,), eps=1e-05, elementwise_affine=True)
              (conv): Conv2d(180, 180, kernel_size=(3, 3), stride=(1, 1), padding=(1, 1), groups=180)
            )
            (fc2): Linear(in_features=180, out_features=180, bias=True)
            (drop): Dropout(p=0.0, inplace=False)
          )
          (norm2): LayerNorm((180,), eps=1e-05, elementwise_affine=True)
        )
      )
      (conv): Conv2d(180, 180, kernel_size=(3, 3), stride=(1, 1), padding=(1, 1))
    )
    (4): ResidualGroup(
      (blocks): ModuleList(
        (0): Block(
          (norm1): LayerNorm((180,), eps=1e-05, elementwise_affine=True)
          (attn): LCGA(
            (qkv): Linear(in_features=180, out_features=540, bias=True)
            (proj): Linear(in_features=180, out_features=180, bias=True)
            (proj_drop): Dropout(p=0.0, inplace=False)
            (attns): ModuleList(
              (0-1): 2 x WindowAttention(
                (pos): DynamicPosBias(
                  (pos_proj): Linear(in_features=2, out_features=5, bias=True)
                  (pos1): Sequential(
                    (0): LayerNorm((5,), eps=1e-05, elementwise_affine=True)
                    (1): ReLU(inplace=True)
                    (2): Linear(in_features=5, out_features=5, bias=True)
                  )
                  (pos2): Sequential(
                    (0): LayerNorm((5,), eps=1e-05, elementwise_affine=True)
                    (1): ReLU(inplace=True)
                    (2): Linear(in_features=5, out_features=5, bias=True)
                  )
                  (pos3): Sequential(
                    (0): LayerNorm((5,), eps=1e-05, elementwise_affine=True)
                    (1): ReLU(inplace=True)
                    (2): Linear(in_features=5, out_features=3, bias=True)
                  )
                )
                (curvature_conv): Conv2d(90, 90, kernel_size=(3, 3), stride=(1, 1), padding=(1, 1), groups=90, bias=False)
                (attn_drop): Dropout(p=0.0, inplace=False)
              )
            )
            (get_v): Conv2d(180, 180, kernel_size=(3, 3), stride=(1, 1), padding=(1, 1), groups=180)
          )
          (drop_path): DropPath(drop_prob=0.069)
          (mlp): MLP(
            (fc1): Linear(in_features=180, out_features=360, bias=True)
            (act): GELU(approximate='none')
            (sg): Gate(
              (norm): LayerNorm((180,), eps=1e-05, elementwise_affine=True)
              (conv): Conv2d(180, 180, kernel_size=(3, 3), stride=(1, 1), padding=(1, 1), groups=180)
            )
            (fc2): Linear(in_features=180, out_features=180, bias=True)
            (drop): Dropout(p=0.0, inplace=False)
          )
          (norm2): LayerNorm((180,), eps=1e-05, elementwise_affine=True)
        )
        (1): Block(
          (norm1): LayerNorm((180,), eps=1e-05, elementwise_affine=True)
          (attn): CGTA(
            (curvature_conv): Conv2d(180, 180, kernel_size=(3, 3), stride=(1, 1), padding=(1, 1), groups=180, bias=False)
            (gate): RetentionGate(
              (ret_gate): Sequential(
                (0): Linear(in_features=180, out_features=90, bias=True)
                (1): ReLU()
                (2): Linear(in_features=90, out_features=1, bias=True)
                (3): Sigmoid()
              )
            )
            (q): Linear(in_features=180, out_features=90, bias=True)
            (kv_reduce): Conv1d(180, 90, kernel_size=(1,), stride=(1,))
            (k): Linear(in_features=90, out_features=90, bias=True)
            (v): Linear(in_features=90, out_features=180, bias=True)
            (norm_act): Sequential(
              (0): LayerNorm((90,), eps=1e-05, elementwise_affine=True)
              (1): GELU(approximate='none')
            )
            (cpe): Conv2d(180, 180, kernel_size=(3, 3), stride=(1, 1), padding=(1, 1), groups=180)
            (proj): Linear(in_features=180, out_features=180, bias=True)
            (attn_drop): Dropout(p=0.0, inplace=False)
            (proj_drop): Dropout(p=0.0, inplace=False)
          )
          (drop_path): DropPath(drop_prob=0.071)
          (mlp): MLP(
            (fc1): Linear(in_features=180, out_features=360, bias=True)
            (act): GELU(approximate='none')
            (sg): Gate(
              (norm): LayerNorm((180,), eps=1e-05, elementwise_affine=True)
              (conv): Conv2d(180, 180, kernel_size=(3, 3), stride=(1, 1), padding=(1, 1), groups=180)
            )
            (fc2): Linear(in_features=180, out_features=180, bias=True)
            (drop): Dropout(p=0.0, inplace=False)
          )
          (norm2): LayerNorm((180,), eps=1e-05, elementwise_affine=True)
        )
        (2): Block(
          (norm1): LayerNorm((180,), eps=1e-05, elementwise_affine=True)
          (attn): LCGA(
            (qkv): Linear(in_features=180, out_features=540, bias=True)
            (proj): Linear(in_features=180, out_features=180, bias=True)
            (proj_drop): Dropout(p=0.0, inplace=False)
            (attns): ModuleList(
              (0-1): 2 x WindowAttention(
                (pos): DynamicPosBias(
                  (pos_proj): Linear(in_features=2, out_features=5, bias=True)
                  (pos1): Sequential(
                    (0): LayerNorm((5,), eps=1e-05, elementwise_affine=True)
                    (1): ReLU(inplace=True)
                    (2): Linear(in_features=5, out_features=5, bias=True)
                  )
                  (pos2): Sequential(
                    (0): LayerNorm((5,), eps=1e-05, elementwise_affine=True)
                    (1): ReLU(inplace=True)
                    (2): Linear(in_features=5, out_features=5, bias=True)
                  )
                  (pos3): Sequential(
                    (0): LayerNorm((5,), eps=1e-05, elementwise_affine=True)
                    (1): ReLU(inplace=True)
                    (2): Linear(in_features=5, out_features=3, bias=True)
                  )
                )
                (curvature_conv): Conv2d(90, 90, kernel_size=(3, 3), stride=(1, 1), padding=(1, 1), groups=90, bias=False)
                (attn_drop): Dropout(p=0.0, inplace=False)
              )
            )
            (get_v): Conv2d(180, 180, kernel_size=(3, 3), stride=(1, 1), padding=(1, 1), groups=180)
          )
          (drop_path): DropPath(drop_prob=0.074)
          (mlp): MLP(
            (fc1): Linear(in_features=180, out_features=360, bias=True)
            (act): GELU(approximate='none')
            (sg): Gate(
              (norm): LayerNorm((180,), eps=1e-05, elementwise_affine=True)
              (conv): Conv2d(180, 180, kernel_size=(3, 3), stride=(1, 1), padding=(1, 1), groups=180)
            )
            (fc2): Linear(in_features=180, out_features=180, bias=True)
            (drop): Dropout(p=0.0, inplace=False)
          )
          (norm2): LayerNorm((180,), eps=1e-05, elementwise_affine=True)
        )
        (3): Block(
          (norm1): LayerNorm((180,), eps=1e-05, elementwise_affine=True)
          (attn): CGTA(
            (curvature_conv): Conv2d(180, 180, kernel_size=(3, 3), stride=(1, 1), padding=(1, 1), groups=180, bias=False)
            (gate): RetentionGate(
              (ret_gate): Sequential(
                (0): Linear(in_features=180, out_features=90, bias=True)
                (1): ReLU()
                (2): Linear(in_features=90, out_features=1, bias=True)
                (3): Sigmoid()
              )
            )
            (q): Linear(in_features=180, out_features=90, bias=True)
            (kv_reduce): Conv1d(180, 90, kernel_size=(1,), stride=(1,))
            (k): Linear(in_features=90, out_features=90, bias=True)
            (v): Linear(in_features=90, out_features=180, bias=True)
            (norm_act): Sequential(
              (0): LayerNorm((90,), eps=1e-05, elementwise_affine=True)
              (1): GELU(approximate='none')
            )
            (cpe): Conv2d(180, 180, kernel_size=(3, 3), stride=(1, 1), padding=(1, 1), groups=180)
            (proj): Linear(in_features=180, out_features=180, bias=True)
            (attn_drop): Dropout(p=0.0, inplace=False)
            (proj_drop): Dropout(p=0.0, inplace=False)
          )
          (drop_path): DropPath(drop_prob=0.077)
          (mlp): MLP(
            (fc1): Linear(in_features=180, out_features=360, bias=True)
            (act): GELU(approximate='none')
            (sg): Gate(
              (norm): LayerNorm((180,), eps=1e-05, elementwise_affine=True)
              (conv): Conv2d(180, 180, kernel_size=(3, 3), stride=(1, 1), padding=(1, 1), groups=180)
            )
            (fc2): Linear(in_features=180, out_features=180, bias=True)
            (drop): Dropout(p=0.0, inplace=False)
          )
          (norm2): LayerNorm((180,), eps=1e-05, elementwise_affine=True)
        )
        (4): Block(
          (norm1): LayerNorm((180,), eps=1e-05, elementwise_affine=True)
          (attn): LCGA(
            (qkv): Linear(in_features=180, out_features=540, bias=True)
            (proj): Linear(in_features=180, out_features=180, bias=True)
            (proj_drop): Dropout(p=0.0, inplace=False)
            (attns): ModuleList(
              (0-1): 2 x WindowAttention(
                (pos): DynamicPosBias(
                  (pos_proj): Linear(in_features=2, out_features=5, bias=True)
                  (pos1): Sequential(
                    (0): LayerNorm((5,), eps=1e-05, elementwise_affine=True)
                    (1): ReLU(inplace=True)
                    (2): Linear(in_features=5, out_features=5, bias=True)
                  )
                  (pos2): Sequential(
                    (0): LayerNorm((5,), eps=1e-05, elementwise_affine=True)
                    (1): ReLU(inplace=True)
                    (2): Linear(in_features=5, out_features=5, bias=True)
                  )
                  (pos3): Sequential(
                    (0): LayerNorm((5,), eps=1e-05, elementwise_affine=True)
                    (1): ReLU(inplace=True)
                    (2): Linear(in_features=5, out_features=3, bias=True)
                  )
                )
                (curvature_conv): Conv2d(90, 90, kernel_size=(3, 3), stride=(1, 1), padding=(1, 1), groups=90, bias=False)
                (attn_drop): Dropout(p=0.0, inplace=False)
              )
            )
            (get_v): Conv2d(180, 180, kernel_size=(3, 3), stride=(1, 1), padding=(1, 1), groups=180)
          )
          (drop_path): DropPath(drop_prob=0.080)
          (mlp): MLP(
            (fc1): Linear(in_features=180, out_features=360, bias=True)
            (act): GELU(approximate='none')
            (sg): Gate(
              (norm): LayerNorm((180,), eps=1e-05, elementwise_affine=True)
              (conv): Conv2d(180, 180, kernel_size=(3, 3), stride=(1, 1), padding=(1, 1), groups=180)
            )
            (fc2): Linear(in_features=180, out_features=180, bias=True)
            (drop): Dropout(p=0.0, inplace=False)
          )
          (norm2): LayerNorm((180,), eps=1e-05, elementwise_affine=True)
        )
        (5): Block(
          (norm1): LayerNorm((180,), eps=1e-05, elementwise_affine=True)
          (attn): CGTA(
            (curvature_conv): Conv2d(180, 180, kernel_size=(3, 3), stride=(1, 1), padding=(1, 1), groups=180, bias=False)
            (gate): RetentionGate(
              (ret_gate): Sequential(
                (0): Linear(in_features=180, out_features=90, bias=True)
                (1): ReLU()
                (2): Linear(in_features=90, out_features=1, bias=True)
                (3): Sigmoid()
              )
            )
            (q): Linear(in_features=180, out_features=90, bias=True)
            (kv_reduce): Conv1d(180, 90, kernel_size=(1,), stride=(1,))
            (k): Linear(in_features=90, out_features=90, bias=True)
            (v): Linear(in_features=90, out_features=180, bias=True)
            (norm_act): Sequential(
              (0): LayerNorm((90,), eps=1e-05, elementwise_affine=True)
              (1): GELU(approximate='none')
            )
            (cpe): Conv2d(180, 180, kernel_size=(3, 3), stride=(1, 1), padding=(1, 1), groups=180)
            (proj): Linear(in_features=180, out_features=180, bias=True)
            (attn_drop): Dropout(p=0.0, inplace=False)
            (proj_drop): Dropout(p=0.0, inplace=False)
          )
          (drop_path): DropPath(drop_prob=0.083)
          (mlp): MLP(
            (fc1): Linear(in_features=180, out_features=360, bias=True)
            (act): GELU(approximate='none')
            (sg): Gate(
              (norm): LayerNorm((180,), eps=1e-05, elementwise_affine=True)
              (conv): Conv2d(180, 180, kernel_size=(3, 3), stride=(1, 1), padding=(1, 1), groups=180)
            )
            (fc2): Linear(in_features=180, out_features=180, bias=True)
            (drop): Dropout(p=0.0, inplace=False)
          )
          (norm2): LayerNorm((180,), eps=1e-05, elementwise_affine=True)
        )
      )
      (conv): Conv2d(180, 180, kernel_size=(3, 3), stride=(1, 1), padding=(1, 1))
    )
    (5): ResidualGroup(
      (blocks): ModuleList(
        (0): Block(
          (norm1): LayerNorm((180,), eps=1e-05, elementwise_affine=True)
          (attn): LCGA(
            (qkv): Linear(in_features=180, out_features=540, bias=True)
            (proj): Linear(in_features=180, out_features=180, bias=True)
            (proj_drop): Dropout(p=0.0, inplace=False)
            (attns): ModuleList(
              (0-1): 2 x WindowAttention(
                (pos): DynamicPosBias(
                  (pos_proj): Linear(in_features=2, out_features=5, bias=True)
                  (pos1): Sequential(
                    (0): LayerNorm((5,), eps=1e-05, elementwise_affine=True)
                    (1): ReLU(inplace=True)
                    (2): Linear(in_features=5, out_features=5, bias=True)
                  )
                  (pos2): Sequential(
                    (0): LayerNorm((5,), eps=1e-05, elementwise_affine=True)
                    (1): ReLU(inplace=True)
                    (2): Linear(in_features=5, out_features=5, bias=True)
                  )
                  (pos3): Sequential(
                    (0): LayerNorm((5,), eps=1e-05, elementwise_affine=True)
                    (1): ReLU(inplace=True)
                    (2): Linear(in_features=5, out_features=3, bias=True)
                  )
                )
                (curvature_conv): Conv2d(90, 90, kernel_size=(3, 3), stride=(1, 1), padding=(1, 1), groups=90, bias=False)
                (attn_drop): Dropout(p=0.0, inplace=False)
              )
            )
            (get_v): Conv2d(180, 180, kernel_size=(3, 3), stride=(1, 1), padding=(1, 1), groups=180)
          )
          (drop_path): DropPath(drop_prob=0.086)
          (mlp): MLP(
            (fc1): Linear(in_features=180, out_features=360, bias=True)
            (act): GELU(approximate='none')
            (sg): Gate(
              (norm): LayerNorm((180,), eps=1e-05, elementwise_affine=True)
              (conv): Conv2d(180, 180, kernel_size=(3, 3), stride=(1, 1), padding=(1, 1), groups=180)
            )
            (fc2): Linear(in_features=180, out_features=180, bias=True)
            (drop): Dropout(p=0.0, inplace=False)
          )
          (norm2): LayerNorm((180,), eps=1e-05, elementwise_affine=True)
        )
        (1): Block(
          (norm1): LayerNorm((180,), eps=1e-05, elementwise_affine=True)
          (attn): CGTA(
            (curvature_conv): Conv2d(180, 180, kernel_size=(3, 3), stride=(1, 1), padding=(1, 1), groups=180, bias=False)
            (gate): RetentionGate(
              (ret_gate): Sequential(
                (0): Linear(in_features=180, out_features=90, bias=True)
                (1): ReLU()
                (2): Linear(in_features=90, out_features=1, bias=True)
                (3): Sigmoid()
              )
            )
            (q): Linear(in_features=180, out_features=90, bias=True)
            (kv_reduce): Conv1d(180, 90, kernel_size=(1,), stride=(1,))
            (k): Linear(in_features=90, out_features=90, bias=True)
            (v): Linear(in_features=90, out_features=180, bias=True)
            (norm_act): Sequential(
              (0): LayerNorm((90,), eps=1e-05, elementwise_affine=True)
              (1): GELU(approximate='none')
            )
            (cpe): Conv2d(180, 180, kernel_size=(3, 3), stride=(1, 1), padding=(1, 1), groups=180)
            (proj): Linear(in_features=180, out_features=180, bias=True)
            (attn_drop): Dropout(p=0.0, inplace=False)
            (proj_drop): Dropout(p=0.0, inplace=False)
          )
          (drop_path): DropPath(drop_prob=0.089)
          (mlp): MLP(
            (fc1): Linear(in_features=180, out_features=360, bias=True)
            (act): GELU(approximate='none')
            (sg): Gate(
              (norm): LayerNorm((180,), eps=1e-05, elementwise_affine=True)
              (conv): Conv2d(180, 180, kernel_size=(3, 3), stride=(1, 1), padding=(1, 1), groups=180)
            )
            (fc2): Linear(in_features=180, out_features=180, bias=True)
            (drop): Dropout(p=0.0, inplace=False)
          )
          (norm2): LayerNorm((180,), eps=1e-05, elementwise_affine=True)
        )
        (2): Block(
          (norm1): LayerNorm((180,), eps=1e-05, elementwise_affine=True)
          (attn): LCGA(
            (qkv): Linear(in_features=180, out_features=540, bias=True)
            (proj): Linear(in_features=180, out_features=180, bias=True)
            (proj_drop): Dropout(p=0.0, inplace=False)
            (attns): ModuleList(
              (0-1): 2 x WindowAttention(
                (pos): DynamicPosBias(
                  (pos_proj): Linear(in_features=2, out_features=5, bias=True)
                  (pos1): Sequential(
                    (0): LayerNorm((5,), eps=1e-05, elementwise_affine=True)
                    (1): ReLU(inplace=True)
                    (2): Linear(in_features=5, out_features=5, bias=True)
                  )
                  (pos2): Sequential(
                    (0): LayerNorm((5,), eps=1e-05, elementwise_affine=True)
                    (1): ReLU(inplace=True)
                    (2): Linear(in_features=5, out_features=5, bias=True)
                  )
                  (pos3): Sequential(
                    (0): LayerNorm((5,), eps=1e-05, elementwise_affine=True)
                    (1): ReLU(inplace=True)
                    (2): Linear(in_features=5, out_features=3, bias=True)
                  )
                )
                (curvature_conv): Conv2d(90, 90, kernel_size=(3, 3), stride=(1, 1), padding=(1, 1), groups=90, bias=False)
                (attn_drop): Dropout(p=0.0, inplace=False)
              )
            )
            (get_v): Conv2d(180, 180, kernel_size=(3, 3), stride=(1, 1), padding=(1, 1), groups=180)
          )
          (drop_path): DropPath(drop_prob=0.091)
          (mlp): MLP(
            (fc1): Linear(in_features=180, out_features=360, bias=True)
            (act): GELU(approximate='none')
            (sg): Gate(
              (norm): LayerNorm((180,), eps=1e-05, elementwise_affine=True)
              (conv): Conv2d(180, 180, kernel_size=(3, 3), stride=(1, 1), padding=(1, 1), groups=180)
            )
            (fc2): Linear(in_features=180, out_features=180, bias=True)
            (drop): Dropout(p=0.0, inplace=False)
          )
          (norm2): LayerNorm((180,), eps=1e-05, elementwise_affine=True)
        )
        (3): Block(
          (norm1): LayerNorm((180,), eps=1e-05, elementwise_affine=True)
          (attn): CGTA(
            (curvature_conv): Conv2d(180, 180, kernel_size=(3, 3), stride=(1, 1), padding=(1, 1), groups=180, bias=False)
            (gate): RetentionGate(
              (ret_gate): Sequential(
                (0): Linear(in_features=180, out_features=90, bias=True)
                (1): ReLU()
                (2): Linear(in_features=90, out_features=1, bias=True)
                (3): Sigmoid()
              )
            )
            (q): Linear(in_features=180, out_features=90, bias=True)
            (kv_reduce): Conv1d(180, 90, kernel_size=(1,), stride=(1,))
            (k): Linear(in_features=90, out_features=90, bias=True)
            (v): Linear(in_features=90, out_features=180, bias=True)
            (norm_act): Sequential(
              (0): LayerNorm((90,), eps=1e-05, elementwise_affine=True)
              (1): GELU(approximate='none')
            )
            (cpe): Conv2d(180, 180, kernel_size=(3, 3), stride=(1, 1), padding=(1, 1), groups=180)
            (proj): Linear(in_features=180, out_features=180, bias=True)
            (attn_drop): Dropout(p=0.0, inplace=False)
            (proj_drop): Dropout(p=0.0, inplace=False)
          )
          (drop_path): DropPath(drop_prob=0.094)
          (mlp): MLP(
            (fc1): Linear(in_features=180, out_features=360, bias=True)
            (act): GELU(approximate='none')
            (sg): Gate(
              (norm): LayerNorm((180,), eps=1e-05, elementwise_affine=True)
              (conv): Conv2d(180, 180, kernel_size=(3, 3), stride=(1, 1), padding=(1, 1), groups=180)
            )
            (fc2): Linear(in_features=180, out_features=180, bias=True)
            (drop): Dropout(p=0.0, inplace=False)
          )
          (norm2): LayerNorm((180,), eps=1e-05, elementwise_affine=True)
        )
        (4): Block(
          (norm1): LayerNorm((180,), eps=1e-05, elementwise_affine=True)
          (attn): LCGA(
            (qkv): Linear(in_features=180, out_features=540, bias=True)
            (proj): Linear(in_features=180, out_features=180, bias=True)
            (proj_drop): Dropout(p=0.0, inplace=False)
            (attns): ModuleList(
              (0-1): 2 x WindowAttention(
                (pos): DynamicPosBias(
                  (pos_proj): Linear(in_features=2, out_features=5, bias=True)
                  (pos1): Sequential(
                    (0): LayerNorm((5,), eps=1e-05, elementwise_affine=True)
                    (1): ReLU(inplace=True)
                    (2): Linear(in_features=5, out_features=5, bias=True)
                  )
                  (pos2): Sequential(
                    (0): LayerNorm((5,), eps=1e-05, elementwise_affine=True)
                    (1): ReLU(inplace=True)
                    (2): Linear(in_features=5, out_features=5, bias=True)
                  )
                  (pos3): Sequential(
                    (0): LayerNorm((5,), eps=1e-05, elementwise_affine=True)
                    (1): ReLU(inplace=True)
                    (2): Linear(in_features=5, out_features=3, bias=True)
                  )
                )
                (curvature_conv): Conv2d(90, 90, kernel_size=(3, 3), stride=(1, 1), padding=(1, 1), groups=90, bias=False)
                (attn_drop): Dropout(p=0.0, inplace=False)
              )
            )
            (get_v): Conv2d(180, 180, kernel_size=(3, 3), stride=(1, 1), padding=(1, 1), groups=180)
          )
          (drop_path): DropPath(drop_prob=0.097)
          (mlp): MLP(
            (fc1): Linear(in_features=180, out_features=360, bias=True)
            (act): GELU(approximate='none')
            (sg): Gate(
              (norm): LayerNorm((180,), eps=1e-05, elementwise_affine=True)
              (conv): Conv2d(180, 180, kernel_size=(3, 3), stride=(1, 1), padding=(1, 1), groups=180)
            )
            (fc2): Linear(in_features=180, out_features=180, bias=True)
            (drop): Dropout(p=0.0, inplace=False)
          )
          (norm2): LayerNorm((180,), eps=1e-05, elementwise_affine=True)
        )
        (5): Block(
          (norm1): LayerNorm((180,), eps=1e-05, elementwise_affine=True)
          (attn): CGTA(
            (curvature_conv): Conv2d(180, 180, kernel_size=(3, 3), stride=(1, 1), padding=(1, 1), groups=180, bias=False)
            (gate): RetentionGate(
              (ret_gate): Sequential(
                (0): Linear(in_features=180, out_features=90, bias=True)
                (1): ReLU()
                (2): Linear(in_features=90, out_features=1, bias=True)
                (3): Sigmoid()
              )
            )
            (q): Linear(in_features=180, out_features=90, bias=True)
            (kv_reduce): Conv1d(180, 90, kernel_size=(1,), stride=(1,))
            (k): Linear(in_features=90, out_features=90, bias=True)
            (v): Linear(in_features=90, out_features=180, bias=True)
            (norm_act): Sequential(
              (0): LayerNorm((90,), eps=1e-05, elementwise_affine=True)
              (1): GELU(approximate='none')
            )
            (cpe): Conv2d(180, 180, kernel_size=(3, 3), stride=(1, 1), padding=(1, 1), groups=180)
            (proj): Linear(in_features=180, out_features=180, bias=True)
            (attn_drop): Dropout(p=0.0, inplace=False)
            (proj_drop): Dropout(p=0.0, inplace=False)
          )
          (drop_path): DropPath(drop_prob=0.100)
          (mlp): MLP(
            (fc1): Linear(in_features=180, out_features=360, bias=True)
            (act): GELU(approximate='none')
            (sg): Gate(
              (norm): LayerNorm((180,), eps=1e-05, elementwise_affine=True)
              (conv): Conv2d(180, 180, kernel_size=(3, 3), stride=(1, 1), padding=(1, 1), groups=180)
            )
            (fc2): Linear(in_features=180, out_features=180, bias=True)
            (drop): Dropout(p=0.0, inplace=False)
          )
          (norm2): LayerNorm((180,), eps=1e-05, elementwise_affine=True)
        )
      )
      (conv): Conv2d(180, 180, kernel_size=(3, 3), stride=(1, 1), padding=(1, 1))
    )
  )
  (norm): LayerNorm((180,), eps=1e-05, elementwise_affine=True)
  (conv_after_body): Conv2d(180, 180, kernel_size=(3, 3), stride=(1, 1), padding=(1, 1))
  (conv_before_upsample): Sequential(
    (0): Conv2d(180, 64, kernel_size=(3, 3), stride=(1, 1), padding=(1, 1))
    (1): LeakyReLU(negative_slope=0.01, inplace=True)
  )
  (upsample): Upsample(
    (0): Conv2d(64, 256, kernel_size=(3, 3), stride=(1, 1), padding=(1, 1))
    (1): PixelShuffle(upscale_factor=2)
    (2): Conv2d(64, 256, kernel_size=(3, 3), stride=(1, 1), padding=(1, 1))
    (3): PixelShuffle(upscale_factor=2)
  )
  (conv_last): Conv2d(64, 3, kernel_size=(3, 3), stride=(1, 1), padding=(1, 1))
)
Preparing loss function:
1.000 * L1

🏃 Starting training...
[Epoch 1]	Learning rate: 2.00e-4
/root/miniconda3/envs/transenet-pren/lib/python3.8/site-packages/torch/functional.py:504: UserWarning: torch.meshgrid: in an upcoming release, it will be required to pass the indexing argument. (Triggered internally at /opt/conda/conda-bld/pytorch_1695392020195/work/aten/src/ATen/native/TensorShape.cpp:3526.)
  return _VF.meshgrid(tensors, **kwargs)  # type: ignore[attr-defined]
