
libgomp: Invalid value for environment variable OMP_NUM_THREADS: 0
🚀 Enhanced Training Configuration:
Model: mt_paper
Dataset: RSSCN7
Scale: [4]
Epochs: 500
Batch Size: 4
Optimizer: ADAM
Scheduler: step
Learning Rate: 0.0002
Loss: 1*L1
WandB Enabled: False
AMP Enabled: False
Validation Every: disabled (always validate every epoch)
Save Every N Epochs: 100
DataLoader Threads: 8

📐 Model Architecture:
Width: 32
Encoder Blocks: [4, 6]
Decoder Blocks: [6, 4]
Restormer Heads: [1, 2, 4]
Middle Heads: 8
Continue from epoch 493...
Read data from binary files
Read data from binary files
Making model...
loading model from the model_latest.pt file...
MT(
  (conv_first): Conv2d(3, 96, kernel_size=(3, 3), stride=(1, 1), padding=(1, 1))
  (patch_embed): PatchEmbed(
    (proj): Conv2d(96, 96, kernel_size=(1, 1), stride=(1, 1))
    (norm): LayerNorm2d(
      (norm): LayerNorm((96,), eps=1e-06, elementwise_affine=True)
    )
  )
  (patch_unembed): PatchUnEmbed()
  (pos_drop): Dropout(p=0.0, inplace=False)
  (layers): ModuleList(
    (0-5): 6 x ResidualGroup(
      (residual_group): BasicLayer(
        (block): RSSB_MNB_Block(
          (rssb): ResidualStateSpaceBlock(
            (norm1): LayerNorm2d(
              (norm): LayerNorm((96,), eps=1e-06, elementwise_affine=True)
            )
            (vssm): Mamba2D(
              (channel_down): Conv2d(192, 48, kernel_size=(1, 1), stride=(1, 1), bias=False)
              (in_proj): Linear(in_features=96, out_features=384, bias=False)
              (conv2d): Conv2d(192, 192, kernel_size=(3, 3), stride=(1, 1), padding=(1, 1), groups=192)
              (act): SiLU()
              (restore): Linear(in_features=48, out_features=192, bias=False)
              (out_norm): LayerNorm((192,), eps=1e-05, elementwise_affine=True)
              (out_proj): Linear(in_features=192, out_features=96, bias=False)
              (dropout): Dropout(p=0.1, inplace=False)
            )
            (norm2): LayerNorm2d(
              (norm): LayerNorm((96,), eps=1e-06, elementwise_affine=True)
            )
            (conv): Conv2d(96, 96, kernel_size=(3, 3), stride=(1, 1), padding=(1, 1))
            (ca): ChannelAttention(
              (avg_pool): AdaptiveAvgPool2d(output_size=1)
              (fc): Sequential(
                (0): Conv2d(96, 12, kernel_size=(1, 1), stride=(1, 1), bias=False)
                (1): ReLU(inplace=True)
                (2): Conv2d(12, 96, kernel_size=(1, 1), stride=(1, 1), bias=False)
                (3): Sigmoid()
              )
            )
          )
          (mnb): MultiScaleNATTENBlock(
            (down): ModuleList(
              (0-2): 3 x Conv2d(32, 64, kernel_size=(1, 1), stride=(1, 1))
            )
            (blocks): ModuleList(
              (0): Sequential(
                (0): NATTENBlock(
                  (norm1): LayerNorm2d(
                    (norm): LayerNorm((64,), eps=1e-06, elementwise_affine=True)
                  )
                  (attn): NeighborhoodAttention2D(
                    head_dim=8, num_heads=8, kernel_size=(3, 3), dilation=(1, 1), is_causal=(False, False), has_bias=False
                    (qkv): Linear(in_features=64, out_features=192, bias=True)
                    (attn_drop): Dropout(p=0.0, inplace=False)
                    (proj): Linear(in_features=64, out_features=64, bias=True)
                    (proj_drop): Dropout(p=0.0, inplace=False)
                  )
                  (norm2): LayerNorm2d(
                    (norm): LayerNorm((64,), eps=1e-06, elementwise_affine=True)
                  )
                  (ffn): Sequential(
                    (0): Conv2d(64, 256, kernel_size=(1, 1), stride=(1, 1))
                    (1): GELU(approximate='none')
                    (2): Dropout(p=0.1, inplace=False)
                    (3): Conv2d(256, 64, kernel_size=(1, 1), stride=(1, 1))
                    (4): Dropout(p=0.1, inplace=False)
                  )
                )
                (1): NATTENBlock(
                  (norm1): LayerNorm2d(
                    (norm): LayerNorm((64,), eps=1e-06, elementwise_affine=True)
                  )
                  (attn): NeighborhoodAttention2D(
                    head_dim=8, num_heads=8, kernel_size=(3, 3), dilation=(1, 1), is_causal=(False, False), has_bias=False
                    (qkv): Linear(in_features=64, out_features=192, bias=True)
                    (attn_drop): Dropout(p=0.0, inplace=False)
                    (proj): Linear(in_features=64, out_features=64, bias=True)
                    (proj_drop): Dropout(p=0.0, inplace=False)
                  )
                  (norm2): LayerNorm2d(
                    (norm): LayerNorm((64,), eps=1e-06, elementwise_affine=True)
                  )
                  (ffn): Sequential(
                    (0): Conv2d(64, 256, kernel_size=(1, 1), stride=(1, 1))
                    (1): GELU(approximate='none')
                    (2): Dropout(p=0.1, inplace=False)
                    (3): Conv2d(256, 64, kernel_size=(1, 1), stride=(1, 1))
                    (4): Dropout(p=0.1, inplace=False)
                  )
                )
                (2): NATTENBlock(
                  (norm1): LayerNorm2d(
                    (norm): LayerNorm((64,), eps=1e-06, elementwise_affine=True)
                  )
                  (attn): NeighborhoodAttention2D(
                    head_dim=8, num_heads=8, kernel_size=(3, 3), dilation=(1, 1), is_causal=(False, False), has_bias=False
                    (qkv): Linear(in_features=64, out_features=192, bias=True)
                    (attn_drop): Dropout(p=0.0, inplace=False)
                    (proj): Linear(in_features=64, out_features=64, bias=True)
                    (proj_drop): Dropout(p=0.0, inplace=False)
                  )
                  (norm2): LayerNorm2d(
                    (norm): LayerNorm((64,), eps=1e-06, elementwise_affine=True)
                  )
                  (ffn): Sequential(
                    (0): Conv2d(64, 256, kernel_size=(1, 1), stride=(1, 1))
                    (1): GELU(approximate='none')
                    (2): Dropout(p=0.1, inplace=False)
                    (3): Conv2d(256, 64, kernel_size=(1, 1), stride=(1, 1))
                    (4): Dropout(p=0.1, inplace=False)
                  )
                )
                (3): NATTENBlock(
                  (norm1): LayerNorm2d(
                    (norm): LayerNorm((64,), eps=1e-06, elementwise_affine=True)
                  )
                  (attn): NeighborhoodAttention2D(
                    head_dim=8, num_heads=8, kernel_size=(3, 3), dilation=(1, 1), is_causal=(False, False), has_bias=False
                    (qkv): Linear(in_features=64, out_features=192, bias=True)
                    (attn_drop): Dropout(p=0.0, inplace=False)
                    (proj): Linear(in_features=64, out_features=64, bias=True)
                    (proj_drop): Dropout(p=0.0, inplace=False)
                  )
                  (norm2): LayerNorm2d(
                    (norm): LayerNorm((64,), eps=1e-06, elementwise_affine=True)
                  )
                  (ffn): Sequential(
                    (0): Conv2d(64, 256, kernel_size=(1, 1), stride=(1, 1))
                    (1): GELU(approximate='none')
                    (2): Dropout(p=0.1, inplace=False)
                    (3): Conv2d(256, 64, kernel_size=(1, 1), stride=(1, 1))
                    (4): Dropout(p=0.1, inplace=False)
                  )
                )
                (4): NATTENBlock(
                  (norm1): LayerNorm2d(
                    (norm): LayerNorm((64,), eps=1e-06, elementwise_affine=True)
                  )
                  (attn): NeighborhoodAttention2D(
                    head_dim=8, num_heads=8, kernel_size=(3, 3), dilation=(1, 1), is_causal=(False, False), has_bias=False
                    (qkv): Linear(in_features=64, out_features=192, bias=True)
                    (attn_drop): Dropout(p=0.0, inplace=False)
                    (proj): Linear(in_features=64, out_features=64, bias=True)
                    (proj_drop): Dropout(p=0.0, inplace=False)
                  )
                  (norm2): LayerNorm2d(
                    (norm): LayerNorm((64,), eps=1e-06, elementwise_affine=True)
                  )
                  (ffn): Sequential(
                    (0): Conv2d(64, 256, kernel_size=(1, 1), stride=(1, 1))
                    (1): GELU(approximate='none')
                    (2): Dropout(p=0.1, inplace=False)
                    (3): Conv2d(256, 64, kernel_size=(1, 1), stride=(1, 1))
                    (4): Dropout(p=0.1, inplace=False)
                  )
                )
                (5): NATTENBlock(
                  (norm1): LayerNorm2d(
                    (norm): LayerNorm((64,), eps=1e-06, elementwise_affine=True)
                  )
                  (attn): NeighborhoodAttention2D(
                    head_dim=8, num_heads=8, kernel_size=(3, 3), dilation=(1, 1), is_causal=(False, False), has_bias=False
                    (qkv): Linear(in_features=64, out_features=192, bias=True)
                    (attn_drop): Dropout(p=0.0, inplace=False)
                    (proj): Linear(in_features=64, out_features=64, bias=True)
                    (proj_drop): Dropout(p=0.0, inplace=False)
                  )
                  (norm2): LayerNorm2d(
                    (norm): LayerNorm((64,), eps=1e-06, elementwise_affine=True)
                  )
                  (ffn): Sequential(
                    (0): Conv2d(64, 256, kernel_size=(1, 1), stride=(1, 1))
                    (1): GELU(approximate='none')
                    (2): Dropout(p=0.1, inplace=False)
                    (3): Conv2d(256, 64, kernel_size=(1, 1), stride=(1, 1))
                    (4): Dropout(p=0.1, inplace=False)
                  )
                )
              )
              (1): Sequential(
                (0): NATTENBlock(
                  (norm1): LayerNorm2d(
                    (norm): LayerNorm((64,), eps=1e-06, elementwise_affine=True)
                  )
                  (attn): NeighborhoodAttention2D(
                    head_dim=8, num_heads=8, kernel_size=(5, 5), dilation=(1, 1), is_causal=(False, False), has_bias=False
                    (qkv): Linear(in_features=64, out_features=192, bias=True)
                    (attn_drop): Dropout(p=0.0, inplace=False)
                    (proj): Linear(in_features=64, out_features=64, bias=True)
                    (proj_drop): Dropout(p=0.0, inplace=False)
                  )
                  (norm2): LayerNorm2d(
                    (norm): LayerNorm((64,), eps=1e-06, elementwise_affine=True)
                  )
                  (ffn): Sequential(
                    (0): Conv2d(64, 256, kernel_size=(1, 1), stride=(1, 1))
                    (1): GELU(approximate='none')
                    (2): Dropout(p=0.1, inplace=False)
                    (3): Conv2d(256, 64, kernel_size=(1, 1), stride=(1, 1))
                    (4): Dropout(p=0.1, inplace=False)
                  )
                )
                (1): NATTENBlock(
                  (norm1): LayerNorm2d(
                    (norm): LayerNorm((64,), eps=1e-06, elementwise_affine=True)
                  )
                  (attn): NeighborhoodAttention2D(
                    head_dim=8, num_heads=8, kernel_size=(5, 5), dilation=(1, 1), is_causal=(False, False), has_bias=False
                    (qkv): Linear(in_features=64, out_features=192, bias=True)
                    (attn_drop): Dropout(p=0.0, inplace=False)
                    (proj): Linear(in_features=64, out_features=64, bias=True)
                    (proj_drop): Dropout(p=0.0, inplace=False)
                  )
                  (norm2): LayerNorm2d(
                    (norm): LayerNorm((64,), eps=1e-06, elementwise_affine=True)
                  )
                  (ffn): Sequential(
                    (0): Conv2d(64, 256, kernel_size=(1, 1), stride=(1, 1))
                    (1): GELU(approximate='none')
                    (2): Dropout(p=0.1, inplace=False)
                    (3): Conv2d(256, 64, kernel_size=(1, 1), stride=(1, 1))
                    (4): Dropout(p=0.1, inplace=False)
                  )
                )
                (2): NATTENBlock(
                  (norm1): LayerNorm2d(
                    (norm): LayerNorm((64,), eps=1e-06, elementwise_affine=True)
                  )
                  (attn): NeighborhoodAttention2D(
                    head_dim=8, num_heads=8, kernel_size=(5, 5), dilation=(1, 1), is_causal=(False, False), has_bias=False
                    (qkv): Linear(in_features=64, out_features=192, bias=True)
                    (attn_drop): Dropout(p=0.0, inplace=False)
                    (proj): Linear(in_features=64, out_features=64, bias=True)
                    (proj_drop): Dropout(p=0.0, inplace=False)
                  )
                  (norm2): LayerNorm2d(
                    (norm): LayerNorm((64,), eps=1e-06, elementwise_affine=True)
                  )
                  (ffn): Sequential(
                    (0): Conv2d(64, 256, kernel_size=(1, 1), stride=(1, 1))
                    (1): GELU(approximate='none')
                    (2): Dropout(p=0.1, inplace=False)
                    (3): Conv2d(256, 64, kernel_size=(1, 1), stride=(1, 1))
                    (4): Dropout(p=0.1, inplace=False)
                  )
                )
                (3): NATTENBlock(
                  (norm1): LayerNorm2d(
                    (norm): LayerNorm((64,), eps=1e-06, elementwise_affine=True)
                  )
                  (attn): NeighborhoodAttention2D(
                    head_dim=8, num_heads=8, kernel_size=(5, 5), dilation=(1, 1), is_causal=(False, False), has_bias=False
                    (qkv): Linear(in_features=64, out_features=192, bias=True)
                    (attn_drop): Dropout(p=0.0, inplace=False)
                    (proj): Linear(in_features=64, out_features=64, bias=True)
                    (proj_drop): Dropout(p=0.0, inplace=False)
                  )
                  (norm2): LayerNorm2d(
                    (norm): LayerNorm((64,), eps=1e-06, elementwise_affine=True)
                  )
                  (ffn): Sequential(
                    (0): Conv2d(64, 256, kernel_size=(1, 1), stride=(1, 1))
                    (1): GELU(approximate='none')
                    (2): Dropout(p=0.1, inplace=False)
                    (3): Conv2d(256, 64, kernel_size=(1, 1), stride=(1, 1))
                    (4): Dropout(p=0.1, inplace=False)
                  )
                )
                (4): NATTENBlock(
                  (norm1): LayerNorm2d(
                    (norm): LayerNorm((64,), eps=1e-06, elementwise_affine=True)
                  )
                  (attn): NeighborhoodAttention2D(
                    head_dim=8, num_heads=8, kernel_size=(5, 5), dilation=(1, 1), is_causal=(False, False), has_bias=False
                    (qkv): Linear(in_features=64, out_features=192, bias=True)
                    (attn_drop): Dropout(p=0.0, inplace=False)
                    (proj): Linear(in_features=64, out_features=64, bias=True)
                    (proj_drop): Dropout(p=0.0, inplace=False)
                  )
                  (norm2): LayerNorm2d(
                    (norm): LayerNorm((64,), eps=1e-06, elementwise_affine=True)
                  )
                  (ffn): Sequential(
                    (0): Conv2d(64, 256, kernel_size=(1, 1), stride=(1, 1))
                    (1): GELU(approximate='none')
                    (2): Dropout(p=0.1, inplace=False)
                    (3): Conv2d(256, 64, kernel_size=(1, 1), stride=(1, 1))
                    (4): Dropout(p=0.1, inplace=False)
                  )
                )
                (5): NATTENBlock(
                  (norm1): LayerNorm2d(
                    (norm): LayerNorm((64,), eps=1e-06, elementwise_affine=True)
                  )
                  (attn): NeighborhoodAttention2D(
                    head_dim=8, num_heads=8, kernel_size=(5, 5), dilation=(1, 1), is_causal=(False, False), has_bias=False
                    (qkv): Linear(in_features=64, out_features=192, bias=True)
                    (attn_drop): Dropout(p=0.0, inplace=False)
                    (proj): Linear(in_features=64, out_features=64, bias=True)
                    (proj_drop): Dropout(p=0.0, inplace=False)
                  )
                  (norm2): LayerNorm2d(
                    (norm): LayerNorm((64,), eps=1e-06, elementwise_affine=True)
                  )
                  (ffn): Sequential(
                    (0): Conv2d(64, 256, kernel_size=(1, 1), stride=(1, 1))
                    (1): GELU(approximate='none')
                    (2): Dropout(p=0.1, inplace=False)
                    (3): Conv2d(256, 64, kernel_size=(1, 1), stride=(1, 1))
                    (4): Dropout(p=0.1, inplace=False)
                  )
                )
              )
              (2): Sequential(
                (0): NATTENBlock(
                  (norm1): LayerNorm2d(
                    (norm): LayerNorm((64,), eps=1e-06, elementwise_affine=True)
                  )
                  (attn): NeighborhoodAttention2D(
                    head_dim=8, num_heads=8, kernel_size=(7, 7), dilation=(1, 1), is_causal=(False, False), has_bias=False
                    (qkv): Linear(in_features=64, out_features=192, bias=True)
                    (attn_drop): Dropout(p=0.0, inplace=False)
                    (proj): Linear(in_features=64, out_features=64, bias=True)
                    (proj_drop): Dropout(p=0.0, inplace=False)
                  )
                  (norm2): LayerNorm2d(
                    (norm): LayerNorm((64,), eps=1e-06, elementwise_affine=True)
                  )
                  (ffn): Sequential(
                    (0): Conv2d(64, 256, kernel_size=(1, 1), stride=(1, 1))
                    (1): GELU(approximate='none')
                    (2): Dropout(p=0.1, inplace=False)
                    (3): Conv2d(256, 64, kernel_size=(1, 1), stride=(1, 1))
                    (4): Dropout(p=0.1, inplace=False)
                  )
                )
                (1): NATTENBlock(
                  (norm1): LayerNorm2d(
                    (norm): LayerNorm((64,), eps=1e-06, elementwise_affine=True)
                  )
                  (attn): NeighborhoodAttention2D(
                    head_dim=8, num_heads=8, kernel_size=(7, 7), dilation=(1, 1), is_causal=(False, False), has_bias=False
                    (qkv): Linear(in_features=64, out_features=192, bias=True)
                    (attn_drop): Dropout(p=0.0, inplace=False)
                    (proj): Linear(in_features=64, out_features=64, bias=True)
                    (proj_drop): Dropout(p=0.0, inplace=False)
                  )
                  (norm2): LayerNorm2d(
                    (norm): LayerNorm((64,), eps=1e-06, elementwise_affine=True)
                  )
                  (ffn): Sequential(
                    (0): Conv2d(64, 256, kernel_size=(1, 1), stride=(1, 1))
                    (1): GELU(approximate='none')
                    (2): Dropout(p=0.1, inplace=False)
                    (3): Conv2d(256, 64, kernel_size=(1, 1), stride=(1, 1))
                    (4): Dropout(p=0.1, inplace=False)
                  )
                )
                (2): NATTENBlock(
                  (norm1): LayerNorm2d(
                    (norm): LayerNorm((64,), eps=1e-06, elementwise_affine=True)
                  )
                  (attn): NeighborhoodAttention2D(
                    head_dim=8, num_heads=8, kernel_size=(7, 7), dilation=(1, 1), is_causal=(False, False), has_bias=False
                    (qkv): Linear(in_features=64, out_features=192, bias=True)
                    (attn_drop): Dropout(p=0.0, inplace=False)
                    (proj): Linear(in_features=64, out_features=64, bias=True)
                    (proj_drop): Dropout(p=0.0, inplace=False)
                  )
                  (norm2): LayerNorm2d(
                    (norm): LayerNorm((64,), eps=1e-06, elementwise_affine=True)
                  )
                  (ffn): Sequential(
                    (0): Conv2d(64, 256, kernel_size=(1, 1), stride=(1, 1))
                    (1): GELU(approximate='none')
                    (2): Dropout(p=0.1, inplace=False)
                    (3): Conv2d(256, 64, kernel_size=(1, 1), stride=(1, 1))
                    (4): Dropout(p=0.1, inplace=False)
                  )
                )
                (3): NATTENBlock(
                  (norm1): LayerNorm2d(
                    (norm): LayerNorm((64,), eps=1e-06, elementwise_affine=True)
                  )
                  (attn): NeighborhoodAttention2D(
                    head_dim=8, num_heads=8, kernel_size=(7, 7), dilation=(1, 1), is_causal=(False, False), has_bias=False
                    (qkv): Linear(in_features=64, out_features=192, bias=True)
                    (attn_drop): Dropout(p=0.0, inplace=False)
                    (proj): Linear(in_features=64, out_features=64, bias=True)
                    (proj_drop): Dropout(p=0.0, inplace=False)
                  )
                  (norm2): LayerNorm2d(
                    (norm): LayerNorm((64,), eps=1e-06, elementwise_affine=True)
                  )
                  (ffn): Sequential(
                    (0): Conv2d(64, 256, kernel_size=(1, 1), stride=(1, 1))
                    (1): GELU(approximate='none')
                    (2): Dropout(p=0.1, inplace=False)
                    (3): Conv2d(256, 64, kernel_size=(1, 1), stride=(1, 1))
                    (4): Dropout(p=0.1, inplace=False)
                  )
                )
                (4): NATTENBlock(
                  (norm1): LayerNorm2d(
                    (norm): LayerNorm((64,), eps=1e-06, elementwise_affine=True)
                  )
                  (attn): NeighborhoodAttention2D(
                    head_dim=8, num_heads=8, kernel_size=(7, 7), dilation=(1, 1), is_causal=(False, False), has_bias=False
                    (qkv): Linear(in_features=64, out_features=192, bias=True)
                    (attn_drop): Dropout(p=0.0, inplace=False)
                    (proj): Linear(in_features=64, out_features=64, bias=True)
                    (proj_drop): Dropout(p=0.0, inplace=False)
                  )
                  (norm2): LayerNorm2d(
                    (norm): LayerNorm((64,), eps=1e-06, elementwise_affine=True)
                  )
                  (ffn): Sequential(
                    (0): Conv2d(64, 256, kernel_size=(1, 1), stride=(1, 1))
                    (1): GELU(approximate='none')
                    (2): Dropout(p=0.1, inplace=False)
                    (3): Conv2d(256, 64, kernel_size=(1, 1), stride=(1, 1))
                    (4): Dropout(p=0.1, inplace=False)
                  )
                )
                (5): NATTENBlock(
                  (norm1): LayerNorm2d(
                    (norm): LayerNorm((64,), eps=1e-06, elementwise_affine=True)
                  )
                  (attn): NeighborhoodAttention2D(
                    head_dim=8, num_heads=8, kernel_size=(7, 7), dilation=(1, 1), is_causal=(False, False), has_bias=False
                    (qkv): Linear(in_features=64, out_features=192, bias=True)
                    (attn_drop): Dropout(p=0.0, inplace=False)
                    (proj): Linear(in_features=64, out_features=64, bias=True)
                    (proj_drop): Dropout(p=0.0, inplace=False)
                  )
                  (norm2): LayerNorm2d(
                    (norm): LayerNorm((64,), eps=1e-06, elementwise_affine=True)
                  )
                  (ffn): Sequential(
                    (0): Conv2d(64, 256, kernel_size=(1, 1), stride=(1, 1))
                    (1): GELU(approximate='none')
                    (2): Dropout(p=0.1, inplace=False)
                    (3): Conv2d(256, 64, kernel_size=(1, 1), stride=(1, 1))
                    (4): Dropout(p=0.1, inplace=False)
                  )
                )
              )
            )
            (up): ModuleList(
              (0-2): 3 x Identity()
            )
            (gate_head): Sequential(
              (0): Conv2d(192, 48, kernel_size=(1, 1), stride=(1, 1))
              (1): GELU(approximate='none')
              (2): Conv2d(48, 3, kernel_size=(1, 1), stride=(1, 1))
            )
            (proj): Conv2d(64, 96, kernel_size=(1, 1), stride=(1, 1))
            (norm): Identity()
          )
        )
      )
      (conv): Conv2d(96, 96, kernel_size=(3, 3), stride=(1, 1), padding=(1, 1))
      (patch_embed): PatchEmbed(
        (proj): Conv2d(96, 96, kernel_size=(1, 1), stride=(1, 1))
        (norm): LayerNorm2d(
          (norm): LayerNorm((96,), eps=1e-06, elementwise_affine=True)
        )
      )
      (patch_unembed): PatchUnEmbed()
    )
  )
  (norm): LayerNorm2d(
    (norm): LayerNorm((96,), eps=1e-06, elementwise_affine=True)
  )
  (conv_after_body): Conv2d(96, 96, kernel_size=(3, 3), stride=(1, 1), padding=(1, 1))
  (conv_before_upsample): Sequential(
    (0): Conv2d(96, 64, kernel_size=(3, 3), stride=(1, 1), padding=(1, 1))
    (1): LeakyReLU(negative_slope=True)
  )
  (upsample): Upsample(
    (0): Conv2d(64, 256, kernel_size=(3, 3), stride=(1, 1), padding=(1, 1))
    (1): PixelShuffle(upscale_factor=2)
    (2): Conv2d(64, 256, kernel_size=(3, 3), stride=(1, 1), padding=(1, 1))
    (3): PixelShuffle(upscale_factor=2)
  )
  (conv_last): Conv2d(64, 3, kernel_size=(3, 3), stride=(1, 1), padding=(1, 1))
)
Preparing loss function:
1.000 * L1

🏃 Starting training...
[Epoch 494]	Learning rate: 5.00e-5
/root/miniconda3/envs/transenet-pren/lib/python3.8/site-packages/timm/models/layers/__init__.py:49: FutureWarning: Importing from timm.models.layers is deprecated, please import via timm.layers
  warnings.warn(f"Importing from {__name__} is deprecated, please import via timm.layers", FutureWarning)
[40/1120]	[L1: 0.0304]	4.2+0.1s
[80/1120]	[L1: 0.0292]	2.7+0.0s
[120/1120]	[L1: 0.0297]	2.2+0.0s
[160/1120]	[L1: 0.0295]	2.3+0.0s
[200/1120]	[L1: 0.0297]	2.2+0.0s
[240/1120]	[L1: 0.0298]	2.3+0.0s
[280/1120]	[L1: 0.0296]	2.2+0.0s
[320/1120]	[L1: 0.0295]	2.3+0.0s
[360/1120]	[L1: 0.0297]	2.5+0.0s
[400/1120]	[L1: 0.0300]	2.3+0.0s
[440/1120]	[L1: 0.0301]	2.3+0.0s
[480/1120]	[L1: 0.0297]	2.2+0.0s
[520/1120]	[L1: 0.0298]	2.3+0.0s
[560/1120]	[L1: 0.0298]	2.2+0.0s
[600/1120]	[L1: 0.0302]	2.3+0.0s
[640/1120]	[L1: 0.0300]	2.2+0.0s
[680/1120]	[L1: 0.0298]	2.2+0.0s
[720/1120]	[L1: 0.0299]	2.3+0.0s
[760/1120]	[L1: 0.0301]	2.2+0.0s
[800/1120]	[L1: 0.0303]	2.3+0.0s
[840/1120]	[L1: 0.0301]	2.2+0.0s
[880/1120]	[L1: 0.0302]	2.3+0.0s
[920/1120]	[L1: 0.0303]	2.2+0.0s
[960/1120]	[L1: 0.0302]	2.2+0.0s
[1000/1120]	[L1: 0.0301]	2.3+0.0s
[1040/1120]	[L1: 0.0300]	2.2+0.0s
[1080/1120]	[L1: 0.0300]	2.3+0.0s
[1120/1120]	[L1: 0.0302]	2.2+0.0s

Evaluation:
[RSSCN7 x4]	psnr: 27.774 (Best: 27.776 @epoch 492)
Total time: 7.94s

[Epoch 495]	Learning rate: 5.00e-5
[40/1120]	[L1: 0.0309]	3.9+0.0s
[80/1120]	[L1: 0.0303]	5.2+0.1s
[120/1120]	[L1: 0.0295]	4.7+0.0s
[160/1120]	[L1: 0.0305]	4.3+0.0s
[200/1120]	[L1: 0.0299]	4.4+0.0s
[240/1120]	[L1: 0.0299]	4.4+0.0s
[280/1120]	[L1: 0.0296]	4.7+0.0s
[320/1120]	[L1: 0.0299]	5.1+0.1s
[360/1120]	[L1: 0.0297]	3.9+0.0s
[400/1120]	[L1: 0.0299]	4.5+0.0s
[440/1120]	[L1: 0.0303]	4.5+0.1s
[480/1120]	[L1: 0.0301]	4.7+0.0s
[520/1120]	[L1: 0.0301]	5.3+0.1s
[560/1120]	[L1: 0.0299]	4.5+0.0s
[600/1120]	[L1: 0.0301]	4.1+0.0s
[640/1120]	[L1: 0.0301]	3.6+0.0s
[680/1120]	[L1: 0.0301]	4.2+0.0s
[720/1120]	[L1: 0.0300]	3.7+0.0s
[760/1120]	[L1: 0.0300]	4.1+0.0s
[800/1120]	[L1: 0.0301]	3.7+0.0s
[840/1120]	[L1: 0.0302]	3.9+0.0s
[880/1120]	[L1: 0.0301]	4.4+0.0s
[920/1120]	[L1: 0.0301]	4.3+0.0s
[960/1120]	[L1: 0.0300]	4.0+0.0s
[1000/1120]	[L1: 0.0301]	2.9+0.0s
[1040/1120]	[L1: 0.0301]	2.6+0.0s
[1080/1120]	[L1: 0.0301]	2.4+0.0s
[1120/1120]	[L1: 0.0301]	2.3+0.0s

Evaluation:
[RSSCN7 x4]	psnr: 27.765 (Best: 27.776 @epoch 492)
Total time: 7.30s

[Epoch 496]	Learning rate: 5.00e-5
[40/1120]	[L1: 0.0320]	2.4+0.0s
[80/1120]	[L1: 0.0320]	2.4+0.0s
[120/1120]	[L1: 0.0305]	2.3+0.0s
[160/1120]	[L1: 0.0306]	2.3+0.0s
[200/1120]	[L1: 0.0308]	2.3+0.0s
[240/1120]	[L1: 0.0305]	2.3+0.0s
[280/1120]	[L1: 0.0304]	2.3+0.0s
[320/1120]	[L1: 0.0309]	2.2+0.0s
[360/1120]	[L1: 0.0307]	2.2+0.0s
[400/1120]	[L1: 0.0305]	2.2+0.0s
[440/1120]	[L1: 0.0305]	2.3+0.0s
[480/1120]	[L1: 0.0304]	2.4+0.0s
[520/1120]	[L1: 0.0307]	2.3+0.0s
[560/1120]	[L1: 0.0308]	2.2+0.0s
[600/1120]	[L1: 0.0308]	2.3+0.0s
[640/1120]	[L1: 0.0306]	2.3+0.0s
[680/1120]	[L1: 0.0303]	2.3+0.0s
[720/1120]	[L1: 0.0305]	2.3+0.0s
[760/1120]	[L1: 0.0306]	2.3+0.0s
[800/1120]	[L1: 0.0307]	2.4+0.0s
[840/1120]	[L1: 0.0307]	2.3+0.0s
[880/1120]	[L1: 0.0304]	2.3+0.0s
[920/1120]	[L1: 0.0303]	2.3+0.0s
[960/1120]	[L1: 0.0303]	2.3+0.0s
[1000/1120]	[L1: 0.0303]	4.1+0.0s
[1040/1120]	[L1: 0.0303]	3.5+0.0s
[1080/1120]	[L1: 0.0303]	3.3+0.0s
[1120/1120]	[L1: 0.0302]	3.4+0.0s

Evaluation:
[RSSCN7 x4]	psnr: 27.765 (Best: 27.776 @epoch 492)
Total time: 10.62s

[Epoch 497]	Learning rate: 5.00e-5
[40/1120]	[L1: 0.0331]	3.2+0.1s
[80/1120]	[L1: 0.0343]	3.0+0.0s
[120/1120]	[L1: 0.0320]	3.8+0.0s
[160/1120]	[L1: 0.0324]	3.9+0.0s
[200/1120]	[L1: 0.0318]	3.6+0.1s
[240/1120]	[L1: 0.0309]	3.2+0.0s
[280/1120]	[L1: 0.0302]	4.0+0.0s
[320/1120]	[L1: 0.0306]	4.1+0.0s
[360/1120]	[L1: 0.0304]	3.5+0.0s
[400/1120]	[L1: 0.0301]	3.8+0.0s
[440/1120]	[L1: 0.0297]	4.1+0.0s
[480/1120]	[L1: 0.0297]	3.3+0.0s
[520/1120]	[L1: 0.0296]	4.0+0.0s
[560/1120]	[L1: 0.0296]	4.5+0.0s
[600/1120]	[L1: 0.0295]	4.0+0.0s
[640/1120]	[L1: 0.0294]	3.8+0.0s
[680/1120]	[L1: 0.0294]	3.6+0.0s
[720/1120]	[L1: 0.0295]	3.4+0.0s
[760/1120]	[L1: 0.0296]	3.0+0.0s
[800/1120]	[L1: 0.0296]	2.2+0.0s
[840/1120]	[L1: 0.0296]	2.2+0.0s
[880/1120]	[L1: 0.0297]	2.3+0.0s
[920/1120]	[L1: 0.0297]	2.3+0.0s
[960/1120]	[L1: 0.0298]	2.3+0.0s
[1000/1120]	[L1: 0.0299]	2.5+0.0s
[1040/1120]	[L1: 0.0301]	2.3+0.0s
[1080/1120]	[L1: 0.0301]	2.3+0.0s
[1120/1120]	[L1: 0.0302]	2.2+0.0s

Evaluation:
[RSSCN7 x4]	psnr: 27.764 (Best: 27.776 @epoch 492)
Total time: 7.30s

[Epoch 498]	Learning rate: 5.00e-5
[40/1120]	[L1: 0.0287]	2.8+0.0s
[80/1120]	[L1: 0.0301]	2.8+0.0s
[120/1120]	[L1: 0.0303]	2.3+0.0s
[160/1120]	[L1: 0.0307]	2.4+0.0s
[200/1120]	[L1: 0.0300]	2.3+0.0s
[240/1120]	[L1: 0.0301]	2.3+0.0s
[280/1120]	[L1: 0.0297]	2.2+0.0s
[320/1120]	[L1: 0.0295]	2.4+0.0s
[360/1120]	[L1: 0.0294]	2.3+0.0s
[400/1120]	[L1: 0.0293]	2.4+0.0s
[440/1120]	[L1: 0.0291]	2.3+0.0s
[480/1120]	[L1: 0.0290]	2.4+0.0s
[520/1120]	[L1: 0.0292]	2.3+0.0s
[560/1120]	[L1: 0.0294]	2.3+0.0s
[600/1120]	[L1: 0.0295]	2.4+0.0s
[640/1120]	[L1: 0.0296]	2.3+0.0s
[680/1120]	[L1: 0.0298]	2.5+0.0s
[720/1120]	[L1: 0.0301]	2.3+0.0s
[760/1120]	[L1: 0.0301]	3.2+0.0s
[800/1120]	[L1: 0.0301]	4.8+0.0s
[840/1120]	[L1: 0.0301]	4.3+0.0s
[880/1120]	[L1: 0.0300]	3.5+0.0s
[920/1120]	[L1: 0.0299]	3.7+0.0s
[960/1120]	[L1: 0.0299]	4.1+0.0s
[1000/1120]	[L1: 0.0300]	3.7+0.0s
[1040/1120]	[L1: 0.0300]	3.5+0.0s
[1080/1120]	[L1: 0.0301]	3.6+0.0s
[1120/1120]	[L1: 0.0301]	3.4+0.0s

Evaluation:
[RSSCN7 x4]	psnr: 27.768 (Best: 27.776 @epoch 492)
Total time: 9.53s

[Epoch 499]	Learning rate: 5.00e-5
[40/1120]	[L1: 0.0294]	3.9+0.0s
[80/1120]	[L1: 0.0320]	3.2+0.0s
[120/1120]	[L1: 0.0322]	3.3+0.0s
[160/1120]	[L1: 0.0309]	3.3+0.0s
[200/1120]	[L1: 0.0304]	3.6+0.0s
[240/1120]	[L1: 0.0306]	3.7+0.0s
[280/1120]	[L1: 0.0310]	3.5+0.0s
[320/1120]	[L1: 0.0308]	3.3+0.0s
[360/1120]	[L1: 0.0310]	3.2+0.0s
[400/1120]	[L1: 0.0308]	3.3+0.0s
[440/1120]	[L1: 0.0309]	3.4+0.0s
[480/1120]	[L1: 0.0310]	3.4+0.0s
[520/1120]	[L1: 0.0305]	3.6+0.0s
[560/1120]	[L1: 0.0306]	2.4+0.0s
[600/1120]	[L1: 0.0305]	2.3+0.0s
[640/1120]	[L1: 0.0303]	2.3+0.0s
[680/1120]	[L1: 0.0304]	2.3+0.0s
[720/1120]	[L1: 0.0306]	2.2+0.0s
[760/1120]	[L1: 0.0306]	2.3+0.0s
[800/1120]	[L1: 0.0306]	2.3+0.0s
[840/1120]	[L1: 0.0305]	2.2+0.0s
[880/1120]	[L1: 0.0304]	2.2+0.0s
[920/1120]	[L1: 0.0304]	2.2+0.0s
[960/1120]	[L1: 0.0304]	2.2+0.0s
[1000/1120]	[L1: 0.0304]	2.3+0.0s
[1040/1120]	[L1: 0.0303]	2.3+0.0s
[1080/1120]	[L1: 0.0301]	2.2+0.0s
[1120/1120]	[L1: 0.0301]	2.2+0.0s

Evaluation:
[RSSCN7 x4]	psnr: 27.753 (Best: 27.776 @epoch 492)
Total time: 7.28s

[Epoch 500]	Learning rate: 5.00e-5
[40/1120]	[L1: 0.0317]	2.5+0.0s
[80/1120]	[L1: 0.0320]	2.3+0.0s
[120/1120]	[L1: 0.0299]	2.4+0.0s
[160/1120]	[L1: 0.0301]	2.3+0.0s
[200/1120]	[L1: 0.0299]	2.4+0.0s
[240/1120]	[L1: 0.0302]	2.2+0.0s
[280/1120]	[L1: 0.0300]	2.3+0.0s
[320/1120]	[L1: 0.0297]	2.3+0.0s
[360/1120]	[L1: 0.0290]	2.3+0.0s
[400/1120]	[L1: 0.0295]	2.3+0.0s
[440/1120]	[L1: 0.0293]	2.2+0.0s
[480/1120]	[L1: 0.0295]	2.2+0.0s
[520/1120]	[L1: 0.0292]	2.2+0.0s
[560/1120]	[L1: 0.0295]	2.8+0.0s
[600/1120]	[L1: 0.0292]	4.0+0.0s
[640/1120]	[L1: 0.0294]	3.5+0.0s
[680/1120]	[L1: 0.0293]	3.3+0.0s
[720/1120]	[L1: 0.0294]	3.3+0.0s
[760/1120]	[L1: 0.0296]	3.4+0.0s
[800/1120]	[L1: 0.0297]	3.7+0.0s
[840/1120]	[L1: 0.0297]	3.8+0.0s
[880/1120]	[L1: 0.0297]	3.6+0.0s
[920/1120]	[L1: 0.0298]	3.4+0.0s
[960/1120]	[L1: 0.0299]	3.8+0.0s
[1000/1120]	[L1: 0.0301]	4.0+0.0s
[1040/1120]	[L1: 0.0301]	3.6+0.0s
[1080/1120]	[L1: 0.0300]	3.7+0.0s
[1120/1120]	[L1: 0.0301]	3.6+0.0s
Saved epoch checkpoint at epoch 500

Evaluation:
[RSSCN7 x4]	psnr: 27.741 (Best: 27.776 @epoch 492)
Total time: 9.37s

✅ Training completed!

libgomp: Invalid value for environment variable OMP_NUM_THREADS: 0
/root/miniconda3/envs/transenet-pren/lib/python3.8/site-packages/timm/models/layers/__init__.py:49: FutureWarning: Importing from timm.models.layers is deprecated, please import via timm.layers
  warnings.warn(f"Importing from {__name__} is deprecated, please import via timm.layers", FutureWarning)
OMP: Warning #80: OMP_NUM_THREADS="0": value too small.
OMP: Info #104: OMP_NUM_THREADS value "1" will be used.
